Component: ARM Compiler 5.06 update 5 (build 528) Tool: armlink [4d35e2]

==============================================================================

Section Cross References

    startup_stm32f411xe.o(STACK) refers (Special) to heapauxi.o(.text) for __use_two_region_memory
    startup_stm32f411xe.o(HEAP) refers (Special) to heapauxi.o(.text) for __use_two_region_memory
    startup_stm32f411xe.o(RESET) refers (Special) to heapauxi.o(.text) for __use_two_region_memory
    startup_stm32f411xe.o(RESET) refers to startup_stm32f411xe.o(STACK) for __initial_sp
    startup_stm32f411xe.o(RESET) refers to startup_stm32f411xe.o(.text) for Reset_Handler
    startup_stm32f411xe.o(RESET) refers to stm32f4xx_it.o(i.NMI_Handler) for NMI_Handler
    startup_stm32f411xe.o(RESET) refers to stm32f4xx_it.o(i.HardFault_Handler) for HardFault_Handler
    startup_stm32f411xe.o(RESET) refers to stm32f4xx_it.o(i.MemManage_Handler) for MemManage_Handler
    startup_stm32f411xe.o(RESET) refers to stm32f4xx_it.o(i.BusFault_Handler) for BusFault_Handler
    startup_stm32f411xe.o(RESET) refers to stm32f4xx_it.o(i.UsageFault_Handler) for UsageFault_Handler
    startup_stm32f411xe.o(RESET) refers to stm32f4xx_it.o(i.SVC_Handler) for SVC_Handler
    startup_stm32f411xe.o(RESET) refers to stm32f4xx_it.o(i.DebugMon_Handler) for DebugMon_Handler
    startup_stm32f411xe.o(RESET) refers to stm32f4xx_it.o(i.PendSV_Handler) for PendSV_Handler
    startup_stm32f411xe.o(RESET) refers to stm32f4xx_it.o(i.SysTick_Handler) for SysTick_Handler
    startup_stm32f411xe.o(RESET) refers to stm32f4xx_it.o(i.OTG_FS_IRQHandler) for OTG_FS_IRQHandler
    startup_stm32f411xe.o(.text) refers (Special) to heapauxi.o(.text) for __use_two_region_memory
    startup_stm32f411xe.o(.text) refers to system_stm32f4xx.o(i.SystemInit) for SystemInit
    startup_stm32f411xe.o(.text) refers to __main.o(!!!main) for __main
    startup_stm32f411xe.o(.text) refers to startup_stm32f411xe.o(HEAP) for Heap_Mem
    startup_stm32f411xe.o(.text) refers to startup_stm32f411xe.o(STACK) for Stack_Mem
    main.o(i.SystemClock_Config) refers to rt_memclr_w.o(.text) for __aeabi_memclr4
    main.o(i.SystemClock_Config) refers to stm32f4xx_hal_rcc.o(i.HAL_RCC_OscConfig) for HAL_RCC_OscConfig
    main.o(i.SystemClock_Config) refers to stm32f4xx_hal_rcc.o(i.HAL_RCC_ClockConfig) for HAL_RCC_ClockConfig
    main.o(i.main) refers to stm32f4xx_hal.o(i.HAL_Init) for HAL_Init
    main.o(i.main) refers to main.o(i.SystemClock_Config) for SystemClock_Config
    main.o(i.main) refers to gpio.o(i.MX_GPIO_Init) for MX_GPIO_Init
    main.o(i.main) refers to usb_device.o(i.MX_USB_DEVICE_Init) for MX_USB_DEVICE_Init
    gpio.o(i.MX_GPIO_Init) refers to rt_memclr_w.o(.text) for __aeabi_memclr4
    gpio.o(i.MX_GPIO_Init) refers to stm32f4xx_hal_gpio.o(i.HAL_GPIO_WritePin) for HAL_GPIO_WritePin
    gpio.o(i.MX_GPIO_Init) refers to stm32f4xx_hal_gpio.o(i.HAL_GPIO_Init) for HAL_GPIO_Init
    stm32f4xx_it.o(i.OTG_FS_IRQHandler) refers to stm32f4xx_hal_pcd.o(i.HAL_PCD_IRQHandler) for HAL_PCD_IRQHandler
    stm32f4xx_it.o(i.OTG_FS_IRQHandler) refers to usbd_conf.o(.bss) for hpcd_USB_OTG_FS
    stm32f4xx_it.o(i.SysTick_Handler) refers to stm32f4xx_hal.o(i.HAL_IncTick) for HAL_IncTick
    usb_device.o(i.MX_USB_DEVICE_Init) refers to usbd_core.o(i.USBD_Init) for USBD_Init
    usb_device.o(i.MX_USB_DEVICE_Init) refers to main.o(i.Error_Handler) for Error_Handler
    usb_device.o(i.MX_USB_DEVICE_Init) refers to usbd_core.o(i.USBD_RegisterClass) for USBD_RegisterClass
    usb_device.o(i.MX_USB_DEVICE_Init) refers to usbd_core.o(i.USBD_Start) for USBD_Start
    usb_device.o(i.MX_USB_DEVICE_Init) refers to usbd_desc.o(.data) for FS_Desc
    usb_device.o(i.MX_USB_DEVICE_Init) refers to usb_device.o(.bss) for .bss
    usb_device.o(i.MX_USB_DEVICE_Init) refers to usbd_hid.o(.data) for USBD_HID
    usbd_desc.o(i.USBD_FS_ConfigStrDescriptor) refers to usbd_ctlreq.o(i.USBD_GetString) for USBD_GetString
    usbd_desc.o(i.USBD_FS_ConfigStrDescriptor) refers to usbd_desc.o(.bss) for .bss
    usbd_desc.o(i.USBD_FS_DeviceDescriptor) refers to usbd_desc.o(.data) for .data
    usbd_desc.o(i.USBD_FS_InterfaceStrDescriptor) refers to usbd_ctlreq.o(i.USBD_GetString) for USBD_GetString
    usbd_desc.o(i.USBD_FS_InterfaceStrDescriptor) refers to usbd_desc.o(.bss) for .bss
    usbd_desc.o(i.USBD_FS_LangIDStrDescriptor) refers to usbd_desc.o(.data) for .data
    usbd_desc.o(i.USBD_FS_ManufacturerStrDescriptor) refers to usbd_ctlreq.o(i.USBD_GetString) for USBD_GetString
    usbd_desc.o(i.USBD_FS_ManufacturerStrDescriptor) refers to usbd_desc.o(.bss) for .bss
    usbd_desc.o(i.USBD_FS_ProductStrDescriptor) refers to usbd_ctlreq.o(i.USBD_GetString) for USBD_GetString
    usbd_desc.o(i.USBD_FS_ProductStrDescriptor) refers to usbd_desc.o(.bss) for .bss
    usbd_desc.o(i.USBD_FS_SerialStrDescriptor) refers to usbd_desc.o(i.IntToUnicode) for IntToUnicode
    usbd_desc.o(i.USBD_FS_SerialStrDescriptor) refers to usbd_desc.o(.data) for .data
[...]
    !!handler_zi                             0x080001f0   Section       28  __scatter_zi.o(!!handler_zi)
    .ARM.Collect$$libinit$$00000000          0x0800020c   Section        2  libinit.o(.ARM.Collect$$libinit$$00000000)
    .ARM.Collect$$libinit$$00000001          0x0800020e   Section        4  libinit2.o(.ARM.Collect$$libinit$$00000001)
    .ARM.Collect$$libinit$$00000004          0x08000212   Section        0  libinit2.o(.ARM.Collect$$libinit$$00000004)
    .ARM.Collect$$libinit$$0000000A          0x08000212   Section        0  libinit2.o(.ARM.Collect$$libinit$$0000000A)
    .ARM.Collect$$libinit$$0000000C          0x08000212   Section        0  libinit2.o(.ARM.Collect$$libinit$$0000000C)
    .ARM.Collect$$libinit$$0000000E          0x08000212   Section        0  libinit2.o(.ARM.Collect$$libinit$$0000000E)
    .ARM.Collect$$libinit$$00000011          0x08000212   Section        0  libinit2.o(.ARM.Collect$$libinit$$00000011)
    .ARM.Collect$$libinit$$00000013          0x08000212   Section        0  libinit2.o(.ARM.Collect$$libinit$$00000013)
    .ARM.Collect$$libinit$$00000015          0x08000212   Section        0  libinit2.o(.ARM.Collect$$libinit$$00000015)
    .ARM.Collect$$libinit$$00000017          0x08000212   Section        0  libinit2.o(.ARM.Collect$$libinit$$00000017)
    .ARM.Collect$$libinit$$00000019          0x08000212   Section        0  libinit2.o(.ARM.Collect$$libinit$$00000019)
    .ARM.Collect$$libinit$$0000001B          0x08000212   Section        0  libinit2.o(.ARM.Collect$$libinit$$0000001B)
    .ARM.Collect$$libinit$$0000001D          0x08000212   Section        0  libinit2.o(.ARM.Collect$$libinit$$0000001D)
    .ARM.Collect$$libinit$$0000001F          0x08000212   Section        0  libinit2.o(.ARM.Collect$$libinit$$0000001F)
    .ARM.Collect$$libinit$$00000021          0x08000212   Section        0  libinit2.o(.ARM.Collect$$libinit$$00000021)
    .ARM.Collect$$libinit$$00000023          0x08000212   Section        0  libinit2.o(.ARM.Collect$$libinit$$00000023)
    .ARM.Collect$$libinit$$00000025          0x08000212   Section        0  libinit2.o(.ARM.Collect$$libinit$$00000025)
    .ARM.Collect$$libinit$$0000002C          0x08000212   Section        0  libinit2.o(.ARM.Collect$$libinit$$0000002C)
    .ARM.Collect$$libinit$$0000002E          0x08000212   Section        0  libinit2.o(.ARM.Collect$$libinit$$0000002E)
    .ARM.Collect$$libinit$$00000030          0x08000212   Section        0  libinit2.o(.ARM.Collect$$libinit$$00000030)
    .ARM.Collect$$libinit$$00000032          0x08000212   Section        0  libinit2.o(.ARM.Collect$$libinit$$00000032)
    .ARM.Collect$$libinit$$00000033          0x08000212   Section        2  libinit2.o(.ARM.Collect$$libinit$$00000033)
    .ARM.Collect$$libshutdown$$00000000      0x08000214   Section        2  libshutdown.o(.ARM.Collect$$libshutdown$$00000000)
    .ARM.Collect$$libshutdown$$00000002      0x08000216   Section        0  libshutdown2.o(.ARM.Collect$$libshutdown$$00000002)
    .ARM.Collect$$libshutdown$$00000004      0x08000216   Section        0  libshutdown2.o(.ARM.Collect$$libshutdown$$00000004)
    .ARM.Collect$$libshutdown$$00000007      0x08000216   Section        0  libshutdown2.o(.ARM.Collect$$libshutdown$$00000007)
    .ARM.Collect$$libshutdown$$0000000A      0x08000216   Section        0  libshutdown2.o(.ARM.Collect$$libshutdown$$0000000A)
    .ARM.Collect$$libshutdown$$0000000C      0x08000216   Section        0  libshutdown2.o(.ARM.Collect$$libshutdown$$0000000C)
    .ARM.Collect$$libshutdown$$0000000F      0x08000216   Section        0  libshutdown2.o(.ARM.Collect$$libshutdown$$0000000F)
    .ARM.Collect$$libshutdown$$00000010      0x08000216   Section        2  libshutdown2.o(.ARM.Collect$$libshutdown$$00000010)
    .ARM.Collect$$rtentry$$00000000          0x08000218   Section        0  __rtentry.o(.ARM.Collect$$rtentry$$00000000)
    .ARM.Collect$$rtentry$$00000002          0x08000218   Section        0  __rtentry2.o(.ARM.Collect$$rtentry$$00000002)
    .ARM.Collect$$rtentry$$00000004          0x08000218   Section        6  __rtentry4.o(.ARM.Collect$$rtentry$$00000004)
    .ARM.Collect$$rtentry$$00000009          0x0800021e   Section        0  __rtentry2.o(.ARM.Collect$$rtentry$$00000009)
    .ARM.Collect$$rtentry$$0000000A          0x0800021e   Section        4  __rtentry2.o(.ARM.Collect$$rtentry$$0000000A)
    .ARM.Collect$$rtentry$$0000000C          0x08000222   Section        0  __rtentry2.o(.ARM.Collect$$rtentry$$0000000C)
    .ARM.Collect$$rtentry$$0000000D          0x08000222   Section        8  __rtentry2.o(.ARM.Collect$$rtentry$$0000000D)
    .ARM.Collect$$rtexit$$00000000           0x0800022a   Section        2  rtexit.o(.ARM.Collect$$rtexit$$00000000)
    .ARM.Collect$$rtexit$$00000002           0x0800022c   Section        0  rtexit2.o(.ARM.Collect$$rtexit$$00000002)
    .ARM.Collect$$rtexit$$00000003           0x0800022c   Section        4  rtexit2.o(.ARM.Collect$$rtexit$$00000003)
    .ARM.Collect$$rtexit$$00000004           0x08000230   Section        6  rtexit2.o(.ARM.Collect$$rtexit$$00000004)
    .text                                    0x08000238   Section       64  startup_stm32f411xe.o(.text)
    $v0                                      0x08000238   Number         0  startup_stm32f411xe.o(.text)
    .text                                    0x08000278   Section      238  lludivv7m.o(.text)
    .text                                    0x08000366   Section      100  rt_memcpy_w.o(.text)
    .text                                    0x080003ca   Section       78  rt_memclr_w.o(.text)
    .text                                    0x08000418   Section        0  heapauxi.o(.text)
    .text                                    0x0800041e   Section       74  sys_stackheap_outer.o(.text)
    .text                                    0x08000468   Section        0  exit.o(.text)
    .text                                    0x0800047c   Section        8  libspace.o(.text)
    .text                                    0x08000484   Section        0  sys_exit.o(.text)
    .text                                    0x08000490   Section        2  use_no_semi.o(.text)
    .text                                    0x08000492   Section        0  indicate_semi.o(.text)
    i.BusFault_Handler                       0x08000492   Section        0  stm32f4xx_it.o(i.BusFault_Handler)
    i.DebugMon_Handler                       0x08000494   Section        0  stm32f4xx_it.o(i.DebugMon_Handler)
    i.Error_Handler                          0x08000496   Section        0  main.o(i.Error_Handler)
    i.HAL_Delay                              0x0800049c   Section        0  stm32f4xx_hal.o(i.HAL_Delay)
    i.HAL_GPIO_Init                          0x080004c0   Section        0  stm32f4xx_hal_gpio.o(i.HAL_GPIO_Init)
    i.HAL_GPIO_WritePin                      0x080006a0   Section        0  stm32f4xx_hal_gpio.o(i.HAL_GPIO_WritePin)
    i.HAL_GetTick                            0x080006ac   Section        0  stm32f4xx_hal.o(i.HAL_GetTick)
    i.HAL_IncTick                            0x080006b8   Section        0  stm32f4xx_hal.o(i.HAL_IncTick)
    i.HAL_Init                               0x080006c8   Section        0  stm32f4xx_hal.o(i.HAL_Init)
    i.HAL_InitTick                           0x080006fc   Section        0  stm32f4xx_hal.o(i.HAL_InitTick)
    i.HAL_MspInit                            0x0800073c   Section        0  stm32f4xx_hal_msp.o(i.HAL_MspInit)
    i.HAL_NVIC_EnableIRQ                     0x0800076c   Section        0  stm32f4xx_hal_cortex.o(i.HAL_NVIC_EnableIRQ)
    i.HAL_NVIC_SetPriority                   0x08000788   Section        0  stm32f4xx_hal_cortex.o(i.HAL_NVIC_SetPriority)
    i.HAL_NVIC_SetPriorityGrouping           0x080007c8   Section        0  stm32f4xx_hal_cortex.o(i.HAL_NVIC_SetPriorityGrouping)
    i.HAL_PCDEx_LPM_Callback                 0x080007ec   Section        0  stm32f4xx_hal_pcd_ex.o(i.HAL_PCDEx_LPM_Callback)
    i.HAL_PCDEx_SetRxFiFo                    0x080007ee   Section        0  stm32f4xx_hal_pcd_ex.o(i.HAL_PCDEx_SetRxFiFo)
    i.HAL_PCDEx_SetTxFiFo                    0x080007f6   Section        0  stm32f4xx_hal_pcd_ex.o(i.HAL_PCDEx_SetTxFiFo)
    i.HAL_PCD_ConnectCallback                0x0800083a   Section        0  usbd_conf.o(i.HAL_PCD_ConnectCallback)
    i.HAL_PCD_DataInStageCallback            0x08000842   Section        0  usbd_conf.o(i.HAL_PCD_DataInStageCallback)
    i.HAL_PCD_DataOutStageCallback           0x08000854   Section        0  usbd_conf.o(i.HAL_PCD_DataOutStageCallback)
    i.HAL_PCD_DisconnectCallback             0x08000868   Section        0  usbd_conf.o(i.HAL_PCD_DisconnectCallback)
    i.HAL_PCD_EP_Abort                       0x08000870   Section        0  stm32f4xx_hal_pcd.o(i.HAL_PCD_EP_Abort)
    i.HAL_PCD_EP_Close                       0x0800088e   Section        0  stm32f4xx_hal_pcd.o(i.HAL_PCD_EP_Close)
    i.HAL_PCD_EP_ClrStall                    0x080008da   Section        0  stm32f4xx_hal_pcd.o(i.HAL_PCD_EP_ClrStall)
    i.HAL_PCD_EP_Open                        0x08000936   Section        0  stm32f4xx_hal_pcd.o(i.HAL_PCD_EP_Open)
    i.HAL_PCD_EP_Receive                     0x08000996   Section        0  stm32f4xx_hal_pcd.o(i.HAL_PCD_EP_Receive)
    i.HAL_PCD_EP_SetStall                    0x080009de   Section        0  stm32f4xx_hal_pcd.o(i.HAL_PCD_EP_SetStall)
    i.HAL_PCD_EP_Transmit                    0x08000a52   Section        0  stm32f4xx_hal_pcd.o(i.HAL_PCD_EP_Transmit)
    i.HAL_PCD_IRQHandler                     0x08000a94   Section        0  stm32f4xx_hal_pcd.o(i.HAL_PCD_IRQHandler)
    i.HAL_PCD_ISOINIncompleteCallback        0x08000ff4   Section        0  usbd_conf.o(i.HAL_PCD_ISOINIncompleteCallback)
    i.HAL_PCD_ISOOUTIncompleteCallback       0x08000ffc   Section        0  usbd_conf.o(i.HAL_PCD_ISOOUTIncompleteCallback)
    i.HAL_PCD_Init                           0x08001004   Section        0  stm32f4xx_hal_pcd.o(i.HAL_PCD_Init)
    i.HAL_PCD_MspInit                        0x080010e8   Section        0  usbd_conf.o(i.HAL_PCD_MspInit)
    i.HAL_PCD_ResetCallback                  0x0800116c   Section        0  usbd_conf.o(i.HAL_PCD_ResetCallback)
    i.HAL_PCD_ResumeCallback                 0x08001192   Section        0  usbd_conf.o(i.HAL_PCD_ResumeCallback)
    i.HAL_PCD_SOFCallback                    0x0800119a   Section        0  usbd_conf.o(i.HAL_PCD_SOFCallback)
    i.HAL_PCD_SetAddress                     0x080011a2   Section        0  stm32f4xx_hal_pcd.o(i.HAL_PCD_SetAddress)
    i.HAL_PCD_SetupStageCallback             0x080011ca   Section        0  usbd_conf.o(i.HAL_PCD_SetupStageCallback)
    i.HAL_PCD_Start                          0x080011d8   Section        0  stm32f4xx_hal_pcd.o(i.HAL_PCD_Start)
    i.HAL_PCD_SuspendCallback                0x0800121c   Section        0  usbd_conf.o(i.HAL_PCD_SuspendCallback)
    i.HAL_RCC_ClockConfig                    0x0800124c   Section        0  stm32f4xx_hal_rcc.o(i.HAL_RCC_ClockConfig)
    i.HAL_RCC_GetHCLKFreq                    0x08001380   Section        0  stm32f4xx_hal_rcc.o(i.HAL_RCC_GetHCLKFreq)
    i.HAL_RCC_GetSysClockFreq                0x0800138c   Section        0  stm32f4xx_hal_rcc.o(i.HAL_RCC_GetSysClockFreq)
    i.HAL_RCC_OscConfig                      0x080013f0   Section        0  stm32f4xx_hal_rcc.o(i.HAL_RCC_OscConfig)
    i.HAL_SYSTICK_Config                     0x0800175c   Section        0  stm32f4xx_hal_cortex.o(i.HAL_SYSTICK_Config)
    i.HardFault_Handler                      0x08001784   Section        0  stm32f4xx_it.o(i.HardFault_Handler)
    i.IntToUnicode                           0x08001788   Section        0  usbd_desc.o(i.IntToUnicode)
    IntToUnicode                             0x08001789   Thumb Code    56  usbd_desc.o(i.IntToUnicode)
    i.MX_GPIO_Init                           0x080017c0   Section        0  gpio.o(i.MX_GPIO_Init)
    i.MX_USB_DEVICE_Init                     0x0800181c   Section        0  usb_device.o(i.MX_USB_DEVICE_Init)
    i.MemManage_Handler                      0x0800185c   Section        0  stm32f4xx_it.o(i.MemManage_Handler)
    i.NMI_Handler                            0x0800185e   Section        0  stm32f4xx_it.o(i.NMI_Handler)
    i.OTG_FS_IRQHandler                      0x08001860   Section        0  stm32f4xx_it.o(i.OTG_FS_IRQHandler)
    i.PCD_EP_OutXfrComplete_int              0x0800186c   Section        0  stm32f4xx_hal_pcd.o(i.PCD_EP_OutXfrComplete_int)
    PCD_EP_OutXfrComplete_int                0x0800186d   Thumb Code   196  stm32f4xx_hal_pcd.o(i.PCD_EP_OutXfrComplete_int)
    i.PCD_WriteEmptyTxFifo                   0x08001938   Section        0  stm32f4xx_hal_pcd.o(i.PCD_WriteEmptyTxFifo)
    PCD_WriteEmptyTxFifo                     0x08001939   Thumb Code   162  stm32f4xx_hal_pcd.o(i.PCD_WriteEmptyTxFifo)
    i.PendSV_Handler                         0x080019da   Section        0  stm32f4xx_it.o(i.PendSV_Handler)
    i.SVC_Handler                            0x080019dc   Section        0  stm32f4xx_it.o(i.SVC_Handler)
    i.SWAPBYTE                               0x080019de   Section        0  usbd_ctlreq.o(i.SWAPBYTE)
    SWAPBYTE                                 0x080019df   Thumb Code    10  usbd_ctlreq.o(i.SWAPBYTE)
    i.SysTick_Handler                        0x080019e8   Section        0  stm32f4xx_it.o(i.SysTick_Handler)
    i.SystemClock_Config                     0x080019ec   Section        0  main.o(i.SystemClock_Config)
    i.SystemInit                             0x08001a7c   Section        0  system_stm32f4xx.o(i.SystemInit)
    i.USBD_ClrClassConfig                    0x08001a8c   Section        0  usbd_core.o(i.USBD_ClrClassConfig)
    i.USBD_CoreFindEP                        0x08001aa0   Section        0  usbd_core.o(i.USBD_CoreFindEP)
    i.USBD_CoreFindIF                        0x08001aa4   Section        0  usbd_core.o(i.USBD_CoreFindIF)
    i.USBD_CtlContinueRx                     0x08001aa8   Section        0  usbd_ioreq.o(i.USBD_CtlContinueRx)
    i.USBD_CtlContinueSendData               0x08001ab8   Section        0  usbd_ioreq.o(i.USBD_CtlContinueSendData)
    i.USBD_CtlError                          0x08001ac8   Section        0  usbd_ctlreq.o(i.USBD_CtlError)
    i.USBD_CtlReceiveStatus                  0x08001ade   Section        0  usbd_ioreq.o(i.USBD_CtlReceiveStatus)
    i.USBD_CtlSendData                       0x08001af4   Section        0  usbd_ioreq.o(i.USBD_CtlSendData)
    i.USBD_CtlSendStatus                     0x08001b0e   Section        0  usbd_ioreq.o(i.USBD_CtlSendStatus)
    i.USBD_FS_ConfigStrDescriptor            0x08001b24   Section        0  usbd_desc.o(i.USBD_FS_ConfigStrDescriptor)
    i.USBD_FS_DeviceDescriptor               0x08001b44   Section        0  usbd_desc.o(i.USBD_FS_DeviceDescriptor)
    i.USBD_FS_InterfaceStrDescriptor         0x08001b50   Section        0  usbd_desc.o(i.USBD_FS_InterfaceStrDescriptor)
    i.USBD_FS_LangIDStrDescriptor            0x08001b74   Section        0  usbd_desc.o(i.USBD_FS_LangIDStrDescriptor)
    i.USBD_FS_ManufacturerStrDescriptor      0x08001b80   Section        0  usbd_desc.o(i.USBD_FS_ManufacturerStrDescriptor)
    i.USBD_FS_ProductStrDescriptor           0x08001ba8   Section        0  usbd_desc.o(i.USBD_FS_ProductStrDescriptor)
    i.USBD_FS_SerialStrDescriptor            0x08001bd4   Section        0  usbd_desc.o(i.USBD_FS_SerialStrDescriptor)
    i.USBD_GetDescriptor                     0x08001c0c   Section        0  usbd_ctlreq.o(i.USBD_GetDescriptor)
    USBD_GetDescriptor                       0x08001c0d   Thumb Code   230  usbd_ctlreq.o(i.USBD_GetDescriptor)
    i.USBD_GetEpDesc                         0x08001cf2   Section        0  usbd_core.o(i.USBD_GetEpDesc)
    i.USBD_GetNextDesc                       0x08001d2c   Section        0  usbd_core.o(i.USBD_GetNextDesc)
    i.USBD_GetString                         0x08001d3a   Section        0  usbd_ctlreq.o(i.USBD_GetString)
    i.USBD_Get_USB_Status                    0x08001d82   Section        0  usbd_conf.o(i.USBD_Get_USB_Status)
    i.USBD_HID_DataIn                        0x08001d9a   Section        0  usbd_hid.o(i.USBD_HID_DataIn)
    USBD_HID_DataIn                          0x08001d9b   Thumb Code    20  usbd_hid.o(i.USBD_HID_DataIn)
    i.USBD_HID_DeInit                        0x08001db0   Section        0  usbd_hid.o(i.USBD_HID_DeInit)
    USBD_HID_DeInit                          0x08001db1   Thumb Code    66  usbd_hid.o(i.USBD_HID_DeInit)
    i.USBD_HID_GetDeviceQualifierDesc        0x08001df8   Section        0  usbd_hid.o(i.USBD_HID_GetDeviceQualifierDesc)
    USBD_HID_GetDeviceQualifierDesc          0x08001df9   Thumb Code     8  usbd_hid.o(i.USBD_HID_GetDeviceQualifierDesc)
    i.USBD_HID_GetFSCfgDesc                  0x08001e04   Section        0  usbd_hid.o(i.USBD_HID_GetFSCfgDesc)
    USBD_HID_GetFSCfgDesc                    0x08001e05   Thumb Code    26  usbd_hid.o(i.USBD_HID_GetFSCfgDesc)
    i.USBD_HID_GetHSCfgDesc                  0x08001e24   Section        0  usbd_hid.o(i.USBD_HID_GetHSCfgDesc)
    USBD_HID_GetHSCfgDesc                    0x08001e25   Thumb Code    26  usbd_hid.o(i.USBD_HID_GetHSCfgDesc)
    i.USBD_HID_GetOtherSpeedCfgDesc          0x08001e44   Section        0  usbd_hid.o(i.USBD_HID_GetOtherSpeedCfgDesc)
    USBD_HID_GetOtherSpeedCfgDesc            0x08001e45   Thumb Code    26  usbd_hid.o(i.USBD_HID_GetOtherSpeedCfgDesc)
    i.USBD_HID_Init                          0x08001e64   Section        0  usbd_hid.o(i.USBD_HID_Init)
    USBD_HID_Init                            0x08001e65   Thumb Code   110  usbd_hid.o(i.USBD_HID_Init)
    i.USBD_HID_Setup                         0x08001ed8   Section        0  usbd_hid.o(i.USBD_HID_Setup)
    USBD_HID_Setup                           0x08001ed9   Thumb Code   218  usbd_hid.o(i.USBD_HID_Setup)
    i.USBD_Init                              0x08001fb8   Section        0  usbd_core.o(i.USBD_Init)
    i.USBD_LL_ClearStallEP                   0x08001fde   Section        0  usbd_conf.o(i.USBD_LL_ClearStallEP)
    i.USBD_LL_CloseEP                        0x08001ff0   Section        0  usbd_conf.o(i.USBD_LL_CloseEP)
    i.USBD_LL_DataInStage                    0x08002002   Section        0  usbd_core.o(i.USBD_LL_DataInStage)
    i.USBD_LL_DataOutStage                   0x080020b8   Section        0  usbd_core.o(i.USBD_LL_DataOutStage)
    i.USBD_LL_DevConnected                   0x08002146   Section        0  usbd_core.o(i.USBD_LL_DevConnected)
    i.USBD_LL_DevDisconnected                0x0800214a   Section        0  usbd_core.o(i.USBD_LL_DevDisconnected)
    i.USBD_LL_Init                           0x08002168   Section        0  usbd_conf.o(i.USBD_LL_Init)
    i.USBD_LL_IsStallEP                      0x080021c8   Section        0  usbd_conf.o(i.USBD_LL_IsStallEP)
    i.USBD_LL_IsoINIncomplete                0x080021e8   Section        0  usbd_core.o(i.USBD_LL_IsoINIncomplete)
    i.USBD_LL_IsoOUTIncomplete               0x08002210   Section        0  usbd_core.o(i.USBD_LL_IsoOUTIncomplete)
    i.USBD_LL_OpenEP                         0x08002238   Section        0  usbd_conf.o(i.USBD_LL_OpenEP)
    i.USBD_LL_PrepareReceive                 0x08002250   Section        0  usbd_conf.o(i.USBD_LL_PrepareReceive)
    i.USBD_LL_Reset                          0x08002262   Section        0  usbd_core.o(i.USBD_LL_Reset)
    i.USBD_LL_Resume                         0x080022be   Section        0  usbd_core.o(i.USBD_LL_Resume)
    i.USBD_LL_SOF                            0x080022d2   Section        0  usbd_core.o(i.USBD_LL_SOF)
    i.USBD_LL_SetSpeed                       0x080022ec   Section        0  usbd_core.o(i.USBD_LL_SetSpeed)
    i.USBD_LL_SetUSBAddress                  0x080022f2   Section        0  usbd_conf.o(i.USBD_LL_SetUSBAddress)
    i.USBD_LL_SetupStage                     0x08002304   Section        0  usbd_core.o(i.USBD_LL_SetupStage)
    i.USBD_LL_StallEP                        0x08002364   Section        0  usbd_conf.o(i.USBD_LL_StallEP)
    i.USBD_LL_Start                          0x08002376   Section        0  usbd_conf.o(i.USBD_LL_Start)
    i.USBD_LL_Suspend                        0x08002388   Section        0  usbd_core.o(i.USBD_LL_Suspend)
    i.USBD_LL_Transmit                       0x0800239a   Section        0  usbd_conf.o(i.USBD_LL_Transmit)
    i.USBD_ParseSetupRequest                 0x080023ac   Section        0  usbd_ctlreq.o(i.USBD_ParseSetupRequest)
    i.USBD_RegisterClass                     0x080023d8   Section        0  usbd_core.o(i.USBD_RegisterClass)
    i.USBD_SetClassConfig                    0x08002412   Section        0  usbd_core.o(i.USBD_SetClassConfig)
    i.USBD_SetConfig                         0x08002428   Section        0  usbd_ctlreq.o(i.USBD_SetConfig)
    USBD_SetConfig                           0x08002429   Thumb Code   180  usbd_ctlreq.o(i.USBD_SetConfig)
    i.USBD_Start                             0x080024e0   Section        0  usbd_core.o(i.USBD_Start)
    i.USBD_StdDevReq                         0x080024e4   Section        0  usbd_ctlreq.o(i.USBD_StdDevReq)
    i.USBD_StdEPReq                          0x08002610   Section        0  usbd_ctlreq.o(i.USBD_StdEPReq)
    i.USBD_StdItfReq                         0x08002770   Section        0  usbd_ctlreq.o(i.USBD_StdItfReq)
    i.USBD_static_free                       0x080027e2   Section        0  usbd_conf.o(i.USBD_static_free)
    i.USBD_static_malloc                     0x080027e4   Section        0  usbd_conf.o(i.USBD_static_malloc)
    i.USB_ActivateEndpoint                   0x080027ec   Section        0  stm32f4xx_ll_usb.o(i.USB_ActivateEndpoint)
    i.USB_ActivateSetup                      0x0800286c   Section        0  stm32f4xx_ll_usb.o(i.USB_ActivateSetup)
    i.USB_CoreInit                           0x08002888   Section        0  stm32f4xx_ll_usb.o(i.USB_CoreInit)
    i.USB_CoreReset                          0x080028fc   Section        0  stm32f4xx_ll_usb.o(i.USB_CoreReset)
    USB_CoreReset                            0x080028fd   Thumb Code    58  stm32f4xx_ll_usb.o(i.USB_CoreReset)
    i.USB_DeactivateEndpoint                 0x0800293c   Section        0  stm32f4xx_ll_usb.o(i.USB_DeactivateEndpoint)
    i.USB_DevConnect                         0x08002a08   Section        0  stm32f4xx_ll_usb.o(i.USB_DevConnect)
    i.USB_DevDisconnect                      0x08002a24   Section        0  stm32f4xx_ll_usb.o(i.USB_DevDisconnect)
    i.USB_DevInit                            0x08002a40   Section        0  stm32f4xx_ll_usb.o(i.USB_DevInit)
    i.USB_DisableGlobalInt                   0x08002bb4   Section        0  stm32f4xx_ll_usb.o(i.USB_DisableGlobalInt)
    i.USB_EP0StartXfer                       0x08002bc0   Section        0  stm32f4xx_ll_usb.o(i.USB_EP0StartXfer)
    i.USB_EP0_OutStart                       0x08002cdc   Section        0  stm32f4xx_ll_usb.o(i.USB_EP0_OutStart)
    i.USB_EPClearStall                       0x08002d34   Section        0  stm32f4xx_ll_usb.o(i.USB_EPClearStall)
    i.USB_EPSetStall                         0x08002d8c   Section        0  stm32f4xx_ll_usb.o(i.USB_EPSetStall)
    i.USB_EPStartXfer                        0x08002de4   Section        0  stm32f4xx_ll_usb.o(i.USB_EPStartXfer)
    i.USB_EPStopXfer                         0x08002fc8   Section        0  stm32f4xx_ll_usb.o(i.USB_EPStopXfer)
    i.USB_EnableGlobalInt                    0x08003066   Section        0  stm32f4xx_ll_usb.o(i.USB_EnableGlobalInt)
    i.USB_FlushRxFifo                        0x08003074   Section        0  stm32f4xx_ll_usb.o(i.USB_FlushRxFifo)
    i.USB_FlushTxFifo                        0x080030b0   Section        0  stm32f4xx_ll_usb.o(i.USB_FlushTxFifo)
    i.USB_GetDevSpeed                        0x080030f0   Section        0  stm32f4xx_ll_usb.o(i.USB_GetDevSpeed)
    i.USB_GetMode                            0x0800310a   Section        0  stm32f4xx_ll_usb.o(i.USB_GetMode)
    i.USB_ReadDevAllInEpInterrupt            0x08003112   Section        0  stm32f4xx_ll_usb.o(i.USB_ReadDevAllInEpInterrupt)
    i.USB_ReadDevAllOutEpInterrupt           0x08003120   Section        0  stm32f4xx_ll_usb.o(i.USB_ReadDevAllOutEpInterrupt)
    i.USB_ReadDevInEPInterrupt               0x0800312e   Section        0  stm32f4xx_ll_usb.o(i.USB_ReadDevInEPInterrupt)
    i.USB_ReadDevOutEPInterrupt              0x08003152   Section        0  stm32f4xx_ll_usb.o(i.USB_ReadDevOutEPInterrupt)
    i.USB_ReadInterrupts                     0x08003162   Section        0  stm32f4xx_ll_usb.o(i.USB_ReadInterrupts)
    i.USB_ReadPacket                         0x0800316a   Section        0  stm32f4xx_ll_usb.o(i.USB_ReadPacket)
    i.USB_SetCurrentMode                     0x080031a8   Section        0  stm32f4xx_ll_usb.o(i.USB_SetCurrentMode)
    i.USB_SetDevAddress                      0x08003204   Section        0  stm32f4xx_ll_usb.o(i.USB_SetDevAddress)
    i.USB_SetTurnaroundTime                  0x08003228   Section        0  stm32f4xx_ll_usb.o(i.USB_SetTurnaroundTime)
    i.USB_WritePacket                        0x08003310   Section        0  stm32f4xx_ll_usb.o(i.USB_WritePacket)
    i.UsageFault_Handler                     0x08003338   Section        0  stm32f4xx_it.o(i.UsageFault_Handler)
    i.__NVIC_SetPriority                     0x0800333a   Section        0  stm32f4xx_hal_cortex.o(i.__NVIC_SetPriority)
    __NVIC_SetPriority                       0x0800333b   Thumb Code    32  stm32f4xx_hal_cortex.o(i.__NVIC_SetPriority)
    i.main                                   0x0800335a   Section        0  main.o(i.main)
    x$fpl$fpinit                             0x0800336c   Section       10  fpinit.o(x$fpl$fpinit)
    $v0                                      0x0800336c   Number         0  fpinit.o(x$fpl$fpinit)
    .constdata                               0x08003376   Section       16  system_stm32f4xx.o(.constdata)
    .data                                    0x20000000   Section       28  usbd_desc.o(.data)
    .data                                    0x2000001c   Section       50  usbd_desc.o(.data)
    .data                                    0x20000050   Section       12  stm32f4xx_hal.o(.data)
    .data                                    0x2000005c   Section        4  system_stm32f4xx.o(.data)
    .data                                    0x20000060   Section        1  usbd_ctlreq.o(.data)
    cfgidx                                   0x20000060   Data           1  usbd_ctlreq.o(.data)
    .data                                    0x20000064   Section       56  usbd_hid.o(.data)
    .data                                    0x2000009c   Section      138  usbd_hid.o(.data)
    HIDInEpAdd                               0x2000009c   Data           1  usbd_hid.o(.data)
    USBD_HID_CfgDesc                         0x200000a0   Data          34  usbd_hid.o(.data)
    USBD_HID_Desc                            0x200000c4   Data           9  usbd_hid.o(.data)
    USBD_HID_DeviceQualifierDesc             0x200000d0   Data          10  usbd_hid.o(.data)
    HID_MOUSE_ReportDesc                     0x200000dc   Data          74  usbd_hid.o(.data)
    .bss                                     0x20000128   Section      732  usb_device.o(.bss)
    .bss                                     0x20000404   Section      512  usbd_desc.o(.bss)
    .bss                                     0x20000604   Section     1312  usbd_conf.o(.bss)
    mem                                      0x20000604   Data          20  usbd_conf.o(.bss)
    .bss                                     0x20000b24   Section       96  libspace.o(.bss)
    HEAP                                     0x20000b88   Section      512  startup_stm32f411xe.o(HEAP)
    Heap_Mem                                 0x20000b88   Data         512  startup_stm32f411xe.o(HEAP)
    STACK                                    0x20000d88   Section     2048  startup_stm32f411xe.o(STACK)
    Stack_Mem                                0x20000d88   Data        2048  startup_stm32f411xe.o(STACK)
    __initial_sp                             0x20001588   Data           0  startup_stm32f411xe.o(STACK)

    Global Symbols

    Symbol Name                              Value     Ov Type        Size  Object(Section)

    BuildAttributes$$THM_ISAv4$E$P$D$K$B$S$7EM$VFPi3$EXTD16$VFPS$VFMA$PE$A:L22UL41UL21$X:L11$S22US41US21$IEEE1$IW$USESV6$~STKCKD$USESV7$~SHL$OSPACE$ROPI$EBA8$UX$STANDARDLIB$REQ8$PRES8$EABIv2 0x00000000   Number         0  anon$$obj.o ABSOLUTE
    __ARM_use_no_argv                        0x00000000   Number         0  main.o ABSOLUTE
    __ARM_exceptions_init                     - Undefined Weak Reference
    __alloca_initialize                       - Undefined Weak Reference
    __arm_preinit_                            - Undefined Weak Reference
    __cpp_initialize__aeabi_                  - Undefined Weak Reference
    __cxa_finalize                            - Undefined Weak Reference
    __rt_locale                               - Undefined Weak Reference
    __sigvec_lookup                           - Undefined Weak Reference
    _atexit_init                              - Undefined Weak Reference
    _call_atexit_fns                          - Undefined Weak Reference
    _clock_init                               - Undefined Weak Reference
    _fp_trap_init                             - Undefined Weak Reference
    _fp_trap_shutdown                         - Undefined Weak Reference
    _get_lc_collate                           - Undefined Weak Reference
    _get_lc_ctype                             - Undefined Weak Reference
    _get_lc_monetary                          - Undefined Weak Reference
    _get_lc_numeric                           - Undefined Weak Reference
    _get_lc_time                              - Undefined Weak Reference
    _getenv_init                              - Undefined Weak Reference
    _handle_redirection                       - Undefined Weak Reference
    _init_alloc                               - Undefined Weak Reference
    _init_user_alloc                          - Undefined Weak Reference
    _initio                                   - Undefined Weak Reference
    _rand_init                                - Undefined Weak Reference
    _signal_finish                            - Undefined Weak Reference
    _signal_init                              - Undefined Weak Reference
    _terminate_alloc                          - Undefined Weak Reference
    _terminate_user_alloc                     - Undefined Weak Reference
    _terminateio                              - Undefined Weak Reference
    __Vectors_Size                           0x00000198   Number         0  startup_stm32f411xe.o ABSOLUTE
    __Vectors                                0x08000000   Data           4  startup_stm32f411xe.o(RESET)
    __Vectors_End                            0x08000198   Data           0  startup_stm32f411xe.o(RESET)
    __main                                   0x08000199   Thumb Code     8  __main.o(!!!main)
    __scatterload                            0x080001a1   Thumb Code     0  __scatter.o(!!!scatter)
    __scatterload_rt2                        0x080001a1   Thumb Code    44  __scatter.o(!!!scatter)
    __scatterload_rt2_thumb_only             0x080001a1   Thumb Code     0  __scatter.o(!!!scatter)
    __scatterload_null                       0x080001af   Thumb Code     0  __scatter.o(!!!scatter)
    __scatterload_copy                       0x080001d5   Thumb Code    26  __scatter_copy.o(!!handler_copy)
    __scatterload_zeroinit                   0x080001f1   Thumb Code    28  __scatter_zi.o(!!handler_zi)
    __rt_lib_init                            0x0800020d   Thumb Code     0  libinit.o(.ARM.Collect$$libinit$$00000000)
    __rt_lib_init_fp_1                       0x0800020f   Thumb Code     0  libinit2.o(.ARM.Collect$$libinit$$00000001)
    __rt_lib_init_alloca_1                   0x08000213   Thumb Code     0  libinit2.o(.ARM.Collect$$libinit$$0000002E)
    __rt_lib_init_argv_1                     0x08000213   Thumb Code     0  libinit2.o(.ARM.Collect$$libinit$$0000002C)
    __rt_lib_init_atexit_1                   0x08000213   Thumb Code     0  libinit2.o(.ARM.Collect$$libinit$$0000001B)
    __rt_lib_init_clock_1                    0x08000213   Thumb Code     0  libinit2.o(.ARM.Collect$$libinit$$00000021)
    __rt_lib_init_cpp_1                      0x08000213   Thumb Code     0  libinit2.o(.ARM.Collect$$libinit$$00000032)
    __rt_lib_init_exceptions_1               0x08000213   Thumb Code     0  libinit2.o(.ARM.Collect$$libinit$$00000030)
    __rt_lib_init_fp_trap_1                  0x08000213   Thumb Code     0  libinit2.o(.ARM.Collect$$libinit$$0000001F)
    __rt_lib_init_getenv_1                   0x08000213   Thumb Code     0  libinit2.o(.ARM.Collect$$libinit$$00000023)
    __rt_lib_init_heap_1                     0x08000213   Thumb Code     0  libinit2.o(.ARM.Collect$$libinit$$0000000A)
    __rt_lib_init_lc_collate_1               0x08000213   Thumb Code     0  libinit2.o(.ARM.Collect$$libinit$$00000011)
    __rt_lib_init_lc_ctype_1                 0x08000213   Thumb Code     0  libinit2.o(.ARM.Collect$$libinit$$00000013)
    __rt_lib_init_lc_monetary_1              0x08000213   Thumb Code     0  libinit2.o(.ARM.Collect$$libinit$$00000015)
    __rt_lib_init_lc_numeric_1               0x08000213   Thumb Code     0  libinit2.o(.ARM.Collect$$libinit$$00000017)
    __rt_lib_init_lc_time_1                  0x08000213   Thumb Code     0  libinit2.o(.ARM.Collect$$libinit$$00000019)
    __rt_lib_init_preinit_1                  0x08000213   Thumb Code     0  libinit2.o(.ARM.Collect$$libinit$$00000004)
    __rt_lib_init_rand_1                     0x08000213   Thumb Code     0  libinit2.o(.ARM.Collect$$libinit$$0000000E)
    __rt_lib_init_return                     0x08000213   Thumb Code     0  libinit2.o(.ARM.Collect$$libinit$$00000033)
    __rt_lib_init_signal_1                   0x08000213   Thumb Code     0  libinit2.o(.ARM.Collect$$libinit$$0000001D)
    __rt_lib_init_stdio_1                    0x08000213   Thumb Code     0  libinit2.o(.ARM.Collect$$libinit$$00000025)
    __rt_lib_init_user_alloc_1               0x08000213   Thumb Code     0  libinit2.o(.ARM.Collect$$libinit$$0000000C)
    __rt_lib_shutdown                        0x08000215   Thumb Code     0  libshutdown.o(.ARM.Collect$$libshutdown$$00000000)
    __rt_lib_shutdown_cpp_1                  0x08000217   Thumb Code     0  libshutdown2.o(.ARM.Collect$$libshutdown$$00000002)
    __rt_lib_shutdown_fp_trap_1              0x08000217   Thumb Code     0  libshutdown2.o(.ARM.Collect$$libshutdown$$00000007)
    __rt_lib_shutdown_heap_1                 0x08000217   Thumb Code     0  libshutdown2.o(.ARM.Collect$$libshutdown$$0000000F)
    __rt_lib_shutdown_return                 0x08000217   Thumb Code     0  libshutdown2.o(.ARM.Collect$$libshutdown$$00000010)
    __rt_lib_shutdown_signal_1               0x08000217   Thumb Code     0  libshutdown2.o(.ARM.Collect$$libshutdown$$0000000A)
    __rt_lib_shutdown_stdio_1                0x08000217   Thumb Code     0  libshutdown2.o(.ARM.Collect$$libshutdown$$00000004)
    __rt_lib_shutdown_user_alloc_1           0x08000217   Thumb Code     0  libshutdown2.o(.ARM.Collect$$libshutdown$$0000000C)
    __rt_entry                               0x08000219   Thumb Code     0  __rtentry.o(.ARM.Collect$$rtentry$$00000000)
    __rt_entry_presh_1                       0x08000219   Thumb Code     0  __rtentry2.o(.ARM.Collect$$rtentry$$00000002)
    __rt_entry_sh                            0x08000219   Thumb Code     0  __rtentry4.o(.ARM.Collect$$rtentry$$00000004)
    __rt_entry_li                            0x0800021f   Thumb Code     0  __rtentry2.o(.ARM.Collect$$rtentry$$0000000A)
    __rt_entry_postsh_1                      0x0800021f   Thumb Code     0  __rtentry2.o(.ARM.Collect$$rtentry$$00000009)
    __rt_entry_main                          0x08000223   Thumb Code     0  __rtentry2.o(.ARM.Collect$$rtentry$$0000000D)
    __rt_entry_postli_1                      0x08000223   Thumb Code     0  __rtentry2.o(.ARM.Collect$$rtentry$$0000000C)
    __rt_exit                                0x0800022b   Thumb Code     0  rtexit.o(.ARM.Collect$$rtexit$$00000000)
    __rt_exit_ls                             0x0800022d   Thumb Code     0  rtexit2.o(.ARM.Collect$$rtexit$$00000003)
    __rt_exit_prels_1                        0x0800022d   Thumb Code     0  rtexit2.o(.ARM.Collect$$rtexit$$00000002)
    __rt_exit_exit                           0x08000231   Thumb Code     0  rtexit2.o(.ARM.Collect$$rtexit$$00000004)
    Reset_Handler                            0x08000239   Thumb Code     8  startup_stm32f411xe.o(.text)
    ADC_IRQHandler                           0x08000253   Thumb Code     0  startup_stm32f411xe.o(.text)
    DMA1_Stream0_IRQHandler                  0x08000253   Thumb Code     0  startup_stm32f411xe.o(.text)
    DMA1_Stream1_IRQHandler                  0x08000253   Thumb Code     0  startup_stm32f411xe.o(.text)
    DMA1_Stream2_IRQHandler                  0x08000253   Thumb Code     0  startup_stm32f411xe.o(.text)
    DMA1_Stream3_IRQHandler                  0x08000253   Thumb Code     0  startup_stm32f411xe.o(.text)
    DMA1_Stream4_IRQHandler                  0x08000253   Thumb Code     0  startup_stm32f411xe.o(.text)
    DMA1_Stream5_IRQHandler                  0x08000253   Thumb Code     0  startup_stm32f411xe.o(.text)
    DMA1_Stream6_IRQHandler                  0x08000253   Thumb Code     0  startup_stm32f411xe.o(.text)
    DMA1_Stream7_IRQHandler                  0x08000253   Thumb Code     0  startup_stm32f411xe.o(.text)
    DMA2_Stream0_IRQHandler                  0x08000253   Thumb Code     0  startup_stm32f411xe.o(.text)
    DMA2_Stream1_IRQHandler                  0x08000253   Thumb Code     0  startup_stm32f411xe.o(.text)
    DMA2_Stream2_IRQHandler                  0x08000253   Thumb Code     0  startup_stm32f411xe.o(.text)
    DMA2_Stream3_IRQHandler                  0x08000253   Thumb Code     0  startup_stm32f411xe.o(.text)
    DMA2_Stream4_IRQHandler                  0x08000253   Thumb Code     0  startup_stm32f411xe.o(.text)
    DMA2_Stream5_IRQHandler                  0x08000253   Thumb Code     0  startup_stm32f411xe.o(.text)
    DMA2_Stream6_IRQHandler                  0x08000253   Thumb Code     0  startup_stm32f411xe.o(.text)
    DMA2_Stream7_IRQHandler                  0x08000253   Thumb Code     0  startup_stm32f411xe.o(.text)
    EXTI0_IRQHandler                         0x08000253   Thumb Code     0  startup_stm32f411xe.o(.text)
    EXTI15_10_IRQHandler                     0x08000253   Thumb Code     0  startup_stm32f411xe.o(.text)
    EXTI1_IRQHandler                         0x08000253   Thumb Code     0  startup_stm32f411xe.o(.text)
    EXTI2_IRQHandler                         0x08000253   Thumb Code     0  startup_stm32f411xe.o(.text)
    EXTI3_IRQHandler                         0x08000253   Thumb Code     0  startup_stm32f411xe.o(.text)
    EXTI4_IRQHandler                         0x08000253   Thumb Code     0  startup_stm32f411xe.o(.text)
    EXTI9_5_IRQHandler                       0x08000253   Thumb Code     0  startup_stm32f411xe.o(.text)
    FLASH_IRQHandler                         0x08000253   Thumb Code     0  startup_stm32f411xe.o(.text)
    FPU_IRQHandler                           0x08000253   Thumb Code     0  startup_stm32f411xe.o(.text)
    I2C1_ER_IRQHandler                       0x08000253   Thumb Code     0  startup_stm32f411xe.o(.text)
    I2C1_EV_IRQHandler                       0x08000253   Thumb Code     0  startup_stm32f411xe.o(.text)
    I2C2_ER_IRQHandler                       0x08000253   Thumb Code     0  startup_stm32f411xe.o(.text)
    I2C2_EV_IRQHandler                       0x08000253   Thumb Code     0  startup_stm32f411xe.o(.text)
    I2C3_ER_IRQHandler                       0x08000253   Thumb Code     0  startup_stm32f411xe.o(.text)
    I2C3_EV_IRQHandler                       0x08000253   Thumb Code     0  startup_stm32f411xe.o(.text)
    OTG_FS_WKUP_IRQHandler                   0x08000253   Thumb Code     0  startup_stm32f411xe.o(.text)
    PVD_IRQHandler                           0x08000253   Thumb Code     0  startup_stm32f411xe.o(.text)
    RCC_IRQHandler                           0x08000253   Thumb Code     0  startup_stm32f411xe.o(.text)
    RTC_Alarm_IRQHandler                     0x08000253   Thumb Code     0  startup_stm32f411xe.o(.text)
    RTC_WKUP_IRQHandler                      0x08000253   Thumb Code     0  startup_stm32f411xe.o(.text)
    SDIO_IRQHandler                          0x08000253   Thumb Code     0  startup_stm32f411xe.o(.text)
    SPI1_IRQHandler                          0x08000253   Thumb Code     0  startup_stm32f411xe.o(.text)
    SPI2_IRQHandler                          0x08000253   Thumb Code     0  startup_stm32f411xe.o(.text)
    SPI3_IRQHandler                          0x08000253   Thumb Code     0  startup_stm32f411xe.o(.text)
    SPI4_IRQHandler                          0x08000253   Thumb Code     0  startup_stm32f411xe.o(.text)
    SPI5_IRQHandler                          0x08000253   Thumb Code     0  startup_stm32f411xe.o(.text)
    TAMP_STAMP_IRQHandler                    0x08000253   Thumb Code     0  startup_stm32f411xe.o(.text)
    TIM1_BRK_TIM9_IRQHandler                 0x08000253   Thumb Code     0  startup_stm32f411xe.o(.text)
    TIM1_CC_IRQHandler                       0x08000253   Thumb Code     0  startup_stm32f411xe.o(.text)
    TIM1_TRG_COM_TIM11_IRQHandler            0x08000253   Thumb Code     0  startup_stm32f411xe.o(.text)
    TIM1_UP_TIM10_IRQHandler                 0x08000253   Thumb Code     0  startup_stm32f411xe.o(.text)
    TIM2_IRQHandler                          0x08000253   Thumb Code     0  startup_stm32f411xe.o(.text)
    TIM3_IRQHandler                          0x08000253   Thumb Code     0  startup_stm32f411xe.o(.text)
    TIM4_IRQHandler                          0x08000253   Thumb Code     0  startup_stm32f411xe.o(.text)
    TIM5_IRQHandler                          0x08000253   Thumb Code     0  startup_stm32f411xe.o(.text)
    USART1_IRQHandler                        0x08000253   Thumb Code     0  startup_stm32f411xe.o(.text)
    USART2_IRQHandler                        0x08000253   Thumb Code     0  startup_stm32f411xe.o(.text)
    USART6_IRQHandler                        0x08000253   Thumb Code     0  startup_stm32f411xe.o(.text)
    WWDG_IRQHandler                          0x08000253   Thumb Code     0  startup_stm32f411xe.o(.text)
    __user_initial_stackheap                 0x08000255   Thumb Code     0  startup_stm32f411xe.o(.text)
    __aeabi_uldivmod                         0x08000279   Thumb Code     0  lludivv7m.o(.text)
    _ll_udiv                                 0x08000279   Thumb Code   238  lludivv7m.o(.text)
    __aeabi_memcpy4                          0x08000367   Thumb Code     0  rt_memcpy_w.o(.text)
    __aeabi_memcpy8                          0x08000367   Thumb Code     0  rt_memcpy_w.o(.text)
    __rt_memcpy_w                            0x08000367   Thumb Code   100  rt_memcpy_w.o(.text)
    _memcpy_lastbytes_aligned                0x080003af   Thumb Code     0  rt_memcpy_w.o(.text)
    __aeabi_memclr4                          0x080003cb   Thumb Code     0  rt_memclr_w.o(.text)
    __aeabi_memclr8                          0x080003cb   Thumb Code     0  rt_memclr_w.o(.text)
    __rt_memclr_w                            0x080003cb   Thumb Code    78  rt_memclr_w.o(.text)
    _memset_w                                0x080003cf   Thumb Code     0  rt_memclr_w.o(.text)
    __use_two_region_memory                  0x08000419   Thumb Code     2  heapauxi.o(.text)
    __rt_heap_escrow$2region                 0x0800041b   Thumb Code     2  heapauxi.o(.text)
    __rt_heap_expand$2region                 0x0800041d   Thumb Code     2  heapauxi.o(.text)
    __user_setup_stackheap                   0x0800041f   Thumb Code    74  sys_stackheap_outer.o(.text)
    exit                                     0x08000469   Thumb Code    18  exit.o(.text)
    __user_libspace                          0x0800047d   Thumb Code     8  libspace.o(.text)
    __user_perproc_libspace                  0x0800047d   Thumb Code     0  libspace.o(.text)
    __user_perthread_libspace                0x0800047d   Thumb Code     0  libspace.o(.text)
    _sys_exit                                0x08000485   Thumb Code     8  sys_exit.o(.text)
    __I$use$semihosting                      0x08000491   Thumb Code     0  use_no_semi.o(.text)
    __use_no_semihosting_swi                 0x08000491   Thumb Code     2  use_no_semi.o(.text)
    BusFault_Handler                         0x08000493   Thumb Code     2  stm32f4xx_it.o(i.BusFault_Handler)
    __semihosting_library_function           0x08000493   Thumb Code     0  indicate_semi.o(.text)
    DebugMon_Handler                         0x08000495   Thumb Code     2  stm32f4xx_it.o(i.DebugMon_Handler)
    Error_Handler                            0x08000497   Thumb Code     4  main.o(i.Error_Handler)
    HAL_Delay                                0x0800049d   Thumb Code    32  stm32f4xx_hal.o(i.HAL_Delay)
    HAL_GPIO_Init                            0x080004c1   Thumb Code   446  stm32f4xx_hal_gpio.o(i.HAL_GPIO_Init)
    HAL_GPIO_WritePin                        0x080006a1   Thumb Code    10  stm32f4xx_hal_gpio.o(i.HAL_GPIO_WritePin)
    HAL_GetTick                              0x080006ad   Thumb Code     6  stm32f4xx_hal.o(i.HAL_GetTick)
    HAL_IncTick                              0x080006b9   Thumb Code    12  stm32f4xx_hal.o(i.HAL_IncTick)
    HAL_Init                                 0x080006c9   Thumb Code    48  stm32f4xx_hal.o(i.HAL_Init)
    HAL_InitTick                             0x080006fd   Thumb Code    54  stm32f4xx_hal.o(i.HAL_InitTick)
    HAL_MspInit                              0x0800073d   Thumb Code    42  stm32f4xx_hal_msp.o(i.HAL_MspInit)
    HAL_NVIC_EnableIRQ                       0x0800076d   Thumb Code    26  stm32f4xx_hal_cortex.o(i.HAL_NVIC_EnableIRQ)
    HAL_NVIC_SetPriority                     0x08000789   Thumb Code    60  stm32f4xx_hal_cortex.o(i.HAL_NVIC_SetPriority)
    HAL_NVIC_SetPriorityGrouping             0x080007c9   Thumb Code    26  stm32f4xx_hal_cortex.o(i.HAL_NVIC_SetPriorityGrouping)
    HAL_PCDEx_LPM_Callback                   0x080007ed   Thumb Code     2  stm32f4xx_hal_pcd_ex.o(i.HAL_PCDEx_LPM_Callback)
    HAL_PCDEx_SetRxFiFo                      0x080007ef   Thumb Code     8  stm32f4xx_hal_pcd_ex.o(i.HAL_PCDEx_SetRxFiFo)
    HAL_PCDEx_SetTxFiFo                      0x080007f7   Thumb Code    68  stm32f4xx_hal_pcd_ex.o(i.HAL_PCDEx_SetTxFiFo)
    HAL_PCD_ConnectCallback                  0x0800083b   Thumb Code     8  usbd_conf.o(i.HAL_PCD_ConnectCallback)
    HAL_PCD_DataInStageCallback              0x08000843   Thumb Code    18  usbd_conf.o(i.HAL_PCD_DataInStageCallback)
    HAL_PCD_DataOutStageCallback             0x08000855   Thumb Code    20  usbd_conf.o(i.HAL_PCD_DataOutStageCallback)
    HAL_PCD_DisconnectCallback               0x08000869   Thumb Code     8  usbd_conf.o(i.HAL_PCD_DisconnectCallback)
    HAL_PCD_EP_Abort                         0x08000871   Thumb Code    30  stm32f4xx_hal_pcd.o(i.HAL_PCD_EP_Abort)
    HAL_PCD_EP_Close                         0x0800088f   Thumb Code    76  stm32f4xx_hal_pcd.o(i.HAL_PCD_EP_Close)
    HAL_PCD_EP_ClrStall                      0x080008db   Thumb Code    92  stm32f4xx_hal_pcd.o(i.HAL_PCD_EP_ClrStall)
    HAL_PCD_EP_Open                          0x08000937   Thumb Code    96  stm32f4xx_hal_pcd.o(i.HAL_PCD_EP_Open)
    HAL_PCD_EP_Receive                       0x08000997   Thumb Code    72  stm32f4xx_hal_pcd.o(i.HAL_PCD_EP_Receive)
    HAL_PCD_EP_SetStall                      0x080009df   Thumb Code   116  stm32f4xx_hal_pcd.o(i.HAL_PCD_EP_SetStall)
    HAL_PCD_EP_Transmit                      0x08000a53   Thumb Code    64  stm32f4xx_hal_pcd.o(i.HAL_PCD_EP_Transmit)
    HAL_PCD_IRQHandler                       0x08000a95   Thumb Code  1376  stm32f4xx_hal_pcd.o(i.HAL_PCD_IRQHandler)
    HAL_PCD_ISOINIncompleteCallback          0x08000ff5   Thumb Code     8  usbd_conf.o(i.HAL_PCD_ISOINIncompleteCallback)
    HAL_PCD_ISOOUTIncompleteCallback         0x08000ffd   Thumb Code     8  usbd_conf.o(i.HAL_PCD_ISOOUTIncompleteCallback)
    HAL_PCD_Init                             0x08001005   Thumb Code   226  stm32f4xx_hal_pcd.o(i.HAL_PCD_Init)
    HAL_PCD_MspInit                          0x080010e9   Thumb Code   122  usbd_conf.o(i.HAL_PCD_MspInit)
    HAL_PCD_ResetCallback                    0x0800116d   Thumb Code    38  usbd_conf.o(i.HAL_PCD_ResetCallback)
    HAL_PCD_ResumeCallback                   0x08001193   Thumb Code     8  usbd_conf.o(i.HAL_PCD_ResumeCallback)
    HAL_PCD_SOFCallback                      0x0800119b   Thumb Code     8  usbd_conf.o(i.HAL_PCD_SOFCallback)
    HAL_PCD_SetAddress                       0x080011a3   Thumb Code    40  stm32f4xx_hal_pcd.o(i.HAL_PCD_SetAddress)
    HAL_PCD_SetupStageCallback               0x080011cb   Thumb Code    14  usbd_conf.o(i.HAL_PCD_SetupStageCallback)
    HAL_PCD_Start                            0x080011d9   Thumb Code    66  stm32f4xx_hal_pcd.o(i.HAL_PCD_Start)
    HAL_PCD_SuspendCallback                  0x0800121d   Thumb Code    44  usbd_conf.o(i.HAL_PCD_SuspendCallback)
    HAL_RCC_ClockConfig                      0x0800124d   Thumb Code   288  stm32f4xx_hal_rcc.o(i.HAL_RCC_ClockConfig)
    HAL_RCC_GetHCLKFreq                      0x08001381   Thumb Code     6  stm32f4xx_hal_rcc.o(i.HAL_RCC_GetHCLKFreq)
    HAL_RCC_GetSysClockFreq                  0x0800138d   Thumb Code    88  stm32f4xx_hal_rcc.o(i.HAL_RCC_GetSysClockFreq)
    HAL_RCC_OscConfig                        0x080013f1   Thumb Code   856  stm32f4xx_hal_rcc.o(i.HAL_RCC_OscConfig)
    HAL_SYSTICK_Config                       0x0800175d   Thumb Code    40  stm32f4xx_hal_cortex.o(i.HAL_SYSTICK_Config)
    HardFault_Handler                        0x08001785   Thumb Code     2  stm32f4xx_it.o(i.HardFault_Handler)
    MX_GPIO_Init                             0x080017c1   Thumb Code    84  gpio.o(i.MX_GPIO_Init)
    MX_USB_DEVICE_Init                       0x0800181d   Thumb Code    52  usb_device.o(i.MX_USB_DEVICE_Init)
    MemManage_Handler                        0x0800185d   Thumb Code     2  stm32f4xx_it.o(i.MemManage_Handler)
    NMI_Handler                              0x0800185f   Thumb Code     2  stm32f4xx_it.o(i.NMI_Handler)
    OTG_FS_IRQHandler                        0x08001861   Thumb Code     6  stm32f4xx_it.o(i.OTG_FS_IRQHandler)
    PendSV_Handler                           0x080019db   Thumb Code     2  stm32f4xx_it.o(i.PendSV_Handler)
    SVC_Handler                              0x080019dd   Thumb Code     2  stm32f4xx_it.o(i.SVC_Handler)
    SysTick_Handler                          0x080019e9   Thumb Code     4  stm32f4xx_it.o(i.SysTick_Handler)
    SystemClock_Config                       0x080019ed   Thumb Code   134  main.o(i.SystemClock_Config)
    SystemInit                               0x08001a7d   Thumb Code    12  system_stm32f4xx.o(i.SystemInit)
    USBD_ClrClassConfig                      0x08001a8d   Thumb Code    20  usbd_core.o(i.USBD_ClrClassConfig)
    USBD_CoreFindEP                          0x08001aa1   Thumb Code     4  usbd_core.o(i.USBD_CoreFindEP)
    USBD_CoreFindIF                          0x08001aa5   Thumb Code     4  usbd_core.o(i.USBD_CoreFindIF)
    USBD_CtlContinueRx                       0x08001aa9   Thumb Code    16  usbd_ioreq.o(i.USBD_CtlContinueRx)
    USBD_CtlContinueSendData                 0x08001ab9   Thumb Code    16  usbd_ioreq.o(i.USBD_CtlContinueSendData)
    USBD_CtlError                            0x08001ac9   Thumb Code    22  usbd_ctlreq.o(i.USBD_CtlError)
    USBD_CtlReceiveStatus                    0x08001adf   Thumb Code    22  usbd_ioreq.o(i.USBD_CtlReceiveStatus)
    USBD_CtlSendData                         0x08001af5   Thumb Code    26  usbd_ioreq.o(i.USBD_CtlSendData)
    USBD_CtlSendStatus                       0x08001b0f   Thumb Code    22  usbd_ioreq.o(i.USBD_CtlSendStatus)
    USBD_FS_ConfigStrDescriptor              0x08001b25   Thumb Code    16  usbd_desc.o(i.USBD_FS_ConfigStrDescriptor)
    USBD_FS_DeviceDescriptor                 0x08001b45   Thumb Code     8  usbd_desc.o(i.USBD_FS_DeviceDescriptor)
    USBD_FS_InterfaceStrDescriptor           0x08001b51   Thumb Code    16  usbd_desc.o(i.USBD_FS_InterfaceStrDescriptor)
    USBD_FS_LangIDStrDescriptor              0x08001b75   Thumb Code     8  usbd_desc.o(i.USBD_FS_LangIDStrDescriptor)
    USBD_FS_ManufacturerStrDescriptor        0x08001b81   Thumb Code    16  usbd_desc.o(i.USBD_FS_ManufacturerStrDescriptor)
    USBD_FS_ProductStrDescriptor             0x08001ba9   Thumb Code    16  usbd_desc.o(i.USBD_FS_ProductStrDescriptor)
    USBD_FS_SerialStrDescriptor              0x08001bd5   Thumb Code    48  usbd_desc.o(i.USBD_FS_SerialStrDescriptor)
    USBD_GetEpDesc                           0x08001cf3   Thumb Code    58  usbd_core.o(i.USBD_GetEpDesc)
    USBD_GetNextDesc                         0x08001d2d   Thumb Code    14  usbd_core.o(i.USBD_GetNextDesc)
    USBD_GetString                           0x08001d3b   Thumb Code    72  usbd_ctlreq.o(i.USBD_GetString)
    USBD_Get_USB_Status                      0x08001d83   Thumb Code    24  usbd_conf.o(i.USBD_Get_USB_Status)
    USBD_Init                                0x08001fb9   Thumb Code    38  usbd_core.o(i.USBD_Init)
    USBD_LL_ClearStallEP                     0x08001fdf   Thumb Code    18  usbd_conf.o(i.USBD_LL_ClearStallEP)
    USBD_LL_CloseEP                          0x08001ff1   Thumb Code    18  usbd_conf.o(i.USBD_LL_CloseEP)
    USBD_LL_DataInStage                      0x08002003   Thumb Code   182  usbd_core.o(i.USBD_LL_DataInStage)
    USBD_LL_DataOutStage                     0x080020b9   Thumb Code   142  usbd_core.o(i.USBD_LL_DataOutStage)
    USBD_LL_DevConnected                     0x08002147   Thumb Code     4  usbd_core.o(i.USBD_LL_DevConnected)
    USBD_LL_DevDisconnected                  0x0800214b   Thumb Code    30  usbd_core.o(i.USBD_LL_DevDisconnected)
    USBD_LL_Init                             0x08002169   Thumb Code    90  usbd_conf.o(i.USBD_LL_Init)
    USBD_LL_IsStallEP                        0x080021c9   Thumb Code    32  usbd_conf.o(i.USBD_LL_IsStallEP)
    USBD_LL_IsoINIncomplete                  0x080021e9   Thumb Code    40  usbd_core.o(i.USBD_LL_IsoINIncomplete)
    USBD_LL_IsoOUTIncomplete                 0x08002211   Thumb Code    40  usbd_core.o(i.USBD_LL_IsoOUTIncomplete)
    USBD_LL_OpenEP                           0x08002239   Thumb Code    24  usbd_conf.o(i.USBD_LL_OpenEP)
    USBD_LL_PrepareReceive                   0x08002251   Thumb Code    18  usbd_conf.o(i.USBD_LL_PrepareReceive)
    USBD_LL_Reset                            0x08002263   Thumb Code    92  usbd_core.o(i.USBD_LL_Reset)
    USBD_LL_Resume                           0x080022bf   Thumb Code    20  usbd_core.o(i.USBD_LL_Resume)
    USBD_LL_SOF                              0x080022d3   Thumb Code    26  usbd_core.o(i.USBD_LL_SOF)
    USBD_LL_SetSpeed                         0x080022ed   Thumb Code     6  usbd_core.o(i.USBD_LL_SetSpeed)
    USBD_LL_SetUSBAddress                    0x080022f3   Thumb Code    18  usbd_conf.o(i.USBD_LL_SetUSBAddress)
    USBD_LL_SetupStage                       0x08002305   Thumb Code    96  usbd_core.o(i.USBD_LL_SetupStage)
    USBD_LL_StallEP                          0x08002365   Thumb Code    18  usbd_conf.o(i.USBD_LL_StallEP)
    USBD_LL_Start                            0x08002377   Thumb Code    18  usbd_conf.o(i.USBD_LL_Start)
    USBD_LL_Suspend                          0x08002389   Thumb Code    18  usbd_core.o(i.USBD_LL_Suspend)
    USBD_LL_Transmit                         0x0800239b   Thumb Code    18  usbd_conf.o(i.USBD_LL_Transmit)
    USBD_ParseSetupRequest                   0x080023ad   Thumb Code    44  usbd_ctlreq.o(i.USBD_ParseSetupRequest)
    USBD_RegisterClass                       0x080023d9   Thumb Code    58  usbd_core.o(i.USBD_RegisterClass)
    USBD_SetClassConfig                      0x08002413   Thumb Code    20  usbd_core.o(i.USBD_SetClassConfig)
    USBD_Start                               0x080024e1   Thumb Code     4  usbd_core.o(i.USBD_Start)
    USBD_StdDevReq                           0x080024e5   Thumb Code   300  usbd_ctlreq.o(i.USBD_StdDevReq)
    USBD_StdEPReq                            0x08002611   Thumb Code   352  usbd_ctlreq.o(i.USBD_StdEPReq)
    USBD_StdItfReq                           0x08002771   Thumb Code   114  usbd_ctlreq.o(i.USBD_StdItfReq)
    USBD_static_free                         0x080027e3   Thumb Code     2  usbd_conf.o(i.USBD_static_free)
    USBD_static_malloc                       0x080027e5   Thumb Code     4  usbd_conf.o(i.USBD_static_malloc)
    USB_ActivateEndpoint                     0x080027ed   Thumb Code   122  stm32f4xx_ll_usb.o(i.USB_ActivateEndpoint)
    USB_ActivateSetup                        0x0800286d   Thumb Code    28  stm32f4xx_ll_usb.o(i.USB_ActivateSetup)
    USB_CoreInit                             0x08002889   Thumb Code   112  stm32f4xx_ll_usb.o(i.USB_CoreInit)
    USB_DeactivateEndpoint                   0x0800293d   Thumb Code   194  stm32f4xx_ll_usb.o(i.USB_DeactivateEndpoint)
    USB_DevConnect                           0x08002a09   Thumb Code    28  stm32f4xx_ll_usb.o(i.USB_DevConnect)
    USB_DevDisconnect                        0x08002a25   Thumb Code    28  stm32f4xx_ll_usb.o(i.USB_DevDisconnect)
    USB_DevInit                              0x08002a41   Thumb Code   362  stm32f4xx_ll_usb.o(i.USB_DevInit)
    USB_DisableGlobalInt                     0x08002bb5   Thumb Code    12  stm32f4xx_ll_usb.o(i.USB_DisableGlobalInt)
    USB_EP0StartXfer                         0x08002bc1   Thumb Code   280  stm32f4xx_ll_usb.o(i.USB_EP0StartXfer)
    USB_EP0_OutStart                         0x08002cdd   Thumb Code    84  stm32f4xx_ll_usb.o(i.USB_EP0_OutStart)
    USB_EPClearStall                         0x08002d35   Thumb Code    88  stm32f4xx_ll_usb.o(i.USB_EPClearStall)
    USB_EPSetStall                           0x08002d8d   Thumb Code    88  stm32f4xx_ll_usb.o(i.USB_EPSetStall)
    USB_EPStartXfer                          0x08002de5   Thumb Code   480  stm32f4xx_ll_usb.o(i.USB_EPStartXfer)
    USB_EPStopXfer                           0x08002fc9   Thumb Code   158  stm32f4xx_ll_usb.o(i.USB_EPStopXfer)
    USB_EnableGlobalInt                      0x08003067   Thumb Code    12  stm32f4xx_ll_usb.o(i.USB_EnableGlobalInt)
    USB_FlushRxFifo                          0x08003075   Thumb Code    54  stm32f4xx_ll_usb.o(i.USB_FlushRxFifo)
    USB_FlushTxFifo                          0x080030b1   Thumb Code    58  stm32f4xx_ll_usb.o(i.USB_FlushTxFifo)
    USB_GetDevSpeed                          0x080030f1   Thumb Code    26  stm32f4xx_ll_usb.o(i.USB_GetDevSpeed)
    USB_GetMode                              0x0800310b   Thumb Code     8  stm32f4xx_ll_usb.o(i.USB_GetMode)
    USB_ReadDevAllInEpInterrupt              0x08003113   Thumb Code    14  stm32f4xx_ll_usb.o(i.USB_ReadDevAllInEpInterrupt)
    USB_ReadDevAllOutEpInterrupt             0x08003121   Thumb Code    14  stm32f4xx_ll_usb.o(i.USB_ReadDevAllOutEpInterrupt)
    USB_ReadDevInEPInterrupt                 0x0800312f   Thumb Code    36  stm32f4xx_ll_usb.o(i.USB_ReadDevInEPInterrupt)
    USB_ReadDevOutEPInterrupt                0x08003153   Thumb Code    16  stm32f4xx_ll_usb.o(i.USB_ReadDevOutEPInterrupt)
    USB_ReadInterrupts                       0x08003163   Thumb Code     8  stm32f4xx_ll_usb.o(i.USB_ReadInterrupts)
    USB_ReadPacket                           0x0800316b   Thumb Code    62  stm32f4xx_ll_usb.o(i.USB_ReadPacket)
    USB_SetCurrentMode                       0x080031a9   Thumb Code    92  stm32f4xx_ll_usb.o(i.USB_SetCurrentMode)
    USB_SetDevAddress                        0x08003205   Thumb Code    34  stm32f4xx_ll_usb.o(i.USB_SetDevAddress)
    USB_SetTurnaroundTime                    0x08003229   Thumb Code   158  stm32f4xx_ll_usb.o(i.USB_SetTurnaroundTime)
    USB_WritePacket                          0x08003311   Thumb Code    40  stm32f4xx_ll_usb.o(i.USB_WritePacket)
    UsageFault_Handler                       0x08003339   Thumb Code     2  stm32f4xx_it.o(i.UsageFault_Handler)
    main                                     0x0800335b   Thumb Code    18  main.o(i.main)
    _fp_init                                 0x0800336d   Thumb Code    10  fpinit.o(x$fpl$fpinit)
    __fplib_config_fpu_vfp                   0x08003375   Thumb Code     0  fpinit.o(x$fpl$fpinit)
    __fplib_config_pureend_doubles           0x08003375   Thumb Code     0  fpinit.o(x$fpl$fpinit)
    AHBPrescTable                            0x08003376   Data          16  system_stm32f4xx.o(.constdata)
    Region$$Table$$Base                      0x08003388   Number         0  anon$$obj.o(Region$$Table)
    Region$$Table$$Limit                     0x080033a8   Number         0  anon$$obj.o(Region$$Table)
    FS_Desc                                  0x20000000   Data          28  usbd_desc.o(.data)
    USBD_LangIDDesc                          0x2000001c   Data           4  usbd_desc.o(.data)
    USBD_FS_DeviceDesc                       0x20000020   Data          18  usbd_desc.o(.data)
    USBD_StringSerial                        0x20000034   Data          26  usbd_desc.o(.data)
    uwTickFreq                               0x20000050   Data           1  stm32f4xx_hal.o(.data)
    uwTickPrio                               0x20000054   Data           4  stm32f4xx_hal.o(.data)
    uwTick                                   0x20000058   Data           4  stm32f4xx_hal.o(.data)
    SystemCoreClock                          0x2000005c   Data           4  system_stm32f4xx.o(.data)
    USBD_HID                                 0x20000064   Data          56  usbd_hid.o(.data)
    hUsbDeviceFS                             0x20000128   Data         732  usb_device.o(.bss)
    USBD_StrDesc                             0x20000404   Data         512  usbd_desc.o(.bss)
    hpcd_USB_OTG_FS                          0x20000618   Data        1292  usbd_conf.o(.bss)
    __libspace_start                         0x20000b24   Data          96  libspace.o(.bss)
    __temporary_stack_top$libspace           0x20000b84   Data           0  libspace.o(.bss)



==============================================================================

Memory Map of the image

  Image Entry point : 0x08000199

  Load Region LR_IROM1 (Base: 0x08000000, Size: 0x000034d0, Max: 0x00080000, ABSOLUTE)

    Execution Region ER_IROM1 (Exec base: 0x08000000, Load base: 0x08000000, Size: 0x000033a8, Max: 0x00080000, ABSOLUTE)

    Exec Addr    Load Addr    Size         Type   Attr      Idx    E Section Name        Object

    0x08000000   0x08000000   0x00000198   Data   RO            3    RESET               startup_stm32f411xe.o
    0x08000198   0x08000198   0x00000008   Code   RO         2880  * !!!main             c_w.l(__main.o)
    0x080001a0   0x080001a0   0x00000034   Code   RO         3047    !!!scatter          c_w.l(__scatter.o)
    0x080001d4   0x080001d4   0x0000001a   Code   RO         3049    !!handler_copy      c_w.l(__scatter_copy.o)
    0x080001ee   0x080001ee   0x00000002   PAD
    0x080001f0   0x080001f0   0x0000001c   Code   RO         3051    !!handler_zi        c_w.l(__scatter_zi.o)
    0x0800020c   0x0800020c   0x00000002   Code   RO         2917    .ARM.Collect$$libinit$$00000000  c_w.l(libinit.o)
    0x0800020e   0x0800020e   0x00000004   Code   RO         2929    .ARM.Collect$$libinit$$00000001  c_w.l(libinit2.o)
    0x08000212   0x08000212   0x00000000   Code   RO         2932    .ARM.Collect$$libinit$$00000004  c_w.l(libinit2.o)
    0x08000212   0x08000212   0x00000000   Code   RO         2935    .ARM.Collect$$libinit$$0000000A  c_w.l(libinit2.o)
    0x08000212   0x08000212   0x00000000   Code   RO         2937    .ARM.Collect$$libinit$$0000000C  c_w.l(libinit2.o)
    0x08000212   0x08000212   0x00000000   Code   RO         2939    .ARM.Collect$$libinit$$0000000E  c_w.l(libinit2.o)
    0x08000212   0x08000212   0x00000000   Code   RO         2942    .ARM.Collect$$libinit$$00000011  c_w.l(libinit2.o)
    0x08000212   0x08000212   0x00000000   Code   RO         2944    .ARM.Collect$$libinit$$00000013  c_w.l(libinit2.o)
    0x08000212   0x08000212   0x00000000   Code   RO         2946    .ARM.Collect$$libinit$$00000015  c_w.l(libinit2.o)
    0x08000212   0x08000212   0x00000000   Code   RO         2948    .ARM.Collect$$libinit$$00000017  c_w.l(libinit2.o)
    0x08000212   0x08000212   0x00000000   Code   RO         2950    .ARM.Collect$$libinit$$00000019  c_w.l(libinit2.o)
    0x08000212   0x08000212   0x00000000   Code   RO         2952    .ARM.Collect$$libinit$$0000001B  c_w.l(libinit2.o)
    0x08000212   0x08000212   0x00000000   Code   RO         2954    .ARM.Collect$$libinit$$0000001D  c_w.l(libinit2.o)
    0x08000212   0x08000212   0x00000000   Code   RO         2956    .ARM.Collect$$libinit$$0000001F  c_w.l(libinit2.o)
    0x08000212   0x08000212   0x00000000   Code   RO         2958    .ARM.Collect$$libinit$$00000021  c_w.l(libinit2.o)
    0x08000212   0x08000212   0x00000000   Code   RO         2960    .ARM.Collect$$libinit$$00000023  c_w.l(libinit2.o)
    0x08000212   0x08000212   0x00000000   Code   RO         2962    .ARM.Collect$$libinit$$00000025  c_w.l(libinit2.o)
    0x08000212   0x08000212   0x00000000   Code   RO         2966    .ARM.Collect$$libinit$$0000002C  c_w.l(libinit2.o)
    0x08000212   0x08000212   0x00000000   Code   RO         2968    .ARM.Collect$$libinit$$0000002E  c_w.l(libinit2.o)
    0x08000212   0x08000212   0x00000000   Code   RO         2970    .ARM.Collect$$libinit$$00000030  c_w.l(libinit2.o)
    0x08000212   0x08000212   0x00000000   Code   RO         2972    .ARM.Collect$$libinit$$00000032  c_w.l(libinit2.o)
    0x08000212   0x08000212   0x00000002   Code   RO         2973    .ARM.Collect$$libinit$$00000033  c_w.l(libinit2.o)
    0x08000214   0x08000214   0x00000002   Code   RO         3004    .ARM.Collect$$libshutdown$$00000000  c_w.l(libshutdown.o)
    0x08000216   0x08000216   0x00000000   Code   RO         3030    .ARM.Collect$$libshutdown$$00000002  c_w.l(libshutdown2.o)
    0x08000216   0x08000216   0x00000000   Code   RO         3032    .ARM.Collect$$libshutdown$$00000004  c_w.l(libshutdown2.o)
    0x08000216   0x08000216   0x00000000   Code   RO         3035    .ARM.Collect$$libshutdown$$00000007  c_w.l(libshutdown2.o)
    0x08000216   0x08000216   0x00000000   Code   RO         3038    .ARM.Collect$$libshutdown$$0000000A  c_w.l(libshutdown2.o)
    0x08000216   0x08000216   0x00000000   Code   RO         3040    .ARM.Collect$$libshutdown$$0000000C  c_w.l(libshutdown2.o)
    0x08000216   0x08000216   0x00000000   Code   RO         3043    .ARM.Collect$$libshutdown$$0000000F  c_w.l(libshutdown2.o)
    0x08000216   0x08000216   0x00000002   Code   RO         3044    .ARM.Collect$$libshutdown$$00000010  c_w.l(libshutdown2.o)
    0x08000218   0x08000218   0x00000000   Code   RO         2882    .ARM.Collect$$rtentry$$00000000  c_w.l(__rtentry.o)
    0x08000218   0x08000218   0x00000000   Code   RO         2888    .ARM.Collect$$rtentry$$00000002  c_w.l(__rtentry2.o)
    0x08000218   0x08000218   0x00000006   Code   RO         2900    .ARM.Collect$$rtentry$$00000004  c_w.l(__rtentry4.o)
    0x0800021e   0x0800021e   0x00000000   Code   RO         2890    .ARM.Collect$$rtentry$$00000009  c_w.l(__rtentry2.o)
    0x0800021e   0x0800021e   0x00000004   Code   RO         2891    .ARM.Collect$$rtentry$$0000000A  c_w.l(__rtentry2.o)
    0x08000222   0x08000222   0x00000000   Code   RO         2893    .ARM.Collect$$rtentry$$0000000C  c_w.l(__rtentry2.o)
    0x08000222   0x08000222   0x00000008   Code   RO         2894    .ARM.Collect$$rtentry$$0000000D  c_w.l(__rtentry2.o)
    0x0800022a   0x0800022a   0x00000002   Code   RO         2921    .ARM.Collect$$rtexit$$00000000  c_w.l(rtexit.o)
    0x0800022c   0x0800022c   0x00000000   Code   RO         2977    .ARM.Collect$$rtexit$$00000002  c_w.l(rtexit2.o)
    0x0800022c   0x0800022c   0x00000004   Code   RO         2978    .ARM.Collect$$rtexit$$00000003  c_w.l(rtexit2.o)
    0x08000230   0x08000230   0x00000006   Code   RO         2979    .ARM.Collect$$rtexit$$00000004  c_w.l(rtexit2.o)
    0x08000236   0x08000236   0x00000002   PAD
    0x08000238   0x08000238   0x00000040   Code   RO            4    .text               startup_stm32f411xe.o
    0x08000278   0x08000278   0x000000ee   Code   RO         2872    .text               c_w.l(lludivv7m.o)
    0x08000366   0x08000366   0x00000064   Code   RO         2874    .text               c_w.l(rt_memcpy_w.o)
    0x080003ca   0x080003ca   0x0000004e   Code   RO         2876    .text               c_w.l(rt_memclr_w.o)
    0x08000418   0x08000418   0x00000006   Code   RO         2878    .text               c_w.l(heapauxi.o)
    0x0800041e   0x0800041e   0x0000004a   Code   RO         2904    .text               c_w.l(sys_stackheap_outer.o)
    0x08000468   0x08000468   0x00000012   Code   RO         2906    .text               c_w.l(exit.o)
    0x0800047a   0x0800047a   0x00000002   PAD
    0x0800047c   0x0800047c   0x00000008   Code   RO         2918    .text               c_w.l(libspace.o)
    0x08000484   0x08000484   0x0000000c   Code   RO         2974    .text               c_w.l(sys_exit.o)
    0x08000490   0x08000490   0x00000002   Code   RO         2993    .text               c_w.l(use_no_semi.o)
    0x08000492   0x08000492   0x00000000   Code   RO         2995    .text               c_w.l(indicate_semi.o)
    0x08000492   0x08000492   0x00000002   Code   RO          192    i.BusFault_Handler  stm32f4xx_it.o
    0x08000494   0x08000494   0x00000002   Code   RO          193    i.DebugMon_Handler  stm32f4xx_it.o
    0x08000496   0x08000496   0x00000004   Code   RO           13    i.Error_Handler     main.o
    0x0800049a   0x0800049a   0x00000002   PAD
    0x0800049c   0x0800049c   0x00000024   Code   RO         2179    i.HAL_Delay         stm32f4xx_hal.o
    0x080004c0   0x080004c0   0x000001e0   Code   RO         1629    i.HAL_GPIO_Init     stm32f4xx_hal_gpio.o
    0x080006a0   0x080006a0   0x0000000a   Code   RO         1633    i.HAL_GPIO_WritePin  stm32f4xx_hal_gpio.o
    0x080006aa   0x080006aa   0x00000002   PAD
    0x080006ac   0x080006ac   0x0000000c   Code   RO         2185    i.HAL_GetTick       stm32f4xx_hal.o
    0x080006b8   0x080006b8   0x00000010   Code   RO         2191    i.HAL_IncTick       stm32f4xx_hal.o
    0x080006c8   0x080006c8   0x00000034   Code   RO         2192    i.HAL_Init          stm32f4xx_hal.o
    0x080006fc   0x080006fc   0x00000040   Code   RO         2193    i.HAL_InitTick      stm32f4xx_hal.o
    0x0800073c   0x0800073c   0x00000030   Code   RO          274    i.HAL_MspInit       stm32f4xx_hal_msp.o
    0x0800076c   0x0800076c   0x0000001a   Code   RO         2042    i.HAL_NVIC_EnableIRQ  stm32f4xx_hal_cortex.o
    0x08000786   0x08000786   0x00000002   PAD
    0x08000788   0x08000788   0x00000040   Code   RO         2048    i.HAL_NVIC_SetPriority  stm32f4xx_hal_cortex.o
    0x080007c8   0x080007c8   0x00000024   Code   RO         2049    i.HAL_NVIC_SetPriorityGrouping  stm32f4xx_hal_cortex.o
    0x080007ec   0x080007ec   0x00000002   Code   RO          874    i.HAL_PCDEx_LPM_Callback  stm32f4xx_hal_pcd_ex.o
    0x080007ee   0x080007ee   0x00000008   Code   RO          875    i.HAL_PCDEx_SetRxFiFo  stm32f4xx_hal_pcd_ex.o
    0x080007f6   0x080007f6   0x00000044   Code   RO          876    i.HAL_PCDEx_SetTxFiFo  stm32f4xx_hal_pcd_ex.o
    0x0800083a   0x0800083a   0x00000008   Code   RO          428    i.HAL_PCD_ConnectCallback  usbd_conf.o
    0x08000842   0x08000842   0x00000012   Code   RO          429    i.HAL_PCD_DataInStageCallback  usbd_conf.o
    0x08000854   0x08000854   0x00000014   Code   RO          430    i.HAL_PCD_DataOutStageCallback  usbd_conf.o
    0x08000868   0x08000868   0x00000008   Code   RO          431    i.HAL_PCD_DisconnectCallback  usbd_conf.o
    0x08000870   0x08000870   0x0000001e   Code   RO          644    i.HAL_PCD_EP_Abort  stm32f4xx_hal_pcd.o
    0x0800088e   0x0800088e   0x0000004c   Code   RO          645    i.HAL_PCD_EP_Close  stm32f4xx_hal_pcd.o
    0x080008da   0x080008da   0x0000005c   Code   RO          646    i.HAL_PCD_EP_ClrStall  stm32f4xx_hal_pcd.o
    0x08000936   0x08000936   0x00000060   Code   RO          649    i.HAL_PCD_EP_Open   stm32f4xx_hal_pcd.o
    0x08000996   0x08000996   0x00000048   Code   RO          650    i.HAL_PCD_EP_Receive  stm32f4xx_hal_pcd.o
    0x080009de   0x080009de   0x00000074   Code   RO          651    i.HAL_PCD_EP_SetStall  stm32f4xx_hal_pcd.o
    0x08000a52   0x08000a52   0x00000040   Code   RO          652    i.HAL_PCD_EP_Transmit  stm32f4xx_hal_pcd.o
    0x08000a92   0x08000a92   0x00000002   PAD
    0x08000a94   0x08000a94   0x00000560   Code   RO          654    i.HAL_PCD_IRQHandler  stm32f4xx_hal_pcd.o
    0x08000ff4   0x08000ff4   0x00000008   Code   RO          432    i.HAL_PCD_ISOINIncompleteCallback  usbd_conf.o
    0x08000ffc   0x08000ffc   0x00000008   Code   RO          433    i.HAL_PCD_ISOOUTIncompleteCallback  usbd_conf.o
    0x08001004   0x08001004   0x000000e2   Code   RO          657    i.HAL_PCD_Init      stm32f4xx_hal_pcd.o
    0x080010e6   0x080010e6   0x00000002   PAD
    0x080010e8   0x080010e8   0x00000084   Code   RO          435    i.HAL_PCD_MspInit   usbd_conf.o
    0x0800116c   0x0800116c   0x00000026   Code   RO          436    i.HAL_PCD_ResetCallback  usbd_conf.o
    0x08001192   0x08001192   0x00000008   Code   RO          437    i.HAL_PCD_ResumeCallback  usbd_conf.o
    0x0800119a   0x0800119a   0x00000008   Code   RO          438    i.HAL_PCD_SOFCallback  usbd_conf.o
    0x080011a2   0x080011a2   0x00000028   Code   RO          663    i.HAL_PCD_SetAddress  stm32f4xx_hal_pcd.o
    0x080011ca   0x080011ca   0x0000000e   Code   RO          439    i.HAL_PCD_SetupStageCallback  usbd_conf.o
    0x080011d8   0x080011d8   0x00000042   Code   RO          666    i.HAL_PCD_Start     stm32f4xx_hal_pcd.o
    0x0800121a   0x0800121a   0x00000002   PAD
    0x0800121c   0x0800121c   0x00000030   Code   RO          440    i.HAL_PCD_SuspendCallback  usbd_conf.o
    0x0800124c   0x0800124c   0x00000134   Code   RO         1221    i.HAL_RCC_ClockConfig  stm32f4xx_hal_rcc.o
    0x08001380   0x08001380   0x0000000c   Code   RO         1226    i.HAL_RCC_GetHCLKFreq  stm32f4xx_hal_rcc.o
    0x0800138c   0x0800138c   0x00000064   Code   RO         1230    i.HAL_RCC_GetSysClockFreq  stm32f4xx_hal_rcc.o
    0x080013f0   0x080013f0   0x0000036c   Code   RO         1233    i.HAL_RCC_OscConfig  stm32f4xx_hal_rcc.o
    0x0800175c   0x0800175c   0x00000028   Code   RO         2053    i.HAL_SYSTICK_Config  stm32f4xx_hal_cortex.o
    0x08001784   0x08001784   0x00000002   Code   RO          194    i.HardFault_Handler  stm32f4xx_it.o
    0x08001786   0x08001786   0x00000002   PAD
    0x08001788   0x08001788   0x00000038   Code   RO          342    i.IntToUnicode      usbd_desc.o
    0x080017c0   0x080017c0   0x0000005c   Code   RO          168    i.MX_GPIO_Init      gpio.o
    0x0800181c   0x0800181c   0x00000040   Code   RO          298    i.MX_USB_DEVICE_Init  usb_device.o
    0x0800185c   0x0800185c   0x00000002   Code   RO          195    i.MemManage_Handler  stm32f4xx_it.o
    0x0800185e   0x0800185e   0x00000002   Code   RO          196    i.NMI_Handler       stm32f4xx_it.o
    0x08001860   0x08001860   0x0000000c   Code   RO          197    i.OTG_FS_IRQHandler  stm32f4xx_it.o
    0x0800186c   0x0800186c   0x000000cc   Code   RO          670    i.PCD_EP_OutXfrComplete_int  stm32f4xx_hal_pcd.o
    0x08001938   0x08001938   0x000000a2   Code   RO          671    i.PCD_WriteEmptyTxFifo  stm32f4xx_hal_pcd.o
    0x080019da   0x080019da   0x00000002   Code   RO          198    i.PendSV_Handler    stm32f4xx_it.o
    0x080019dc   0x080019dc   0x00000002   Code   RO          199    i.SVC_Handler       stm32f4xx_it.o
    0x080019de   0x080019de   0x0000000a   Code   RO         2663    i.SWAPBYTE          usbd_ctlreq.o
    0x080019e8   0x080019e8   0x00000004   Code   RO          200    i.SysTick_Handler   stm32f4xx_it.o
    0x080019ec   0x080019ec   0x00000090   Code   RO           14    i.SystemClock_Config  main.o
    0x08001a7c   0x08001a7c   0x00000010   Code   RO         2467    i.SystemInit        system_stm32f4xx.o
    0x08001a8c   0x08001a8c   0x00000014   Code   RO         2504    i.USBD_ClrClassConfig  usbd_core.o
    0x08001aa0   0x08001aa0   0x00000004   Code   RO         2505    i.USBD_CoreFindEP   usbd_core.o
    0x08001aa4   0x08001aa4   0x00000004   Code   RO         2506    i.USBD_CoreFindIF   usbd_core.o
    0x08001aa8   0x08001aa8   0x00000010   Code   RO         2736    i.USBD_CtlContinueRx  usbd_ioreq.o
    0x08001ab8   0x08001ab8   0x00000010   Code   RO         2737    i.USBD_CtlContinueSendData  usbd_ioreq.o
    0x08001ac8   0x08001ac8   0x00000016   Code   RO         2664    i.USBD_CtlError     usbd_ctlreq.o
    0x08001ade   0x08001ade   0x00000016   Code   RO         2739    i.USBD_CtlReceiveStatus  usbd_ioreq.o
    0x08001af4   0x08001af4   0x0000001a   Code   RO         2740    i.USBD_CtlSendData  usbd_ioreq.o
    0x08001b0e   0x08001b0e   0x00000016   Code   RO         2741    i.USBD_CtlSendStatus  usbd_ioreq.o
    0x08001b24   0x08001b24   0x00000020   Code   RO          343    i.USBD_FS_ConfigStrDescriptor  usbd_desc.o
    0x08001b44   0x08001b44   0x0000000c   Code   RO          344    i.USBD_FS_DeviceDescriptor  usbd_desc.o
    0x08001b50   0x08001b50   0x00000024   Code   RO          345    i.USBD_FS_InterfaceStrDescriptor  usbd_desc.o
    0x08001b74   0x08001b74   0x0000000c   Code   RO          346    i.USBD_FS_LangIDStrDescriptor  usbd_desc.o
    0x08001b80   0x08001b80   0x00000028   Code   RO          347    i.USBD_FS_ManufacturerStrDescriptor  usbd_desc.o
    0x08001ba8   0x08001ba8   0x0000002c   Code   RO          348    i.USBD_FS_ProductStrDescriptor  usbd_desc.o
    0x08001bd4   0x08001bd4   0x00000038   Code   RO          349    i.USBD_FS_SerialStrDescriptor  usbd_desc.o
    0x08001c0c   0x08001c0c   0x000000e6   Code   RO         2665    i.USBD_GetDescriptor  usbd_ctlreq.o
    0x08001cf2   0x08001cf2   0x0000003a   Code   RO         2508    i.USBD_GetEpDesc    usbd_core.o
    0x08001d2c   0x08001d2c   0x0000000e   Code   RO         2509    i.USBD_GetNextDesc  usbd_core.o
    0x08001d3a   0x08001d3a   0x00000048   Code   RO         2666    i.USBD_GetString    usbd_ctlreq.o
    0x08001d82   0x08001d82   0x00000018   Code   RO          441    i.USBD_Get_USB_Status  usbd_conf.o
    0x08001d9a   0x08001d9a   0x00000014   Code   RO         2796    i.USBD_HID_DataIn   usbd_hid.o
    0x08001dae   0x08001dae   0x00000002   PAD
    0x08001db0   0x08001db0   0x00000048   Code   RO         2797    i.USBD_HID_DeInit   usbd_hid.o
    0x08001df8   0x08001df8   0x0000000c   Code   RO         2798    i.USBD_HID_GetDeviceQualifierDesc  usbd_hid.o
    0x08001e04   0x08001e04   0x00000020   Code   RO         2799    i.USBD_HID_GetFSCfgDesc  usbd_hid.o
    0x08001e24   0x08001e24   0x00000020   Code   RO         2800    i.USBD_HID_GetHSCfgDesc  usbd_hid.o
    0x08001e44   0x08001e44   0x00000020   Code   RO         2801    i.USBD_HID_GetOtherSpeedCfgDesc  usbd_hid.o
    0x08001e64   0x08001e64   0x00000074   Code   RO         2803    i.USBD_HID_Init     usbd_hid.o
    0x08001ed8   0x08001ed8   0x000000e0   Code   RO         2805    i.USBD_HID_Setup    usbd_hid.o
    0x08001fb8   0x08001fb8   0x00000026   Code   RO         2510    i.USBD_Init         usbd_core.o
    0x08001fde   0x08001fde   0x00000012   Code   RO          442    i.USBD_LL_ClearStallEP  usbd_conf.o
    0x08001ff0   0x08001ff0   0x00000012   Code   RO          443    i.USBD_LL_CloseEP   usbd_conf.o
    0x08002002   0x08002002   0x000000b6   Code   RO         2511    i.USBD_LL_DataInStage  usbd_core.o
    0x080020b8   0x080020b8   0x0000008e   Code   RO         2512    i.USBD_LL_DataOutStage  usbd_core.o
    0x08002146   0x08002146   0x00000004   Code   RO         2513    i.USBD_LL_DevConnected  usbd_core.o
    0x0800214a   0x0800214a   0x0000001e   Code   RO         2514    i.USBD_LL_DevDisconnected  usbd_core.o
    0x08002168   0x08002168   0x00000060   Code   RO          448    i.USBD_LL_Init      usbd_conf.o
    0x080021c8   0x080021c8   0x00000020   Code   RO          449    i.USBD_LL_IsStallEP  usbd_conf.o
    0x080021e8   0x080021e8   0x00000028   Code   RO         2515    i.USBD_LL_IsoINIncomplete  usbd_core.o
    0x08002210   0x08002210   0x00000028   Code   RO         2516    i.USBD_LL_IsoOUTIncomplete  usbd_core.o
    0x08002238   0x08002238   0x00000018   Code   RO          450    i.USBD_LL_OpenEP    usbd_conf.o
    0x08002250   0x08002250   0x00000012   Code   RO          451    i.USBD_LL_PrepareReceive  usbd_conf.o
    0x08002262   0x08002262   0x0000005c   Code   RO         2517    i.USBD_LL_Reset     usbd_core.o
    0x080022be   0x080022be   0x00000014   Code   RO         2518    i.USBD_LL_Resume    usbd_core.o
    0x080022d2   0x080022d2   0x0000001a   Code   RO         2519    i.USBD_LL_SOF       usbd_core.o
    0x080022ec   0x080022ec   0x00000006   Code   RO         2520    i.USBD_LL_SetSpeed  usbd_core.o
    0x080022f2   0x080022f2   0x00000012   Code   RO          452    i.USBD_LL_SetUSBAddress  usbd_conf.o
    0x08002304   0x08002304   0x00000060   Code   RO         2521    i.USBD_LL_SetupStage  usbd_core.o
    0x08002364   0x08002364   0x00000012   Code   RO          453    i.USBD_LL_StallEP   usbd_conf.o
    0x08002376   0x08002376   0x00000012   Code   RO          454    i.USBD_LL_Start     usbd_conf.o
    0x08002388   0x08002388   0x00000012   Code   RO         2522    i.USBD_LL_Suspend   usbd_core.o
    0x0800239a   0x0800239a   0x00000012   Code   RO          456    i.USBD_LL_Transmit  usbd_conf.o
    0x080023ac   0x080023ac   0x0000002c   Code   RO         2667    i.USBD_ParseSetupRequest  usbd_ctlreq.o
    0x080023d8   0x080023d8   0x0000003a   Code   RO         2523    i.USBD_RegisterClass  usbd_core.o
    0x08002412   0x08002412   0x00000014   Code   RO         2525    i.USBD_SetClassConfig  usbd_core.o
    0x08002426   0x08002426   0x00000002   PAD
    0x08002428   0x08002428   0x000000b8   Code   RO         2668    i.USBD_SetConfig    usbd_ctlreq.o
    0x080024e0   0x080024e0   0x00000004   Code   RO         2526    i.USBD_Start        usbd_core.o
    0x080024e4   0x080024e4   0x0000012c   Code   RO         2669    i.USBD_StdDevReq    usbd_ctlreq.o
    0x08002610   0x08002610   0x00000160   Code   RO         2670    i.USBD_StdEPReq     usbd_ctlreq.o
    0x08002770   0x08002770   0x00000072   Code   RO         2671    i.USBD_StdItfReq    usbd_ctlreq.o
    0x080027e2   0x080027e2   0x00000002   Code   RO          457    i.USBD_static_free  usbd_conf.o
    0x080027e4   0x080027e4   0x00000008   Code   RO          458    i.USBD_static_malloc  usbd_conf.o
    0x080027ec   0x080027ec   0x00000080   Code   RO          916    i.USB_ActivateEndpoint  stm32f4xx_ll_usb.o
    0x0800286c   0x0800286c   0x0000001c   Code   RO          918    i.USB_ActivateSetup  stm32f4xx_ll_usb.o
    0x08002888   0x08002888   0x00000074   Code   RO          920    i.USB_CoreInit      stm32f4xx_ll_usb.o
    0x080028fc   0x080028fc   0x00000040   Code   RO          921    i.USB_CoreReset     stm32f4xx_ll_usb.o
    0x0800293c   0x0800293c   0x000000cc   Code   RO          924    i.USB_DeactivateEndpoint  stm32f4xx_ll_usb.o
    0x08002a08   0x08002a08   0x0000001c   Code   RO          925    i.USB_DevConnect    stm32f4xx_ll_usb.o
    0x08002a24   0x08002a24   0x0000001c   Code   RO          926    i.USB_DevDisconnect  stm32f4xx_ll_usb.o
    0x08002a40   0x08002a40   0x00000174   Code   RO          927    i.USB_DevInit       stm32f4xx_ll_usb.o
    0x08002bb4   0x08002bb4   0x0000000c   Code   RO          928    i.USB_DisableGlobalInt  stm32f4xx_ll_usb.o
    0x08002bc0   0x08002bc0   0x0000011c   Code   RO          931    i.USB_EP0StartXfer  stm32f4xx_ll_usb.o
    0x08002cdc   0x08002cdc   0x00000058   Code   RO          932    i.USB_EP0_OutStart  stm32f4xx_ll_usb.o
    0x08002d34   0x08002d34   0x00000058   Code   RO          933    i.USB_EPClearStall  stm32f4xx_ll_usb.o
    0x08002d8c   0x08002d8c   0x00000058   Code   RO          934    i.USB_EPSetStall    stm32f4xx_ll_usb.o
    0x08002de4   0x08002de4   0x000001e4   Code   RO          935    i.USB_EPStartXfer   stm32f4xx_ll_usb.o
    0x08002fc8   0x08002fc8   0x0000009e   Code   RO          936    i.USB_EPStopXfer    stm32f4xx_ll_usb.o
    0x08003066   0x08003066   0x0000000c   Code   RO          937    i.USB_EnableGlobalInt  stm32f4xx_ll_usb.o
    0x08003072   0x08003072   0x00000002   PAD
    0x08003074   0x08003074   0x0000003c   Code   RO          938    i.USB_FlushRxFifo   stm32f4xx_ll_usb.o
    0x080030b0   0x080030b0   0x00000040   Code   RO          939    i.USB_FlushTxFifo   stm32f4xx_ll_usb.o
    0x080030f0   0x080030f0   0x0000001a   Code   RO          941    i.USB_GetDevSpeed   stm32f4xx_ll_usb.o
    0x0800310a   0x0800310a   0x00000008   Code   RO          943    i.USB_GetMode       stm32f4xx_ll_usb.o
    0x08003112   0x08003112   0x0000000e   Code   RO          950    i.USB_ReadDevAllInEpInterrupt  stm32f4xx_ll_usb.o
    0x08003120   0x08003120   0x0000000e   Code   RO          951    i.USB_ReadDevAllOutEpInterrupt  stm32f4xx_ll_usb.o
    0x0800312e   0x0800312e   0x00000024   Code   RO          952    i.USB_ReadDevInEPInterrupt  stm32f4xx_ll_usb.o
    0x08003152   0x08003152   0x00000010   Code   RO          953    i.USB_ReadDevOutEPInterrupt  stm32f4xx_ll_usb.o
    0x08003162   0x08003162   0x00000008   Code   RO          954    i.USB_ReadInterrupts  stm32f4xx_ll_usb.o
    0x0800316a   0x0800316a   0x0000003e   Code   RO          955    i.USB_ReadPacket    stm32f4xx_ll_usb.o
    0x080031a8   0x080031a8   0x0000005c   Code   RO          957    i.USB_SetCurrentMode  stm32f4xx_ll_usb.o
    0x08003204   0x08003204   0x00000022   Code   RO          958    i.USB_SetDevAddress  stm32f4xx_ll_usb.o
    0x08003226   0x08003226   0x00000002   PAD
    0x08003228   0x08003228   0x000000e8   Code   RO          960    i.USB_SetTurnaroundTime  stm32f4xx_ll_usb.o
    0x08003310   0x08003310   0x00000028   Code   RO          963    i.USB_WritePacket   stm32f4xx_ll_usb.o
    0x08003338   0x08003338   0x00000002   Code   RO          201    i.UsageFault_Handler  stm32f4xx_it.o
    0x0800333a   0x0800333a   0x00000020   Code   RO         2055    i.__NVIC_SetPriority  stm32f4xx_hal_cortex.o
    0x0800335a   0x0800335a   0x00000012   Code   RO           15    i.main              main.o
    0x0800336c   0x0800336c   0x0000000a   Code   RO         2989    x$fpl$fpinit        fz_wm.l(fpinit.o)
    0x08003376   0x08003376   0x00000010   Data   RO         2468    .constdata          system_stm32f4xx.o
    0x08003386   0x08003386   0x00000002   PAD
    0x08003388   0x08003388   0x00000020   Data   RO         3045    Region$$Table       anon$$obj.o


    Execution Region RW_IRAM1 (Exec base: 0x20000000, Load base: 0x080033a8, Size: 0x00001588, Max: 0x00020000, ABSOLUTE)

    Exec Addr    Load Addr    Size         Type   Attr      Idx    E Section Name        Object

    0x20000000   0x080033a8   0x0000001c   Data   RW          351    .data               usbd_desc.o
    0x2000001c   0x080033c4   0x00000032   Data   RW          352    .data               usbd_desc.o
    0x2000004e   0x080033f6   0x00000002   PAD
    0x20000050   0x080033f8   0x0000000c   Data   RW         2199    .data               stm32f4xx_hal.o
    0x2000005c   0x08003404   0x00000004   Data   RW         2470    .data               system_stm32f4xx.o
    0x20000060   0x08003408   0x00000001   Data   RW         2672    .data               usbd_ctlreq.o
    0x20000061   0x08003409   0x00000003   PAD
    0x20000064   0x0800340c   0x00000038   Data   RW         2806    .data               usbd_hid.o
    0x2000009c   0x08003444   0x0000008a   Data   RW         2807    .data               usbd_hid.o
    0x20000126   0x080034ce   0x00000002   PAD
    0x20000128        -       0x000002dc   Zero   RW          299    .bss                usb_device.o
    0x20000404        -       0x00000200   Zero   RW          350    .bss                usbd_desc.o
    0x20000604        -       0x00000520   Zero   RW          459    .bss                usbd_conf.o
    0x20000b24        -       0x00000060   Zero   RW         2919    .bss                c_w.l(libspace.o)
    0x20000b84   0x080034ce   0x00000004   PAD
    0x20000b88        -       0x00000200   Zero   RW            2    HEAP                startup_stm32f411xe.o
    0x20000d88        -       0x00000800   Zero   RW            1    STACK               startup_stm32f411xe.o


==============================================================================

Image component sizes


      Code (inc. data)   RO Data    RW Data    ZI Data      Debug   Object Name

        92          8          0          0          0        835   gpio.o
       166         10          0          0          0     379272   main.o
        64         26        408          0       2560        824   startup_stm32f411xe.o
       180         28          0         12          0       9101   stm32f4xx_hal.o
       198         14          0          0          0      33815   stm32f4xx_hal_cortex.o
       490         34          0          0          0       2108   stm32f4xx_hal_gpio.o
        48          6          0          0          0        814   stm32f4xx_hal_msp.o
      2620         12          0          0          0      12764   stm32f4xx_hal_pcd.o
        78          0          0          0          0       2313   stm32f4xx_hal_pcd_ex.o
      1296         58          0          0          0       4422   stm32f4xx_hal_rcc.o
        32          6          0          0          0       4422   stm32f4xx_it.o
      2888        134          0          0          0      23343   stm32f4xx_ll_usb.o
        16          4         16          4          0       1067   system_stm32f4xx.o
        64         12          0          0        732        756   usb_device.o
       630         24          0          0       1312      15628   usbd_conf.o
       916          0          0          0          0      14995   usbd_core.o
      1328         28          0          1          0      14664   usbd_ctlreq.o
       288        104          0         78        512       5969   usbd_desc.o
       540         40          0        194          0       7575   usbd_hid.o
       102          0          0          0          0       3692   usbd_ioreq.o

    ----------------------------------------------------------------------
     12058        548        458        296       5116     538379   Object Totals
         0          0         32          0          0          0   (incl. Generated)
        22          0          2          7          0          0   (incl. Padding)

    ----------------------------------------------------------------------

      Code (inc. data)   RO Data    RW Data    ZI Data      Debug   Library Member Name

         8          0          0          0          0         68   __main.o
         0          0          0          0          0          0   __rtentry.o
        12          0          0          0          0          0   __rtentry2.o
         6          0          0          0          0          0   __rtentry4.o
        52          8          0          0          0          0   __scatter.o
        26          0          0          0          0          0   __scatter_copy.o
        28          0          0          0          0          0   __scatter_zi.o
        18          0          0          0          0         80   exit.o
         6          0          0          0          0        152   heapauxi.o
         0          0          0          0          0          0   indicate_semi.o
         2          0          0          0          0          0   libinit.o
         6          0          0          0          0          0   libinit2.o
         2          0          0          0          0          0   libshutdown.o
         2          0          0          0          0          0   libshutdown2.o
         8          4          0          0         96         68   libspace.o
       238          0          0          0          0        100   lludivv7m.o
        78          0          0          0          0         80   rt_memclr_w.o
       100          0          0          0          0         80   rt_memcpy_w.o
         2          0          0          0          0          0   rtexit.o
        10          0          0          0          0          0   rtexit2.o
        12          4          0          0          0         68   sys_exit.o
        74          0          0          0          0         80   sys_stackheap_outer.o
         2          0          0          0          0         68   use_no_semi.o
        10          0          0          0          0        116   fpinit.o

    ----------------------------------------------------------------------
       708         16          0          0        100        960   Library Totals
         6          0          0          0          4          0   (incl. Padding)

    ----------------------------------------------------------------------

      Code (inc. data)   RO Data    RW Data    ZI Data      Debug   Library Name

       692         16          0          0         96        844   c_w.l
        10          0          0          0          0        116   fz_wm.l

    ----------------------------------------------------------------------
       708         16          0          0        100        960   Library Totals

    ----------------------------------------------------------------------

==============================================================================


      Code (inc. data)   RO Data    RW Data    ZI Data      Debug   

     12766        564        458        296       5216     524327   Grand Totals
     12766        564        458        296       5216     524327   ELF Image Totals
     12766        564        458        296          0          0   ROM Totals

==============================================================================

    Total RO  Size (Code + RO Data)                13224 (  12.91kB)
    Total RW  Size (RW Data + ZI Data)              5512 (   5.38kB)
    Total ROM Size (Code + RO Data + RW Data)      13520 (  13.20kB)

==============================================================================

