<!doctype html public "-//w3c//dtd html 4.0 transitional//en">
<html><head>
<title>Static Call Graph - [HelloWord-Keyboard\HelloWord-Keyboard.axf]</title></head>
<body><HR>
<H1>Static Call Graph for image HelloWord-Keyboard\HelloWord-Keyboard.axf</H1><HR>
<BR><P>#&#060CALLGRAPH&#062# ARM Linker, 5060528: Last Updated: Sat Oct 14 23:42:39 2023
<BR><P>
<H3>Maximum Stack Usage =        176 bytes + Unknown(Functions without stacksize, Cycles, Untraceable Function Pointers)</H3><H3>
Call chain for Maximum Stack Depth:</H3>
OTG_FS_IRQHandler &rArr; HAL_PCD_IRQHandler &rArr; HAL_PCD_SetupStageCallback &rArr; USBD_LL_SetupStage &rArr; USBD_StdDevReq &rArr; USBD_SetConfig &rArr; USBD_CtlSendStatus &rArr; USBD_LL_Transmit &rArr; HAL_PCD_EP_Transmit &rArr; USB_EPStartXfer &rArr; USB_WritePacket
<P>
<H3>
Functions with no stack information
</H3><UL>
 <LI><a href="#[6a]">__user_initial_stackheap</a>
</UL>
</UL>
<P>
<H3>
Mutually Recursive functions
</H3> <LI><a href="#[1f]">ADC_IRQHandler</a>&nbsp;&nbsp;&nbsp;&rArr;&nbsp;&nbsp;&nbsp;<a href="#[1f]">ADC_IRQHandler</a><BR>
 <LI><a href="#[7]">BusFault_Handler</a>&nbsp;&nbsp;&nbsp;&rArr;&nbsp;&nbsp;&nbsp;<a href="#[7]">BusFault_Handler</a><BR>
 <LI><a href="#[5]">HardFault_Handler</a>&nbsp;&nbsp;&nbsp;&rArr;&nbsp;&nbsp;&nbsp;<a href="#[5]">HardFault_Handler</a><BR>
 <LI><a href="#[6]">MemManage_Handler</a>&nbsp;&nbsp;&nbsp;&rArr;&nbsp;&nbsp;&nbsp;<a href="#[6]">MemManage_Handler</a><BR>
 <LI><a href="#[4]">NMI_Handler</a>&nbsp;&nbsp;&nbsp;&rArr;&nbsp;&nbsp;&nbsp;<a href="#[4]">NMI_Handler</a><BR>
 <LI><a href="#[8]">UsageFault_Handler</a>&nbsp;&nbsp;&nbsp;&rArr;&nbsp;&nbsp;&nbsp;<a href="#[8]">UsageFault_Handler</a><BR>
</UL>
<P>
<H3>
Function Pointers
</H3><UL>
 <LI><a href="#[1f]">ADC_IRQHandler</a> from startup_stm32f411xe.o(.text) referenced from startup_stm32f411xe.o(RESET)
 <LI><a href="#[7]">BusFault_Handler</a> from stm32f4xx_it.o(i.BusFault_Handler) referenced from startup_stm32f411xe.o(RESET)
 <LI><a href="#[18]">DMA1_Stream0_IRQHandler</a> from startup_stm32f411xe.o(.text) referenced from startup_stm32f411xe.o(RESET)
 <LI><a href="#[19]">DMA1_Stream1_IRQHandler</a> from startup_stm32f411xe.o(.text) referenced from startup_stm32f411xe.o(RESET)
 <LI><a href="#[1a]">DMA1_Stream2_IRQHandler</a> from startup_stm32f411xe.o(.text) referenced from startup_stm32f411xe.o(RESET)
 <LI><a href="#[1b]">DMA1_Stream3_IRQHandler</a> from startup_stm32f411xe.o(.text) referenced from startup_stm32f411xe.o(RESET)
 <LI><a href="#[1c]">DMA1_Stream4_IRQHandler</a> from startup_stm32f411xe.o(.text) referenced from startup_stm32f411xe.o(RESET)
 <LI><a href="#[1d]">DMA1_Stream5_IRQHandler</a> from startup_stm32f411xe.o(.text) referenced from startup_stm32f411xe.o(RESET)
 <LI><a href="#[1e]">DMA1_Stream6_IRQHandler</a> from startup_stm32f411xe.o(.text) referenced from startup_stm32f411xe.o(RESET)
 <LI><a href="#[33]">DMA1_Stream7_IRQHandler</a> from startup_stm32f411xe.o(.text) referenced from startup_stm32f411xe.o(RESET)
 <LI><a href="#[37]">DMA2_Stream0_IRQHandler</a> from startup_stm32f411xe.o(.text) referenced from startup_stm32f411xe.o(RESET)
 <LI><a href="#[38]">DMA2_Stream1_IRQHandler</a> from startup_stm32f411xe.o(.text) referenced from startup_stm32f411xe.o(RESET)
 <LI><a href="#[39]">DMA2_Stream2_IRQHandler</a> from startup_stm32f411xe.o(.text) referenced from startup_stm32f411xe.o(RESET)
 <LI><a href="#[3a]">DMA2_Stream3_IRQHandler</a> from startup_stm32f411xe.o(.text) referenced from startup_stm32f411xe.o(RESET)
 <LI><a href="#[3b]">DMA2_Stream4_IRQHandler</a> from startup_stm32f411xe.o(.text) referenced from startup_stm32f411xe.o(RESET)
 <LI><a href="#[3d]">DMA2_Stream5_IRQHandler</a> from startup_stm32f411xe.o(.text) referenced from startup_stm32f411xe.o(RESET)
 <LI><a href="#[3e]">DMA2_Stream6_IRQHandler</a> from startup_stm32f411xe.o(.text) referenced from startup_stm32f411xe.o(RESET)
 <LI><a href="#[3f]">DMA2_Stream7_IRQHandler</a> from startup_stm32f411xe.o(.text) referenced from startup_stm32f411xe.o(RESET)
 <LI><a href="#[a]">DebugMon_Handler</a> from stm32f4xx_it.o(i.DebugMon_Handler) referenced from startup_stm32f411xe.o(RESET)
 <LI><a href="#[13]">EXTI0_IRQHandler</a> from startup_stm32f411xe.o(.text) referenced from startup_stm32f411xe.o(RESET)
 <LI><a href="#[30]">EXTI15_10_IRQHandler</a> from startup_stm32f411xe.o(.text) referenced from startup_stm32f411xe.o(RESET)
 <LI><a href="#[14]">EXTI1_IRQHandler</a> from startup_stm32f411xe.o(.text) referenced from startup_stm32f411xe.o(RESET)
 <LI><a href="#[15]">EXTI2_IRQHandler</a> from startup_stm32f411xe.o(.text) referenced from startup_stm32f411xe.o(RESET)
 <LI><a href="#[16]">EXTI3_IRQHandler</a> from startup_stm32f411xe.o(.text) referenced from startup_stm32f411xe.o(RESET)
 <LI><a href="#[17]">EXTI4_IRQHandler</a> from startup_stm32f411xe.o(.text) referenced from startup_stm32f411xe.o(RESET)
 <LI><a href="#[20]">EXTI9_5_IRQHandler</a> from startup_stm32f411xe.o(.text) referenced from startup_stm32f411xe.o(RESET)
 <LI><a href="#[11]">FLASH_IRQHandler</a> from startup_stm32f411xe.o(.text) referenced from startup_stm32f411xe.o(RESET)
 <LI><a href="#[43]">FPU_IRQHandler</a> from startup_stm32f411xe.o(.text) referenced from startup_stm32f411xe.o(RESET)
 <LI><a href="#[5]">HardFault_Handler</a> from stm32f4xx_it.o(i.HardFault_Handler) referenced from startup_stm32f411xe.o(RESET)
 <LI><a href="#[29]">I2C1_ER_IRQHandler</a> from startup_stm32f411xe.o(.text) referenced from startup_stm32f411xe.o(RESET)
 <LI><a href="#[28]">I2C1_EV_IRQHandler</a> from startup_stm32f411xe.o(.text) referenced from startup_stm32f411xe.o(RESET)
 <LI><a href="#[2b]">I2C2_ER_IRQHandler</a> from startup_stm32f411xe.o(.text) referenced from startup_stm32f411xe.o(RESET)
 <LI><a href="#[2a]">I2C2_EV_IRQHandler</a> from startup_stm32f411xe.o(.text) referenced from startup_stm32f411xe.o(RESET)
 <LI><a href="#[42]">I2C3_ER_IRQHandler</a> from startup_stm32f411xe.o(.text) referenced from startup_stm32f411xe.o(RESET)
 <LI><a href="#[41]">I2C3_EV_IRQHandler</a> from startup_stm32f411xe.o(.text) referenced from startup_stm32f411xe.o(RESET)
 <LI><a href="#[6]">MemManage_Handler</a> from stm32f4xx_it.o(i.MemManage_Handler) referenced from startup_stm32f411xe.o(RESET)
 <LI><a href="#[4]">NMI_Handler</a> from stm32f4xx_it.o(i.NMI_Handler) referenced from startup_stm32f411xe.o(RESET)
 <LI><a href="#[3c]">OTG_FS_IRQHandler</a> from stm32f4xx_it.o(i.OTG_FS_IRQHandler) referenced from startup_stm32f411xe.o(RESET)
 <LI><a href="#[32]">OTG_FS_WKUP_IRQHandler</a> from startup_stm32f411xe.o(.text) referenced from startup_stm32f411xe.o(RESET)
 <LI><a href="#[e]">PVD_IRQHandler</a> from startup_stm32f411xe.o(.text) referenced from startup_stm32f411xe.o(RESET)
 <LI><a href="#[b]">PendSV_Handler</a> from stm32f4xx_it.o(i.PendSV_Handler) referenced from startup_stm32f411xe.o(RESET)
 <LI><a href="#[12]">RCC_IRQHandler</a> from startup_stm32f411xe.o(.text) referenced from startup_stm32f411xe.o(RESET)
 <LI><a href="#[31]">RTC_Alarm_IRQHandler</a> from startup_stm32f411xe.o(.text) referenced from startup_stm32f411xe.o(RESET)
 <LI><a href="#[10]">RTC_WKUP_IRQHandler</a> from startup_stm32f411xe.o(.text) referenced from startup_stm32f411xe.o(RESET)
 <LI><a href="#[3]">Reset_Handler</a> from startup_stm32f411xe.o(.text) referenced from startup_stm32f411xe.o(RESET)
 <LI><a href="#[34]">SDIO_IRQHandler</a> from startup_stm32f411xe.o(.text) referenced from startup_stm32f411xe.o(RESET)
 <LI><a href="#[2c]">SPI1_IRQHandler</a> from startup_stm32f411xe.o(.text) referenced from startup_stm32f411xe.o(RESET)
 <LI><a href="#[2d]">SPI2_IRQHandler</a> from startup_stm32f411xe.o(.text) referenced from startup_stm32f411xe.o(RESET)
 <LI><a href="#[36]">SPI3_IRQHandler</a> from startup_stm32f411xe.o(.text) referenced from startup_stm32f411xe.o(RESET)
 <LI><a href="#[44]">SPI4_IRQHandler</a> from startup_stm32f411xe.o(.text) referenced from startup_stm32f411xe.o(RESET)
 <LI><a href="#[45]">SPI5_IRQHandler</a> from startup_stm32f411xe.o(.text) referenced from startup_stm32f411xe.o(RESET)
 <LI><a href="#[9]">SVC_Handler</a> from stm32f4xx_it.o(i.SVC_Handler) referenced from startup_stm32f411xe.o(RESET)
 <LI><a href="#[c]">SysTick_Handler</a> from stm32f4xx_it.o(i.SysTick_Handler) referenced from startup_stm32f411xe.o(RESET)
 <LI><a href="#[46]">SystemInit</a> from system_stm32f4xx.o(i.SystemInit) referenced from startup_stm32f411xe.o(.text)
 <LI><a href="#[f]">TAMP_STAMP_IRQHandler</a> from startup_stm32f411xe.o(.text) referenced from startup_stm32f411xe.o(RESET)
 <LI><a href="#[21]">TIM1_BRK_TIM9_IRQHandler</a> from startup_stm32f411xe.o(.text) referenced from startup_stm32f411xe.o(RESET)
 <LI><a href="#[24]">TIM1_CC_IRQHandler</a> from startup_stm32f411xe.o(.text) referenced from startup_stm32f411xe.o(RESET)
 <LI><a href="#[23]">TIM1_TRG_COM_TIM11_IRQHandler</a> from startup_stm32f411xe.o(.text) referenced from startup_stm32f411xe.o(RESET)
 <LI><a href="#[22]">TIM1_UP_TIM10_IRQHandler</a> from startup_stm32f411xe.o(.text) referenced from startup_stm32f411xe.o(RESET)
 <LI><a href="#[25]">TIM2_IRQHandler</a> from startup_stm32f411xe.o(.text) referenced from startup_stm32f411xe.o(RESET)
 <LI><a href="#[26]">TIM3_IRQHandler</a> from startup_stm32f411xe.o(.text) referenced from startup_stm32f411xe.o(RESET)
 <LI><a href="#[27]">TIM4_IRQHandler</a> from startup_stm32f411xe.o(.text) referenced from startup_stm32f411xe.o(RESET)
 <LI><a href="#[35]">TIM5_IRQHandler</a> from startup_stm32f411xe.o(.text) referenced from startup_stm32f411xe.o(RESET)
 <LI><a href="#[2e]">USART1_IRQHandler</a> from startup_stm32f411xe.o(.text) referenced from startup_stm32f411xe.o(RESET)
 <LI><a href="#[2f]">USART2_IRQHandler</a> from startup_stm32f411xe.o(.text) referenced from startup_stm32f411xe.o(RESET)
 <LI><a href="#[40]">USART6_IRQHandler</a> from startup_stm32f411xe.o(.text) referenced from startup_stm32f411xe.o(RESET)
 <LI><a href="#[4d]">USBD_FS_ConfigStrDescriptor</a> from usbd_desc.o(i.USBD_FS_ConfigStrDescriptor) referenced from usbd_desc.o(.data)
 <LI><a href="#[48]">USBD_FS_DeviceDescriptor</a> from usbd_desc.o(i.USBD_FS_DeviceDescriptor) referenced from usbd_desc.o(.data)
 <LI><a href="#[4e]">USBD_FS_InterfaceStrDescriptor</a> from usbd_desc.o(i.USBD_FS_InterfaceStrDescriptor) referenced from usbd_desc.o(.data)
 <LI><a href="#[49]">USBD_FS_LangIDStrDescriptor</a> from usbd_desc.o(i.USBD_FS_LangIDStrDescriptor) referenced from usbd_desc.o(.data)
 <LI><a href="#[4a]">USBD_FS_ManufacturerStrDescriptor</a> from usbd_desc.o(i.USBD_FS_ManufacturerStrDescriptor) referenced from usbd_desc.o(.data)
 <LI><a href="#[4b]">USBD_FS_ProductStrDescriptor</a> from usbd_desc.o(i.USBD_FS_ProductStrDescriptor) referenced from usbd_desc.o(.data)
 <LI><a href="#[4c]">USBD_FS_SerialStrDescriptor</a> from usbd_desc.o(i.USBD_FS_SerialStrDescriptor) referenced from usbd_desc.o(.data)
 <LI><a href="#[52]">USBD_HID_DataIn</a> from usbd_hid.o(i.USBD_HID_DataIn) referenced from usbd_hid.o(.data)
 <LI><a href="#[50]">USBD_HID_DeInit</a> from usbd_hid.o(i.USBD_HID_DeInit) referenced from usbd_hid.o(.data)
 <LI><a href="#[56]">USBD_HID_GetDeviceQualifierDesc</a> from usbd_hid.o(i.USBD_HID_GetDeviceQualifierDesc) referenced from usbd_hid.o(.data)
 <LI><a href="#[54]">USBD_HID_GetFSCfgDesc</a> from usbd_hid.o(i.USBD_HID_GetFSCfgDesc) referenced from usbd_hid.o(.data)
 <LI><a href="#[53]">USBD_HID_GetHSCfgDesc</a> from usbd_hid.o(i.USBD_HID_GetHSCfgDesc) referenced from usbd_hid.o(.data)
 <LI><a href="#[55]">USBD_HID_GetOtherSpeedCfgDesc</a> from usbd_hid.o(i.USBD_HID_GetOtherSpeedCfgDesc) referenced from usbd_hid.o(.data)
 <LI><a href="#[4f]">USBD_HID_Init</a> from usbd_hid.o(i.USBD_HID_Init) referenced from usbd_hid.o(.data)
 <LI><a href="#[51]">USBD_HID_Setup</a> from usbd_hid.o(i.USBD_HID_Setup) referenced from usbd_hid.o(.data)
 <LI><a href="#[8]">UsageFault_Handler</a> from stm32f4xx_it.o(i.UsageFault_Handler) referenced from startup_stm32f411xe.o(RESET)
 <LI><a href="#[d]">WWDG_IRQHandler</a> from startup_stm32f411xe.o(.text) referenced from startup_stm32f411xe.o(RESET)
 <LI><a href="#[57]">__main</a> from __main.o(!!!main) referenced from startup_stm32f411xe.o(.text)
</UL>
<P>
<H3>
Global Symbols
</H3>
<P><STRONG><a name="[57]"></a>__main</STRONG> (Thumb, 8 bytes, Stack size 0 bytes, __main.o(!!!main))
<BR><BR>[Calls]<UL><LI><a href="#[59]">&gt;&gt;</a>&nbsp;&nbsp;&nbsp;__rt_entry
<LI><a href="#[58]">&gt;&gt;</a>&nbsp;&nbsp;&nbsp;__scatterload
</UL>

<P><STRONG><a name="[58]"></a>__scatterload</STRONG> (Thumb, 0 bytes, Stack size unknown bytes, __scatter.o(!!!scatter))
<BR><BR>[Called By]<UL><LI><a href="#[57]">&gt;&gt;</a>&nbsp;&nbsp;&nbsp;__main
</UL>

<P><STRONG><a name="[5a]"></a>__scatterload_rt2</STRONG> (Thumb, 44 bytes, Stack size unknown bytes, __scatter.o(!!!scatter), UNUSED)
<BR><BR>[Calls]<UL><LI><a href="#[59]">&gt;&gt;</a>&nbsp;&nbsp;&nbsp;__rt_entry
</UL>

<P><STRONG><a name="[ef]"></a>__scatterload_rt2_thumb_only</STRONG> (Thumb, 0 bytes, Stack size unknown bytes, __scatter.o(!!!scatter), UNUSED)

<P><STRONG><a name="[f0]"></a>__scatterload_null</STRONG> (Thumb, 0 bytes, Stack size unknown bytes, __scatter.o(!!!scatter), UNUSED)

<P><STRONG><a name="[5b]"></a>__scatterload_copy</STRONG> (Thumb, 26 bytes, Stack size unknown bytes, __scatter_copy.o(!!handler_copy), UNUSED)
<BR><BR>[Calls]<UL><LI><a href="#[5b]">&gt;&gt;</a>&nbsp;&nbsp;&nbsp;__scatterload_copy
</UL>
<BR>[Called By]<UL><LI><a href="#[5b]">&gt;&gt;</a>&nbsp;&nbsp;&nbsp;__scatterload_copy
</UL>

<P><STRONG><a name="[f1]"></a>__scatterload_zeroinit</STRONG> (Thumb, 28 bytes, Stack size unknown bytes, __scatter_zi.o(!!handler_zi), UNUSED)

<P><STRONG><a name="[61]"></a>__rt_lib_init</STRONG> (Thumb, 0 bytes, Stack size unknown bytes, libinit.o(.ARM.Collect$$libinit$$00000000))
<BR><BR>[Called By]<UL><LI><a href="#[60]">&gt;&gt;</a>&nbsp;&nbsp;&nbsp;__rt_entry_li
</UL>

<P><STRONG><a name="[5c]"></a>__rt_lib_init_fp_1</STRONG> (Thumb, 0 bytes, Stack size unknown bytes, libinit2.o(.ARM.Collect$$libinit$$00000001))
<BR><BR>[Calls]<UL><LI><a href="#[5d]">&gt;&gt;</a>&nbsp;&nbsp;&nbsp;_fp_init
</UL>

<P><STRONG><a name="[f2]"></a>__rt_lib_init_alloca_1</STRONG> (Thumb, 0 bytes, Stack size unknown bytes, libinit2.o(.ARM.Collect$$libinit$$0000002E))

<P><STRONG><a name="[f3]"></a>__rt_lib_init_argv_1</STRONG> (Thumb, 0 bytes, Stack size unknown bytes, libinit2.o(.ARM.Collect$$libinit$$0000002C))

<P><STRONG><a name="[f4]"></a>__rt_lib_init_atexit_1</STRONG> (Thumb, 0 bytes, Stack size unknown bytes, libinit2.o(.ARM.Collect$$libinit$$0000001B))

<P><STRONG><a name="[f5]"></a>__rt_lib_init_clock_1</STRONG> (Thumb, 0 bytes, Stack size unknown bytes, libinit2.o(.ARM.Collect$$libinit$$00000021))

<P><STRONG><a name="[f6]"></a>__rt_lib_init_cpp_1</STRONG> (Thumb, 0 bytes, Stack size unknown bytes, libinit2.o(.ARM.Collect$$libinit$$00000032))

<P><STRONG><a name="[f7]"></a>__rt_lib_init_exceptions_1</STRONG> (Thumb, 0 bytes, Stack size unknown bytes, libinit2.o(.ARM.Collect$$libinit$$00000030))

<P><STRONG><a name="[f8]"></a>__rt_lib_init_fp_trap_1</STRONG> (Thumb, 0 bytes, Stack size unknown bytes, libinit2.o(.ARM.Collect$$libinit$$0000001F))

<P><STRONG><a name="[f9]"></a>__rt_lib_init_getenv_1</STRONG> (Thumb, 0 bytes, Stack size unknown bytes, libinit2.o(.ARM.Collect$$libinit$$00000023))

<P><STRONG><a name="[fa]"></a>__rt_lib_init_heap_1</STRONG> (Thumb, 0 bytes, Stack size unknown bytes, libinit2.o(.ARM.Collect$$libinit$$0000000A))

<P><STRONG><a name="[fb]"></a>__rt_lib_init_lc_collate_1</STRONG> (Thumb, 0 bytes, Stack size unknown bytes, libinit2.o(.ARM.Collect$$libinit$$00000011))

<P><STRONG><a name="[fc]"></a>__rt_lib_init_lc_ctype_1</STRONG> (Thumb, 0 bytes, Stack size unknown bytes, libinit2.o(.ARM.Collect$$libinit$$00000013))

<P><STRONG><a name="[fd]"></a>__rt_lib_init_lc_monetary_1</STRONG> (Thumb, 0 bytes, Stack size unknown bytes, libinit2.o(.ARM.Collect$$libinit$$00000015))

<P><STRONG><a name="[fe]"></a>__rt_lib_init_lc_numeric_1</STRONG> (Thumb, 0 bytes, Stack size unknown bytes, libinit2.o(.ARM.Collect$$libinit$$00000017))

<P><STRONG><a name="[ff]"></a>__rt_lib_init_lc_time_1</STRONG> (Thumb, 0 bytes, Stack size unknown bytes, libinit2.o(.ARM.Collect$$libinit$$00000019))

<P><STRONG><a name="[100]"></a>__rt_lib_init_preinit_1</STRONG> (Thumb, 0 bytes, Stack size unknown bytes, libinit2.o(.ARM.Collect$$libinit$$00000004))

<P><STRONG><a name="[101]"></a>__rt_lib_init_rand_1</STRONG> (Thumb, 0 bytes, Stack size unknown bytes, libinit2.o(.ARM.Collect$$libinit$$0000000E))

<P><STRONG><a name="[102]"></a>__rt_lib_init_return</STRONG> (Thumb, 0 bytes, Stack size unknown bytes, libinit2.o(.ARM.Collect$$libinit$$00000033))

<P><STRONG><a name="[103]"></a>__rt_lib_init_signal_1</STRONG> (Thumb, 0 bytes, Stack size unknown bytes, libinit2.o(.ARM.Collect$$libinit$$0000001D))

<P><STRONG><a name="[104]"></a>__rt_lib_init_stdio_1</STRONG> (Thumb, 0 bytes, Stack size unknown bytes, libinit2.o(.ARM.Collect$$libinit$$00000025))

<P><STRONG><a name="[105]"></a>__rt_lib_init_user_alloc_1</STRONG> (Thumb, 0 bytes, Stack size unknown bytes, libinit2.o(.ARM.Collect$$libinit$$0000000C))

<P><STRONG><a name="[66]"></a>__rt_lib_shutdown</STRONG> (Thumb, 0 bytes, Stack size unknown bytes, libshutdown.o(.ARM.Collect$$libshutdown$$00000000))
<BR><BR>[Called By]<UL><LI><a href="#[65]">&gt;&gt;</a>&nbsp;&nbsp;&nbsp;__rt_exit_ls
</UL>

<P><STRONG><a name="[106]"></a>__rt_lib_shutdown_cpp_1</STRONG> (Thumb, 0 bytes, Stack size unknown bytes, libshutdown2.o(.ARM.Collect$$libshutdown$$00000002))

<P><STRONG><a name="[107]"></a>__rt_lib_shutdown_fp_trap_1</STRONG> (Thumb, 0 bytes, Stack size unknown bytes, libshutdown2.o(.ARM.Collect$$libshutdown$$00000007))

<P><STRONG><a name="[108]"></a>__rt_lib_shutdown_heap_1</STRONG> (Thumb, 0 bytes, Stack size unknown bytes, libshutdown2.o(.ARM.Collect$$libshutdown$$0000000F))

<P><STRONG><a name="[109]"></a>__rt_lib_shutdown_return</STRONG> (Thumb, 0 bytes, Stack size unknown bytes, libshutdown2.o(.ARM.Collect$$libshutdown$$00000010))

<P><STRONG><a name="[10a]"></a>__rt_lib_shutdown_signal_1</STRONG> (Thumb, 0 bytes, Stack size unknown bytes, libshutdown2.o(.ARM.Collect$$libshutdown$$0000000A))

<P><STRONG><a name="[10b]"></a>__rt_lib_shutdown_stdio_1</STRONG> (Thumb, 0 bytes, Stack size unknown bytes, libshutdown2.o(.ARM.Collect$$libshutdown$$00000004))

<P><STRONG><a name="[10c]"></a>__rt_lib_shutdown_user_alloc_1</STRONG> (Thumb, 0 bytes, Stack size unknown bytes, libshutdown2.o(.ARM.Collect$$libshutdown$$0000000C))

<P><STRONG><a name="[59]"></a>__rt_entry</STRONG> (Thumb, 0 bytes, Stack size unknown bytes, __rtentry.o(.ARM.Collect$$rtentry$$00000000))
<BR><BR>[Called By]<UL><LI><a href="#[57]">&gt;&gt;</a>&nbsp;&nbsp;&nbsp;__main
<LI><a href="#[5a]">&gt;&gt;</a>&nbsp;&nbsp;&nbsp;__scatterload_rt2
</UL>

<P><STRONG><a name="[10d]"></a>__rt_entry_presh_1</STRONG> (Thumb, 0 bytes, Stack size unknown bytes, __rtentry2.o(.ARM.Collect$$rtentry$$00000002))

<P><STRONG><a name="[5e]"></a>__rt_entry_sh</STRONG> (Thumb, 0 bytes, Stack size unknown bytes, __rtentry4.o(.ARM.Collect$$rtentry$$00000004))
<BR><BR>[Stack]<UL><LI>Max Depth = 8 + Unknown Stack Size
<LI>Call Chain = __rt_entry_sh &rArr; __user_setup_stackheap
</UL>
<BR>[Calls]<UL><LI><a href="#[5f]">&gt;&gt;</a>&nbsp;&nbsp;&nbsp;__user_setup_stackheap
</UL>

<P><STRONG><a name="[60]"></a>__rt_entry_li</STRONG> (Thumb, 0 bytes, Stack size unknown bytes, __rtentry2.o(.ARM.Collect$$rtentry$$0000000A))
<BR><BR>[Calls]<UL><LI><a href="#[61]">&gt;&gt;</a>&nbsp;&nbsp;&nbsp;__rt_lib_init
</UL>

<P><STRONG><a name="[10e]"></a>__rt_entry_postsh_1</STRONG> (Thumb, 0 bytes, Stack size unknown bytes, __rtentry2.o(.ARM.Collect$$rtentry$$00000009))

<P><STRONG><a name="[62]"></a>__rt_entry_main</STRONG> (Thumb, 0 bytes, Stack size unknown bytes, __rtentry2.o(.ARM.Collect$$rtentry$$0000000D))
<BR><BR>[Stack]<UL><LI>Max Depth = 176 + Unknown Stack Size
<LI>Call Chain = __rt_entry_main &rArr; main &rArr; SystemClock_Config &rArr; HAL_RCC_ClockConfig &rArr; HAL_RCC_GetSysClockFreq &rArr; __aeabi_uldivmod
</UL>
<BR>[Calls]<UL><LI><a href="#[63]">&gt;&gt;</a>&nbsp;&nbsp;&nbsp;main
<LI><a href="#[64]">&gt;&gt;</a>&nbsp;&nbsp;&nbsp;exit
</UL>

<P><STRONG><a name="[10f]"></a>__rt_entry_postli_1</STRONG> (Thumb, 0 bytes, Stack size unknown bytes, __rtentry2.o(.ARM.Collect$$rtentry$$0000000C))

<P><STRONG><a name="[6b]"></a>__rt_exit</STRONG> (Thumb, 0 bytes, Stack size unknown bytes, rtexit.o(.ARM.Collect$$rtexit$$00000000))
<BR><BR>[Called By]<UL><LI><a href="#[64]">&gt;&gt;</a>&nbsp;&nbsp;&nbsp;exit
</UL>

<P><STRONG><a name="[65]"></a>__rt_exit_ls</STRONG> (Thumb, 0 bytes, Stack size unknown bytes, rtexit2.o(.ARM.Collect$$rtexit$$00000003))
<BR><BR>[Calls]<UL><LI><a href="#[66]">&gt;&gt;</a>&nbsp;&nbsp;&nbsp;__rt_lib_shutdown
</UL>

<P><STRONG><a name="[110]"></a>__rt_exit_prels_1</STRONG> (Thumb, 0 bytes, Stack size unknown bytes, rtexit2.o(.ARM.Collect$$rtexit$$00000002))

<P><STRONG><a name="[67]"></a>__rt_exit_exit</STRONG> (Thumb, 0 bytes, Stack size unknown bytes, rtexit2.o(.ARM.Collect$$rtexit$$00000004))
<BR><BR>[Calls]<UL><LI><a href="#[68]">&gt;&gt;</a>&nbsp;&nbsp;&nbsp;_sys_exit
</UL>

<P><STRONG><a name="[3]"></a>Reset_Handler</STRONG> (Thumb, 8 bytes, Stack size 0 bytes, startup_stm32f411xe.o(.text))
<BR>[Address Reference Count : 1]<UL><LI> startup_stm32f411xe.o(RESET)
</UL>
<P><STRONG><a name="[1f]"></a>ADC_IRQHandler</STRONG> (Thumb, 0 bytes, Stack size 0 bytes, startup_stm32f411xe.o(.text))
<BR><BR>[Calls]<UL><LI><a href="#[1f]">&gt;&gt;</a>&nbsp;&nbsp;&nbsp;ADC_IRQHandler
</UL>
<BR>[Called By]<UL><LI><a href="#[1f]">&gt;&gt;</a>&nbsp;&nbsp;&nbsp;ADC_IRQHandler
</UL>
<BR>[Address Reference Count : 1]<UL><LI> startup_stm32f411xe.o(RESET)
</UL>
<P><STRONG><a name="[18]"></a>DMA1_Stream0_IRQHandler</STRONG> (Thumb, 0 bytes, Stack size 0 bytes, startup_stm32f411xe.o(.text))
<BR>[Address Reference Count : 1]<UL><LI> startup_stm32f411xe.o(RESET)
</UL>
<P><STRONG><a name="[19]"></a>DMA1_Stream1_IRQHandler</STRONG> (Thumb, 0 bytes, Stack size 0 bytes, startup_stm32f411xe.o(.text))
<BR>[Address Reference Count : 1]<UL><LI> startup_stm32f411xe.o(RESET)
</UL>
<P><STRONG><a name="[1a]"></a>DMA1_Stream2_IRQHandler</STRONG> (Thumb, 0 bytes, Stack size 0 bytes, startup_stm32f411xe.o(.text))
<BR>[Address Reference Count : 1]<UL><LI> startup_stm32f411xe.o(RESET)
</UL>
<P><STRONG><a name="[1b]"></a>DMA1_Stream3_IRQHandler</STRONG> (Thumb, 0 bytes, Stack size 0 bytes, startup_stm32f411xe.o(.text))
<BR>[Address Reference Count : 1]<UL><LI> startup_stm32f411xe.o(RESET)
</UL>
<P><STRONG><a name="[1c]"></a>DMA1_Stream4_IRQHandler</STRONG> (Thumb, 0 bytes, Stack size 0 bytes, startup_stm32f411xe.o(.text))
<BR>[Address Reference Count : 1]<UL><LI> startup_stm32f411xe.o(RESET)
</UL>
<P><STRONG><a name="[1d]"></a>DMA1_Stream5_IRQHandler</STRONG> (Thumb, 0 bytes, Stack size 0 bytes, startup_stm32f411xe.o(.text))
<BR>[Address Reference Count : 1]<UL><LI> startup_stm32f411xe.o(RESET)
</UL>
<P><STRONG><a name="[1e]"></a>DMA1_Stream6_IRQHandler</STRONG> (Thumb, 0 bytes, Stack size 0 bytes, startup_stm32f411xe.o(.text))
<BR>[Address Reference Count : 1]<UL><LI> startup_stm32f411xe.o(RESET)
</UL>
<P><STRONG><a name="[33]"></a>DMA1_Stream7_IRQHandler</STRONG> (Thumb, 0 bytes, Stack size 0 bytes, startup_stm32f411xe.o(.text))
<BR>[Address Reference Count : 1]<UL><LI> startup_stm32f411xe.o(RESET)
</UL>
<P><STRONG><a name="[37]"></a>DMA2_Stream0_IRQHandler</STRONG> (Thumb, 0 bytes, Stack size 0 bytes, startup_stm32f411xe.o(.text))
<BR>[Address Reference Count : 1]<UL><LI> startup_stm32f411xe.o(RESET)
</UL>
<P><STRONG><a name="[38]"></a>DMA2_Stream1_IRQHandler</STRONG> (Thumb, 0 bytes, Stack size 0 bytes, startup_stm32f411xe.o(.text))
<BR>[Address Reference Count : 1]<UL><LI> startup_stm32f411xe.o(RESET)
</UL>
<P><STRONG><a name="[39]"></a>DMA2_Stream2_IRQHandler</STRONG> (Thumb, 0 bytes, Stack size 0 bytes, startup_stm32f411xe.o(.text))
<BR>[Address Reference Count : 1]<UL><LI> startup_stm32f411xe.o(RESET)
</UL>
<P><STRONG><a name="[3a]"></a>DMA2_Stream3_IRQHandler</STRONG> (Thumb, 0 bytes, Stack size 0 bytes, startup_stm32f411xe.o(.text))
<BR>[Address Reference Count : 1]<UL><LI> startup_stm32f411xe.o(RESET)
</UL>
<P><STRONG><a name="[3b]"></a>DMA2_Stream4_IRQHandler</STRONG> (Thumb, 0 bytes, Stack size 0 bytes, startup_stm32f411xe.o(.text))
<BR>[Address Reference Count : 1]<UL><LI> startup_stm32f411xe.o(RESET)
</UL>
<P><STRONG><a name="[3d]"></a>DMA2_Stream5_IRQHandler</STRONG> (Thumb, 0 bytes, Stack size 0 bytes, startup_stm32f411xe.o(.text))
<BR>[Address Reference Count : 1]<UL><LI> startup_stm32f411xe.o(RESET)
</UL>
<P><STRONG><a name="[3e]"></a>DMA2_Stream6_IRQHandler</STRONG> (Thumb, 0 bytes, Stack size 0 bytes, startup_stm32f411xe.o(.text))
<BR>[Address Reference Count : 1]<UL><LI> startup_stm32f411xe.o(RESET)
</UL>
<P><STRONG><a name="[3f]"></a>DMA2_Stream7_IRQHandler</STRONG> (Thumb, 0 bytes, Stack size 0 bytes, startup_stm32f411xe.o(.text))
<BR>[Address Reference Count : 1]<UL><LI> startup_stm32f411xe.o(RESET)
</UL>
<P><STRONG><a name="[13]"></a>EXTI0_IRQHandler</STRONG> (Thumb, 0 bytes, Stack size 0 bytes, startup_stm32f411xe.o(.text))
<BR>[Address Reference Count : 1]<UL><LI> startup_stm32f411xe.o(RESET)
</UL>
<P><STRONG><a name="[30]"></a>EXTI15_10_IRQHandler</STRONG> (Thumb, 0 bytes, Stack size 0 bytes, startup_stm32f411xe.o(.text))
<BR>[Address Reference Count : 1]<UL><LI> startup_stm32f411xe.o(RESET)
</UL>
<P><STRONG><a name="[14]"></a>EXTI1_IRQHandler</STRONG> (Thumb, 0 bytes, Stack size 0 bytes, startup_stm32f411xe.o(.text))
<BR>[Address Reference Count : 1]<UL><LI> startup_stm32f411xe.o(RESET)
</UL>
<P><STRONG><a name="[15]"></a>EXTI2_IRQHandler</STRONG> (Thumb, 0 bytes, Stack size 0 bytes, startup_stm32f411xe.o(.text))
<BR>[Address Reference Count : 1]<UL><LI> startup_stm32f411xe.o(RESET)
</UL>
<P><STRONG><a name="[16]"></a>EXTI3_IRQHandler</STRONG> (Thumb, 0 bytes, Stack size 0 bytes, startup_stm32f411xe.o(.text))
<BR>[Address Reference Count : 1]<UL><LI> startup_stm32f411xe.o(RESET)
</UL>
<P><STRONG><a name="[17]"></a>EXTI4_IRQHandler</STRONG> (Thumb, 0 bytes, Stack size 0 bytes, startup_stm32f411xe.o(.text))
<BR>[Address Reference Count : 1]<UL><LI> startup_stm32f411xe.o(RESET)
</UL>
<P><STRONG><a name="[20]"></a>EXTI9_5_IRQHandler</STRONG> (Thumb, 0 bytes, Stack size 0 bytes, startup_stm32f411xe.o(.text))
<BR>[Address Reference Count : 1]<UL><LI> startup_stm32f411xe.o(RESET)
</UL>
<P><STRONG><a name="[11]"></a>FLASH_IRQHandler</STRONG> (Thumb, 0 bytes, Stack size 0 bytes, startup_stm32f411xe.o(.text))
<BR>[Address Reference Count : 1]<UL><LI> startup_stm32f411xe.o(RESET)
</UL>
<P><STRONG><a name="[43]"></a>FPU_IRQHandler</STRONG> (Thumb, 0 bytes, Stack size 0 bytes, startup_stm32f411xe.o(.text))
<BR>[Address Reference Count : 1]<UL><LI> startup_stm32f411xe.o(RESET)
</UL>
<P><STRONG><a name="[29]"></a>I2C1_ER_IRQHandler</STRONG> (Thumb, 0 bytes, Stack size 0 bytes, startup_stm32f411xe.o(.text))
<BR>[Address Reference Count : 1]<UL><LI> startup_stm32f411xe.o(RESET)
</UL>
<P><STRONG><a name="[28]"></a>I2C1_EV_IRQHandler</STRONG> (Thumb, 0 bytes, Stack size 0 bytes, startup_stm32f411xe.o(.text))
<BR>[Address Reference Count : 1]<UL><LI> startup_stm32f411xe.o(RESET)
</UL>
<P><STRONG><a name="[2b]"></a>I2C2_ER_IRQHandler</STRONG> (Thumb, 0 bytes, Stack size 0 bytes, startup_stm32f411xe.o(.text))
<BR>[Address Reference Count : 1]<UL><LI> startup_stm32f411xe.o(RESET)
</UL>
<P><STRONG><a name="[2a]"></a>I2C2_EV_IRQHandler</STRONG> (Thumb, 0 bytes, Stack size 0 bytes, startup_stm32f411xe.o(.text))
<BR>[Address Reference Count : 1]<UL><LI> startup_stm32f411xe.o(RESET)
</UL>
<P><STRONG><a name="[42]"></a>I2C3_ER_IRQHandler</STRONG> (Thumb, 0 bytes, Stack size 0 bytes, startup_stm32f411xe.o(.text))
<BR>[Address Reference Count : 1]<UL><LI> startup_stm32f411xe.o(RESET)
</UL>
<P><STRONG><a name="[41]"></a>I2C3_EV_IRQHandler</STRONG> (Thumb, 0 bytes, Stack size 0 bytes, startup_stm32f411xe.o(.text))
<BR>[Address Reference Count : 1]<UL><LI> startup_stm32f411xe.o(RESET)
</UL>
<P><STRONG><a name="[32]"></a>OTG_FS_WKUP_IRQHandler</STRONG> (Thumb, 0 bytes, Stack size 0 bytes, startup_stm32f411xe.o(.text))
<BR>[Address Reference Count : 1]<UL><LI> startup_stm32f411xe.o(RESET)
</UL>
<P><STRONG><a name="[e]"></a>PVD_IRQHandler</STRONG> (Thumb, 0 bytes, Stack size 0 bytes, startup_stm32f411xe.o(.text))
<BR>[Address Reference Count : 1]<UL><LI> startup_stm32f411xe.o(RESET)
</UL>
<P><STRONG><a name="[12]"></a>RCC_IRQHandler</STRONG> (Thumb, 0 bytes, Stack size 0 bytes, startup_stm32f411xe.o(.text))
<BR>[Address Reference Count : 1]<UL><LI> startup_stm32f411xe.o(RESET)
</UL>
<P><STRONG><a name="[31]"></a>RTC_Alarm_IRQHandler</STRONG> (Thumb, 0 bytes, Stack size 0 bytes, startup_stm32f411xe.o(.text))
<BR>[Address Reference Count : 1]<UL><LI> startup_stm32f411xe.o(RESET)
</UL>
<P><STRONG><a name="[10]"></a>RTC_WKUP_IRQHandler</STRONG> (Thumb, 0 bytes, Stack size 0 bytes, startup_stm32f411xe.o(.text))
<BR>[Address Reference Count : 1]<UL><LI> startup_stm32f411xe.o(RESET)
</UL>
<P><STRONG><a name="[34]"></a>SDIO_IRQHandler</STRONG> (Thumb, 0 bytes, Stack size 0 bytes, startup_stm32f411xe.o(.text))
<BR>[Address Reference Count : 1]<UL><LI> startup_stm32f411xe.o(RESET)
</UL>
<P><STRONG><a name="[2c]"></a>SPI1_IRQHandler</STRONG> (Thumb, 0 bytes, Stack size 0 bytes, startup_stm32f411xe.o(.text))
<BR>[Address Reference Count : 1]<UL><LI> startup_stm32f411xe.o(RESET)
</UL>
<P><STRONG><a name="[2d]"></a>SPI2_IRQHandler</STRONG> (Thumb, 0 bytes, Stack size 0 bytes, startup_stm32f411xe.o(.text))
<BR>[Address Reference Count : 1]<UL><LI> startup_stm32f411xe.o(RESET)
</UL>
<P><STRONG><a name="[36]"></a>SPI3_IRQHandler</STRONG> (Thumb, 0 bytes, Stack size 0 bytes, startup_stm32f411xe.o(.text))
<BR>[Address Reference Count : 1]<UL><LI> startup_stm32f411xe.o(RESET)
</UL>
<P><STRONG><a name="[44]"></a>SPI4_IRQHandler</STRONG> (Thumb, 0 bytes, Stack size 0 bytes, startup_stm32f411xe.o(.text))
<BR>[Address Reference Count : 1]<UL><LI> startup_stm32f411xe.o(RESET)
</UL>
<P><STRONG><a name="[45]"></a>SPI5_IRQHandler</STRONG> (Thumb, 0 bytes, Stack size 0 bytes, startup_stm32f411xe.o(.text))
<BR>[Address Reference Count : 1]<UL><LI> startup_stm32f411xe.o(RESET)
</UL>
<P><STRONG><a name="[f]"></a>TAMP_STAMP_IRQHandler</STRONG> (Thumb, 0 bytes, Stack size 0 bytes, startup_stm32f411xe.o(.text))
<BR>[Address Reference Count : 1]<UL><LI> startup_stm32f411xe.o(RESET)
</UL>
<P><STRONG><a name="[21]"></a>TIM1_BRK_TIM9_IRQHandler</STRONG> (Thumb, 0 bytes, Stack size 0 bytes, startup_stm32f411xe.o(.text))
<BR>[Address Reference Count : 1]<UL><LI> startup_stm32f411xe.o(RESET)
</UL>
<P><STRONG><a name="[24]"></a>TIM1_CC_IRQHandler</STRONG> (Thumb, 0 bytes, Stack size 0 bytes, startup_stm32f411xe.o(.text))
<BR>[Address Reference Count : 1]<UL><LI> startup_stm32f411xe.o(RESET)
</UL>
<P><STRONG><a name="[23]"></a>TIM1_TRG_COM_TIM11_IRQHandler</STRONG> (Thumb, 0 bytes, Stack size 0 bytes, startup_stm32f411xe.o(.text))
<BR>[Address Reference Count : 1]<UL><LI> startup_stm32f411xe.o(RESET)
</UL>
<P><STRONG><a name="[22]"></a>TIM1_UP_TIM10_IRQHandler</STRONG> (Thumb, 0 bytes, Stack size 0 bytes, startup_stm32f411xe.o(.text))
<BR>[Address Reference Count : 1]<UL><LI> startup_stm32f411xe.o(RESET)
</UL>
<P><STRONG><a name="[25]"></a>TIM2_IRQHandler</STRONG> (Thumb, 0 bytes, Stack size 0 bytes, startup_stm32f411xe.o(.text))
<BR>[Address Reference Count : 1]<UL><LI> startup_stm32f411xe.o(RESET)
</UL>
<P><STRONG><a name="[26]"></a>TIM3_IRQHandler</STRONG> (Thumb, 0 bytes, Stack size 0 bytes, startup_stm32f411xe.o(.text))
<BR>[Address Reference Count : 1]<UL><LI> startup_stm32f411xe.o(RESET)
</UL>
<P><STRONG><a name="[27]"></a>TIM4_IRQHandler</STRONG> (Thumb, 0 bytes, Stack size 0 bytes, startup_stm32f411xe.o(.text))
<BR>[Address Reference Count : 1]<UL><LI> startup_stm32f411xe.o(RESET)
</UL>
<P><STRONG><a name="[35]"></a>TIM5_IRQHandler</STRONG> (Thumb, 0 bytes, Stack size 0 bytes, startup_stm32f411xe.o(.text))
<BR>[Address Reference Count : 1]<UL><LI> startup_stm32f411xe.o(RESET)
</UL>
<P><STRONG><a name="[2e]"></a>USART1_IRQHandler</STRONG> (Thumb, 0 bytes, Stack size 0 bytes, startup_stm32f411xe.o(.text))
<BR>[Address Reference Count : 1]<UL><LI> startup_stm32f411xe.o(RESET)
</UL>
<P><STRONG><a name="[2f]"></a>USART2_IRQHandler</STRONG> (Thumb, 0 bytes, Stack size 0 bytes, startup_stm32f411xe.o(.text))
<BR>[Address Reference Count : 1]<UL><LI> startup_stm32f411xe.o(RESET)
</UL>
<P><STRONG><a name="[40]"></a>USART6_IRQHandler</STRONG> (Thumb, 0 bytes, Stack size 0 bytes, startup_stm32f411xe.o(.text))
<BR>[Address Reference Count : 1]<UL><LI> startup_stm32f411xe.o(RESET)
</UL>
<P><STRONG><a name="[d]"></a>WWDG_IRQHandler</STRONG> (Thumb, 0 bytes, Stack size 0 bytes, startup_stm32f411xe.o(.text))
<BR>[Address Reference Count : 1]<UL><LI> startup_stm32f411xe.o(RESET)
</UL>
<P><STRONG><a name="[6a]"></a>__user_initial_stackheap</STRONG> (Thumb, 0 bytes, Stack size unknown bytes, startup_stm32f411xe.o(.text))
<BR><BR>[Called By]<UL><LI><a href="#[5f]">&gt;&gt;</a>&nbsp;&nbsp;&nbsp;__user_setup_stackheap
</UL>

<P><STRONG><a name="[be]"></a>__aeabi_uldivmod</STRONG> (Thumb, 0 bytes, Stack size 48 bytes, lludivv7m.o(.text))
<BR><BR>[Stack]<UL><LI>Max Depth = 48<LI>Call Chain = __aeabi_uldivmod
</UL>
<BR>[Called By]<UL><LI><a href="#[bd]">&gt;&gt;</a>&nbsp;&nbsp;&nbsp;HAL_RCC_GetSysClockFreq
</UL>

<P><STRONG><a name="[111]"></a>_ll_udiv</STRONG> (Thumb, 238 bytes, Stack size 48 bytes, lludivv7m.o(.text), UNUSED)

<P><STRONG><a name="[a8]"></a>__aeabi_memcpy4</STRONG> (Thumb, 0 bytes, Stack size 8 bytes, rt_memcpy_w.o(.text))
<BR><BR>[Stack]<UL><LI>Max Depth = 8<LI>Call Chain = __aeabi_memcpy4
</UL>
<BR>[Called By]<UL><LI><a href="#[a5]">&gt;&gt;</a>&nbsp;&nbsp;&nbsp;HAL_PCD_Init
</UL>

<P><STRONG><a name="[112]"></a>__aeabi_memcpy8</STRONG> (Thumb, 0 bytes, Stack size 8 bytes, rt_memcpy_w.o(.text), UNUSED)

<P><STRONG><a name="[113]"></a>__rt_memcpy_w</STRONG> (Thumb, 100 bytes, Stack size 8 bytes, rt_memcpy_w.o(.text), UNUSED)

<P><STRONG><a name="[114]"></a>_memcpy_lastbytes_aligned</STRONG> (Thumb, 0 bytes, Stack size unknown bytes, rt_memcpy_w.o(.text), UNUSED)

<P><STRONG><a name="[ad]"></a>__aeabi_memclr4</STRONG> (Thumb, 0 bytes, Stack size 4 bytes, rt_memclr_w.o(.text))
<BR><BR>[Stack]<UL><LI>Max Depth = 4<LI>Call Chain = __aeabi_memclr4
</UL>
<BR>[Called By]<UL><LI><a href="#[a6]">&gt;&gt;</a>&nbsp;&nbsp;&nbsp;HAL_PCD_MspInit
<LI><a href="#[c0]">&gt;&gt;</a>&nbsp;&nbsp;&nbsp;MX_GPIO_Init
<LI><a href="#[c8]">&gt;&gt;</a>&nbsp;&nbsp;&nbsp;SystemClock_Config
</UL>

<P><STRONG><a name="[115]"></a>__aeabi_memclr8</STRONG> (Thumb, 0 bytes, Stack size 4 bytes, rt_memclr_w.o(.text), UNUSED)

<P><STRONG><a name="[116]"></a>__rt_memclr_w</STRONG> (Thumb, 78 bytes, Stack size 4 bytes, rt_memclr_w.o(.text), UNUSED)

<P><STRONG><a name="[117]"></a>_memset_w</STRONG> (Thumb, 0 bytes, Stack size unknown bytes, rt_memclr_w.o(.text), UNUSED)

<P><STRONG><a name="[118]"></a>__use_two_region_memory</STRONG> (Thumb, 2 bytes, Stack size 0 bytes, heapauxi.o(.text), UNUSED)

<P><STRONG><a name="[119]"></a>__rt_heap_escrow$2region</STRONG> (Thumb, 2 bytes, Stack size 0 bytes, heapauxi.o(.text), UNUSED)

<P><STRONG><a name="[11a]"></a>__rt_heap_expand$2region</STRONG> (Thumb, 2 bytes, Stack size 0 bytes, heapauxi.o(.text), UNUSED)

<P><STRONG><a name="[5f]"></a>__user_setup_stackheap</STRONG> (Thumb, 74 bytes, Stack size 8 bytes, sys_stackheap_outer.o(.text))
<BR><BR>[Stack]<UL><LI>Max Depth = 8 + Unknown Stack Size
<LI>Call Chain = __user_setup_stackheap
</UL>
<BR>[Calls]<UL><LI><a href="#[6a]">&gt;&gt;</a>&nbsp;&nbsp;&nbsp;__user_initial_stackheap
<LI><a href="#[69]">&gt;&gt;</a>&nbsp;&nbsp;&nbsp;__user_perproc_libspace
</UL>
<BR>[Called By]<UL><LI><a href="#[5e]">&gt;&gt;</a>&nbsp;&nbsp;&nbsp;__rt_entry_sh
</UL>

<P><STRONG><a name="[64]"></a>exit</STRONG> (Thumb, 18 bytes, Stack size 8 bytes, exit.o(.text))
<BR><BR>[Stack]<UL><LI>Max Depth = 8 + Unknown Stack Size
<LI>Call Chain = exit
</UL>
<BR>[Calls]<UL><LI><a href="#[6b]">&gt;&gt;</a>&nbsp;&nbsp;&nbsp;__rt_exit
</UL>
<BR>[Called By]<UL><LI><a href="#[62]">&gt;&gt;</a>&nbsp;&nbsp;&nbsp;__rt_entry_main
</UL>

<P><STRONG><a name="[11b]"></a>__user_libspace</STRONG> (Thumb, 8 bytes, Stack size 0 bytes, libspace.o(.text), UNUSED)

<P><STRONG><a name="[69]"></a>__user_perproc_libspace</STRONG> (Thumb, 0 bytes, Stack size 0 bytes, libspace.o(.text))
<BR><BR>[Called By]<UL><LI><a href="#[5f]">&gt;&gt;</a>&nbsp;&nbsp;&nbsp;__user_setup_stackheap
</UL>

<P><STRONG><a name="[11c]"></a>__user_perthread_libspace</STRONG> (Thumb, 0 bytes, Stack size 0 bytes, libspace.o(.text), UNUSED)

<P><STRONG><a name="[68]"></a>_sys_exit</STRONG> (Thumb, 8 bytes, Stack size 0 bytes, sys_exit.o(.text))
<BR><BR>[Called By]<UL><LI><a href="#[67]">&gt;&gt;</a>&nbsp;&nbsp;&nbsp;__rt_exit_exit
</UL>

<P><STRONG><a name="[11d]"></a>__I$use$semihosting</STRONG> (Thumb, 0 bytes, Stack size 0 bytes, use_no_semi.o(.text), UNUSED)

<P><STRONG><a name="[11e]"></a>__use_no_semihosting_swi</STRONG> (Thumb, 2 bytes, Stack size 0 bytes, use_no_semi.o(.text), UNUSED)

<P><STRONG><a name="[7]"></a>BusFault_Handler</STRONG> (Thumb, 2 bytes, Stack size 0 bytes, stm32f4xx_it.o(i.BusFault_Handler))
<BR><BR>[Calls]<UL><LI><a href="#[7]">&gt;&gt;</a>&nbsp;&nbsp;&nbsp;BusFault_Handler
</UL>
<BR>[Called By]<UL><LI><a href="#[7]">&gt;&gt;</a>&nbsp;&nbsp;&nbsp;BusFault_Handler
</UL>
<BR>[Address Reference Count : 1]<UL><LI> startup_stm32f411xe.o(RESET)
</UL>
<P><STRONG><a name="[11f]"></a>__semihosting_library_function</STRONG> (Thumb, 0 bytes, Stack size 0 bytes, indicate_semi.o(.text), UNUSED)

<P><STRONG><a name="[a]"></a>DebugMon_Handler</STRONG> (Thumb, 2 bytes, Stack size 0 bytes, stm32f4xx_it.o(i.DebugMon_Handler))
<BR>[Address Reference Count : 1]<UL><LI> startup_stm32f411xe.o(RESET)
</UL>
<P><STRONG><a name="[b0]"></a>Error_Handler</STRONG> (Thumb, 4 bytes, Stack size 0 bytes, main.o(i.Error_Handler))
<BR><BR>[Called By]<UL><LI><a href="#[db]">&gt;&gt;</a>&nbsp;&nbsp;&nbsp;USBD_LL_Init
<LI><a href="#[a1]">&gt;&gt;</a>&nbsp;&nbsp;&nbsp;HAL_PCD_ResetCallback
<LI><a href="#[c2]">&gt;&gt;</a>&nbsp;&nbsp;&nbsp;MX_USB_DEVICE_Init
</UL>

<P><STRONG><a name="[6c]"></a>HAL_Delay</STRONG> (Thumb, 32 bytes, Stack size 16 bytes, stm32f4xx_hal.o(i.HAL_Delay))
<BR><BR>[Stack]<UL><LI>Max Depth = 16<LI>Call Chain = HAL_Delay
</UL>
<BR>[Calls]<UL><LI><a href="#[6d]">&gt;&gt;</a>&nbsp;&nbsp;&nbsp;HAL_GetTick
</UL>
<BR>[Called By]<UL><LI><a href="#[aa]">&gt;&gt;</a>&nbsp;&nbsp;&nbsp;USB_SetCurrentMode
</UL>

<P><STRONG><a name="[ae]"></a>HAL_GPIO_Init</STRONG> (Thumb, 446 bytes, Stack size 40 bytes, stm32f4xx_hal_gpio.o(i.HAL_GPIO_Init))
<BR><BR>[Stack]<UL><LI>Max Depth = 40<LI>Call Chain = HAL_GPIO_Init
</UL>
<BR>[Called By]<UL><LI><a href="#[a6]">&gt;&gt;</a>&nbsp;&nbsp;&nbsp;HAL_PCD_MspInit
<LI><a href="#[c0]">&gt;&gt;</a>&nbsp;&nbsp;&nbsp;MX_GPIO_Init
</UL>

<P><STRONG><a name="[c1]"></a>HAL_GPIO_WritePin</STRONG> (Thumb, 10 bytes, Stack size 0 bytes, stm32f4xx_hal_gpio.o(i.HAL_GPIO_WritePin))
<BR><BR>[Called By]<UL><LI><a href="#[c0]">&gt;&gt;</a>&nbsp;&nbsp;&nbsp;MX_GPIO_Init
</UL>

<P><STRONG><a name="[6d]"></a>HAL_GetTick</STRONG> (Thumb, 6 bytes, Stack size 0 bytes, stm32f4xx_hal.o(i.HAL_GetTick))
<BR><BR>[Called By]<UL><LI><a href="#[6c]">&gt;&gt;</a>&nbsp;&nbsp;&nbsp;HAL_Delay
<LI><a href="#[bf]">&gt;&gt;</a>&nbsp;&nbsp;&nbsp;HAL_RCC_OscConfig
<LI><a href="#[bc]">&gt;&gt;</a>&nbsp;&nbsp;&nbsp;HAL_RCC_ClockConfig
</UL>

<P><STRONG><a name="[c7]"></a>HAL_IncTick</STRONG> (Thumb, 12 bytes, Stack size 0 bytes, stm32f4xx_hal.o(i.HAL_IncTick))
<BR><BR>[Called By]<UL><LI><a href="#[c]">&gt;&gt;</a>&nbsp;&nbsp;&nbsp;SysTick_Handler
</UL>

<P><STRONG><a name="[6e]"></a>HAL_Init</STRONG> (Thumb, 48 bytes, Stack size 8 bytes, stm32f4xx_hal.o(i.HAL_Init))
<BR><BR>[Stack]<UL><LI>Max Depth = 40<LI>Call Chain = HAL_Init &rArr; HAL_InitTick &rArr; HAL_NVIC_SetPriority
</UL>
<BR>[Calls]<UL><LI><a href="#[71]">&gt;&gt;</a>&nbsp;&nbsp;&nbsp;HAL_MspInit
<LI><a href="#[70]">&gt;&gt;</a>&nbsp;&nbsp;&nbsp;HAL_InitTick
<LI><a href="#[6f]">&gt;&gt;</a>&nbsp;&nbsp;&nbsp;HAL_NVIC_SetPriorityGrouping
</UL>
<BR>[Called By]<UL><LI><a href="#[63]">&gt;&gt;</a>&nbsp;&nbsp;&nbsp;main
</UL>

<P><STRONG><a name="[70]"></a>HAL_InitTick</STRONG> (Thumb, 54 bytes, Stack size 16 bytes, stm32f4xx_hal.o(i.HAL_InitTick))
<BR><BR>[Stack]<UL><LI>Max Depth = 32<LI>Call Chain = HAL_InitTick &rArr; HAL_NVIC_SetPriority
</UL>
<BR>[Calls]<UL><LI><a href="#[73]">&gt;&gt;</a>&nbsp;&nbsp;&nbsp;HAL_NVIC_SetPriority
<LI><a href="#[72]">&gt;&gt;</a>&nbsp;&nbsp;&nbsp;HAL_SYSTICK_Config
</UL>
<BR>[Called By]<UL><LI><a href="#[bc]">&gt;&gt;</a>&nbsp;&nbsp;&nbsp;HAL_RCC_ClockConfig
<LI><a href="#[6e]">&gt;&gt;</a>&nbsp;&nbsp;&nbsp;HAL_Init
</UL>

<P><STRONG><a name="[71]"></a>HAL_MspInit</STRONG> (Thumb, 42 bytes, Stack size 8 bytes, stm32f4xx_hal_msp.o(i.HAL_MspInit))
<BR><BR>[Stack]<UL><LI>Max Depth = 8<LI>Call Chain = HAL_MspInit
</UL>
<BR>[Called By]<UL><LI><a href="#[6e]">&gt;&gt;</a>&nbsp;&nbsp;&nbsp;HAL_Init
</UL>

<P><STRONG><a name="[af]"></a>HAL_NVIC_EnableIRQ</STRONG> (Thumb, 26 bytes, Stack size 0 bytes, stm32f4xx_hal_cortex.o(i.HAL_NVIC_EnableIRQ))
<BR><BR>[Called By]<UL><LI><a href="#[a6]">&gt;&gt;</a>&nbsp;&nbsp;&nbsp;HAL_PCD_MspInit
</UL>

<P><STRONG><a name="[73]"></a>HAL_NVIC_SetPriority</STRONG> (Thumb, 60 bytes, Stack size 16 bytes, stm32f4xx_hal_cortex.o(i.HAL_NVIC_SetPriority))
<BR><BR>[Stack]<UL><LI>Max Depth = 16<LI>Call Chain = HAL_NVIC_SetPriority
</UL>
<BR>[Calls]<UL><LI><a href="#[74]">&gt;&gt;</a>&nbsp;&nbsp;&nbsp;__NVIC_SetPriority
</UL>
<BR>[Called By]<UL><LI><a href="#[a6]">&gt;&gt;</a>&nbsp;&nbsp;&nbsp;HAL_PCD_MspInit
<LI><a href="#[70]">&gt;&gt;</a>&nbsp;&nbsp;&nbsp;HAL_InitTick
</UL>

<P><STRONG><a name="[6f]"></a>HAL_NVIC_SetPriorityGrouping</STRONG> (Thumb, 26 bytes, Stack size 0 bytes, stm32f4xx_hal_cortex.o(i.HAL_NVIC_SetPriorityGrouping))
<BR><BR>[Called By]<UL><LI><a href="#[6e]">&gt;&gt;</a>&nbsp;&nbsp;&nbsp;HAL_Init
</UL>

<P><STRONG><a name="[9c]"></a>HAL_PCDEx_LPM_Callback</STRONG> (Thumb, 2 bytes, Stack size 0 bytes, stm32f4xx_hal_pcd_ex.o(i.HAL_PCDEx_LPM_Callback))
<BR><BR>[Called By]<UL><LI><a href="#[8c]">&gt;&gt;</a>&nbsp;&nbsp;&nbsp;HAL_PCD_IRQHandler
</UL>

<P><STRONG><a name="[de]"></a>HAL_PCDEx_SetRxFiFo</STRONG> (Thumb, 8 bytes, Stack size 0 bytes, stm32f4xx_hal_pcd_ex.o(i.HAL_PCDEx_SetRxFiFo))
<BR><BR>[Called By]<UL><LI><a href="#[db]">&gt;&gt;</a>&nbsp;&nbsp;&nbsp;USBD_LL_Init
</UL>

<P><STRONG><a name="[df]"></a>HAL_PCDEx_SetTxFiFo</STRONG> (Thumb, 68 bytes, Stack size 20 bytes, stm32f4xx_hal_pcd_ex.o(i.HAL_PCDEx_SetTxFiFo))
<BR><BR>[Stack]<UL><LI>Max Depth = 20<LI>Call Chain = HAL_PCDEx_SetTxFiFo
</UL>
<BR>[Called By]<UL><LI><a href="#[db]">&gt;&gt;</a>&nbsp;&nbsp;&nbsp;USBD_LL_Init
</UL>

<P><STRONG><a name="[75]"></a>HAL_PCD_ConnectCallback</STRONG> (Thumb, 8 bytes, Stack size 0 bytes, usbd_conf.o(i.HAL_PCD_ConnectCallback))
<BR><BR>[Calls]<UL><LI><a href="#[76]">&gt;&gt;</a>&nbsp;&nbsp;&nbsp;USBD_LL_DevConnected
</UL>
<BR>[Called By]<UL><LI><a href="#[8c]">&gt;&gt;</a>&nbsp;&nbsp;&nbsp;HAL_PCD_IRQHandler
</UL>

<P><STRONG><a name="[77]"></a>HAL_PCD_DataInStageCallback</STRONG> (Thumb, 18 bytes, Stack size 0 bytes, usbd_conf.o(i.HAL_PCD_DataInStageCallback))
<BR><BR>[Stack]<UL><LI>Max Depth = 88<LI>Call Chain = HAL_PCD_DataInStageCallback &rArr; USBD_LL_DataInStage &rArr; USBD_CtlReceiveStatus &rArr; USBD_LL_PrepareReceive &rArr; HAL_PCD_EP_Receive &rArr; USB_EPStartXfer &rArr; USB_WritePacket
</UL>
<BR>[Calls]<UL><LI><a href="#[78]">&gt;&gt;</a>&nbsp;&nbsp;&nbsp;USBD_LL_DataInStage
</UL>
<BR>[Called By]<UL><LI><a href="#[8c]">&gt;&gt;</a>&nbsp;&nbsp;&nbsp;HAL_PCD_IRQHandler
</UL>

<P><STRONG><a name="[79]"></a>HAL_PCD_DataOutStageCallback</STRONG> (Thumb, 20 bytes, Stack size 0 bytes, usbd_conf.o(i.HAL_PCD_DataOutStageCallback))
<BR><BR>[Stack]<UL><LI>Max Depth = 80<LI>Call Chain = HAL_PCD_DataOutStageCallback &rArr; USBD_LL_DataOutStage &rArr; USBD_CtlSendStatus &rArr; USBD_LL_Transmit &rArr; HAL_PCD_EP_Transmit &rArr; USB_EPStartXfer &rArr; USB_WritePacket
</UL>
<BR>[Calls]<UL><LI><a href="#[7a]">&gt;&gt;</a>&nbsp;&nbsp;&nbsp;USBD_LL_DataOutStage
</UL>
<BR>[Called By]<UL><LI><a href="#[92]">&gt;&gt;</a>&nbsp;&nbsp;&nbsp;PCD_EP_OutXfrComplete_int
</UL>

<P><STRONG><a name="[7b]"></a>HAL_PCD_DisconnectCallback</STRONG> (Thumb, 8 bytes, Stack size 0 bytes, usbd_conf.o(i.HAL_PCD_DisconnectCallback))
<BR><BR>[Stack]<UL><LI>Max Depth = 8<LI>Call Chain = HAL_PCD_DisconnectCallback &rArr; USBD_LL_DevDisconnected
</UL>
<BR>[Calls]<UL><LI><a href="#[7c]">&gt;&gt;</a>&nbsp;&nbsp;&nbsp;USBD_LL_DevDisconnected
</UL>
<BR>[Called By]<UL><LI><a href="#[8c]">&gt;&gt;</a>&nbsp;&nbsp;&nbsp;HAL_PCD_IRQHandler
</UL>

<P><STRONG><a name="[7d]"></a>HAL_PCD_EP_Abort</STRONG> (Thumb, 30 bytes, Stack size 0 bytes, stm32f4xx_hal_pcd.o(i.HAL_PCD_EP_Abort))
<BR><BR>[Stack]<UL><LI>Max Depth = 16<LI>Call Chain = HAL_PCD_EP_Abort &rArr; USB_EPStopXfer
</UL>
<BR>[Calls]<UL><LI><a href="#[7e]">&gt;&gt;</a>&nbsp;&nbsp;&nbsp;USB_EPStopXfer
</UL>
<BR>[Called By]<UL><LI><a href="#[8c]">&gt;&gt;</a>&nbsp;&nbsp;&nbsp;HAL_PCD_IRQHandler
</UL>

<P><STRONG><a name="[7f]"></a>HAL_PCD_EP_Close</STRONG> (Thumb, 76 bytes, Stack size 16 bytes, stm32f4xx_hal_pcd.o(i.HAL_PCD_EP_Close))
<BR><BR>[Stack]<UL><LI>Max Depth = 28<LI>Call Chain = HAL_PCD_EP_Close &rArr; USB_DeactivateEndpoint
</UL>
<BR>[Calls]<UL><LI><a href="#[80]">&gt;&gt;</a>&nbsp;&nbsp;&nbsp;USB_DeactivateEndpoint
</UL>
<BR>[Called By]<UL><LI><a href="#[d7]">&gt;&gt;</a>&nbsp;&nbsp;&nbsp;USBD_LL_CloseEP
</UL>

<P><STRONG><a name="[81]"></a>HAL_PCD_EP_ClrStall</STRONG> (Thumb, 92 bytes, Stack size 16 bytes, stm32f4xx_hal_pcd.o(i.HAL_PCD_EP_ClrStall))
<BR><BR>[Stack]<UL><LI>Max Depth = 16<LI>Call Chain = HAL_PCD_EP_ClrStall
</UL>
<BR>[Calls]<UL><LI><a href="#[82]">&gt;&gt;</a>&nbsp;&nbsp;&nbsp;USB_EPClearStall
</UL>
<BR>[Called By]<UL><LI><a href="#[dc]">&gt;&gt;</a>&nbsp;&nbsp;&nbsp;USBD_LL_ClearStallEP
</UL>

<P><STRONG><a name="[83]"></a>HAL_PCD_EP_Open</STRONG> (Thumb, 96 bytes, Stack size 24 bytes, stm32f4xx_hal_pcd.o(i.HAL_PCD_EP_Open))
<BR><BR>[Stack]<UL><LI>Max Depth = 40<LI>Call Chain = HAL_PCD_EP_Open &rArr; USB_ActivateEndpoint
</UL>
<BR>[Calls]<UL><LI><a href="#[84]">&gt;&gt;</a>&nbsp;&nbsp;&nbsp;USB_ActivateEndpoint
</UL>
<BR>[Called By]<UL><LI><a href="#[da]">&gt;&gt;</a>&nbsp;&nbsp;&nbsp;USBD_LL_OpenEP
</UL>

<P><STRONG><a name="[85]"></a>HAL_PCD_EP_Receive</STRONG> (Thumb, 72 bytes, Stack size 16 bytes, stm32f4xx_hal_pcd.o(i.HAL_PCD_EP_Receive))
<BR><BR>[Stack]<UL><LI>Max Depth = 48<LI>Call Chain = HAL_PCD_EP_Receive &rArr; USB_EPStartXfer &rArr; USB_WritePacket
</UL>
<BR>[Calls]<UL><LI><a href="#[86]">&gt;&gt;</a>&nbsp;&nbsp;&nbsp;USB_EPStartXfer
<LI><a href="#[87]">&gt;&gt;</a>&nbsp;&nbsp;&nbsp;USB_EP0StartXfer
</UL>
<BR>[Called By]<UL><LI><a href="#[ca]">&gt;&gt;</a>&nbsp;&nbsp;&nbsp;USBD_LL_PrepareReceive
</UL>

<P><STRONG><a name="[88]"></a>HAL_PCD_EP_SetStall</STRONG> (Thumb, 116 bytes, Stack size 16 bytes, stm32f4xx_hal_pcd.o(i.HAL_PCD_EP_SetStall))
<BR><BR>[Stack]<UL><LI>Max Depth = 24<LI>Call Chain = HAL_PCD_EP_SetStall &rArr; USB_EP0_OutStart
</UL>
<BR>[Calls]<UL><LI><a href="#[89]">&gt;&gt;</a>&nbsp;&nbsp;&nbsp;USB_EPSetStall
<LI><a href="#[8a]">&gt;&gt;</a>&nbsp;&nbsp;&nbsp;USB_EP0_OutStart
</UL>
<BR>[Called By]<UL><LI><a href="#[ce]">&gt;&gt;</a>&nbsp;&nbsp;&nbsp;USBD_LL_StallEP
</UL>

<P><STRONG><a name="[8b]"></a>HAL_PCD_EP_Transmit</STRONG> (Thumb, 64 bytes, Stack size 16 bytes, stm32f4xx_hal_pcd.o(i.HAL_PCD_EP_Transmit))
<BR><BR>[Stack]<UL><LI>Max Depth = 48<LI>Call Chain = HAL_PCD_EP_Transmit &rArr; USB_EPStartXfer &rArr; USB_WritePacket
</UL>
<BR>[Calls]<UL><LI><a href="#[86]">&gt;&gt;</a>&nbsp;&nbsp;&nbsp;USB_EPStartXfer
<LI><a href="#[87]">&gt;&gt;</a>&nbsp;&nbsp;&nbsp;USB_EP0StartXfer
</UL>
<BR>[Called By]<UL><LI><a href="#[cc]">&gt;&gt;</a>&nbsp;&nbsp;&nbsp;USBD_LL_Transmit
</UL>

<P><STRONG><a name="[8c]"></a>HAL_PCD_IRQHandler</STRONG> (Thumb, 1376 bytes, Stack size 48 bytes, stm32f4xx_hal_pcd.o(i.HAL_PCD_IRQHandler))
<BR><BR>[Stack]<UL><LI>Max Depth = 176<LI>Call Chain = HAL_PCD_IRQHandler &rArr; HAL_PCD_SetupStageCallback &rArr; USBD_LL_SetupStage &rArr; USBD_StdDevReq &rArr; USBD_SetConfig &rArr; USBD_CtlSendStatus &rArr; USBD_LL_Transmit &rArr; HAL_PCD_EP_Transmit &rArr; USB_EPStartXfer &rArr; USB_WritePacket
</UL>
<BR>[Calls]<UL><LI><a href="#[99]">&gt;&gt;</a>&nbsp;&nbsp;&nbsp;PCD_WriteEmptyTxFifo
<LI><a href="#[92]">&gt;&gt;</a>&nbsp;&nbsp;&nbsp;PCD_EP_OutXfrComplete_int
<LI><a href="#[9b]">&gt;&gt;</a>&nbsp;&nbsp;&nbsp;HAL_PCD_SuspendCallback
<LI><a href="#[93]">&gt;&gt;</a>&nbsp;&nbsp;&nbsp;HAL_PCD_SetupStageCallback
<LI><a href="#[a2]">&gt;&gt;</a>&nbsp;&nbsp;&nbsp;HAL_PCD_SOFCallback
<LI><a href="#[9a]">&gt;&gt;</a>&nbsp;&nbsp;&nbsp;HAL_PCD_ResumeCallback
<LI><a href="#[a1]">&gt;&gt;</a>&nbsp;&nbsp;&nbsp;HAL_PCD_ResetCallback
<LI><a href="#[94]">&gt;&gt;</a>&nbsp;&nbsp;&nbsp;HAL_PCD_ISOOUTIncompleteCallback
<LI><a href="#[98]">&gt;&gt;</a>&nbsp;&nbsp;&nbsp;HAL_PCD_ISOINIncompleteCallback
<LI><a href="#[7b]">&gt;&gt;</a>&nbsp;&nbsp;&nbsp;HAL_PCD_DisconnectCallback
<LI><a href="#[77]">&gt;&gt;</a>&nbsp;&nbsp;&nbsp;HAL_PCD_DataInStageCallback
<LI><a href="#[75]">&gt;&gt;</a>&nbsp;&nbsp;&nbsp;HAL_PCD_ConnectCallback
<LI><a href="#[a0]">&gt;&gt;</a>&nbsp;&nbsp;&nbsp;USB_SetTurnaroundTime
<LI><a href="#[8f]">&gt;&gt;</a>&nbsp;&nbsp;&nbsp;USB_ReadPacket
<LI><a href="#[8e]">&gt;&gt;</a>&nbsp;&nbsp;&nbsp;USB_ReadInterrupts
<LI><a href="#[91]">&gt;&gt;</a>&nbsp;&nbsp;&nbsp;USB_ReadDevOutEPInterrupt
<LI><a href="#[96]">&gt;&gt;</a>&nbsp;&nbsp;&nbsp;USB_ReadDevInEPInterrupt
<LI><a href="#[90]">&gt;&gt;</a>&nbsp;&nbsp;&nbsp;USB_ReadDevAllOutEpInterrupt
<LI><a href="#[95]">&gt;&gt;</a>&nbsp;&nbsp;&nbsp;USB_ReadDevAllInEpInterrupt
<LI><a href="#[8d]">&gt;&gt;</a>&nbsp;&nbsp;&nbsp;USB_GetMode
<LI><a href="#[9e]">&gt;&gt;</a>&nbsp;&nbsp;&nbsp;USB_GetDevSpeed
<LI><a href="#[97]">&gt;&gt;</a>&nbsp;&nbsp;&nbsp;USB_FlushTxFifo
<LI><a href="#[8a]">&gt;&gt;</a>&nbsp;&nbsp;&nbsp;USB_EP0_OutStart
<LI><a href="#[9d]">&gt;&gt;</a>&nbsp;&nbsp;&nbsp;USB_ActivateSetup
<LI><a href="#[9f]">&gt;&gt;</a>&nbsp;&nbsp;&nbsp;HAL_RCC_GetHCLKFreq
<LI><a href="#[9c]">&gt;&gt;</a>&nbsp;&nbsp;&nbsp;HAL_PCDEx_LPM_Callback
<LI><a href="#[7d]">&gt;&gt;</a>&nbsp;&nbsp;&nbsp;HAL_PCD_EP_Abort
</UL>
<BR>[Called By]<UL><LI><a href="#[3c]">&gt;&gt;</a>&nbsp;&nbsp;&nbsp;OTG_FS_IRQHandler
</UL>

<P><STRONG><a name="[98]"></a>HAL_PCD_ISOINIncompleteCallback</STRONG> (Thumb, 8 bytes, Stack size 0 bytes, usbd_conf.o(i.HAL_PCD_ISOINIncompleteCallback))
<BR><BR>[Stack]<UL><LI>Max Depth = 8<LI>Call Chain = HAL_PCD_ISOINIncompleteCallback &rArr; USBD_LL_IsoINIncomplete
</UL>
<BR>[Calls]<UL><LI><a href="#[a3]">&gt;&gt;</a>&nbsp;&nbsp;&nbsp;USBD_LL_IsoINIncomplete
</UL>
<BR>[Called By]<UL><LI><a href="#[8c]">&gt;&gt;</a>&nbsp;&nbsp;&nbsp;HAL_PCD_IRQHandler
</UL>

<P><STRONG><a name="[94]"></a>HAL_PCD_ISOOUTIncompleteCallback</STRONG> (Thumb, 8 bytes, Stack size 0 bytes, usbd_conf.o(i.HAL_PCD_ISOOUTIncompleteCallback))
<BR><BR>[Stack]<UL><LI>Max Depth = 8<LI>Call Chain = HAL_PCD_ISOOUTIncompleteCallback &rArr; USBD_LL_IsoOUTIncomplete
</UL>
<BR>[Calls]<UL><LI><a href="#[a4]">&gt;&gt;</a>&nbsp;&nbsp;&nbsp;USBD_LL_IsoOUTIncomplete
</UL>
<BR>[Called By]<UL><LI><a href="#[8c]">&gt;&gt;</a>&nbsp;&nbsp;&nbsp;HAL_PCD_IRQHandler
</UL>

<P><STRONG><a name="[a5]"></a>HAL_PCD_Init</STRONG> (Thumb, 226 bytes, Stack size 64 bytes, stm32f4xx_hal_pcd.o(i.HAL_PCD_Init))
<BR><BR>[Stack]<UL><LI>Max Depth = 136<LI>Call Chain = HAL_PCD_Init &rArr; HAL_PCD_MspInit &rArr; HAL_GPIO_Init
</UL>
<BR>[Calls]<UL><LI><a href="#[a6]">&gt;&gt;</a>&nbsp;&nbsp;&nbsp;HAL_PCD_MspInit
<LI><a href="#[aa]">&gt;&gt;</a>&nbsp;&nbsp;&nbsp;USB_SetCurrentMode
<LI><a href="#[a7]">&gt;&gt;</a>&nbsp;&nbsp;&nbsp;USB_DisableGlobalInt
<LI><a href="#[ab]">&gt;&gt;</a>&nbsp;&nbsp;&nbsp;USB_DevInit
<LI><a href="#[ac]">&gt;&gt;</a>&nbsp;&nbsp;&nbsp;USB_DevDisconnect
<LI><a href="#[a9]">&gt;&gt;</a>&nbsp;&nbsp;&nbsp;USB_CoreInit
<LI><a href="#[a8]">&gt;&gt;</a>&nbsp;&nbsp;&nbsp;__aeabi_memcpy4
</UL>
<BR>[Called By]<UL><LI><a href="#[db]">&gt;&gt;</a>&nbsp;&nbsp;&nbsp;USBD_LL_Init
</UL>

<P><STRONG><a name="[a6]"></a>HAL_PCD_MspInit</STRONG> (Thumb, 122 bytes, Stack size 32 bytes, usbd_conf.o(i.HAL_PCD_MspInit))
<BR><BR>[Stack]<UL><LI>Max Depth = 72<LI>Call Chain = HAL_PCD_MspInit &rArr; HAL_GPIO_Init
</UL>
<BR>[Calls]<UL><LI><a href="#[73]">&gt;&gt;</a>&nbsp;&nbsp;&nbsp;HAL_NVIC_SetPriority
<LI><a href="#[af]">&gt;&gt;</a>&nbsp;&nbsp;&nbsp;HAL_NVIC_EnableIRQ
<LI><a href="#[ae]">&gt;&gt;</a>&nbsp;&nbsp;&nbsp;HAL_GPIO_Init
<LI><a href="#[ad]">&gt;&gt;</a>&nbsp;&nbsp;&nbsp;__aeabi_memclr4
</UL>
<BR>[Called By]<UL><LI><a href="#[a5]">&gt;&gt;</a>&nbsp;&nbsp;&nbsp;HAL_PCD_Init
</UL>

<P><STRONG><a name="[a1]"></a>HAL_PCD_ResetCallback</STRONG> (Thumb, 38 bytes, Stack size 16 bytes, usbd_conf.o(i.HAL_PCD_ResetCallback))
<BR><BR>[Stack]<UL><LI>Max Depth = 88<LI>Call Chain = HAL_PCD_ResetCallback &rArr; USBD_LL_Reset &rArr; USBD_LL_OpenEP &rArr; HAL_PCD_EP_Open &rArr; USB_ActivateEndpoint
</UL>
<BR>[Calls]<UL><LI><a href="#[b1]">&gt;&gt;</a>&nbsp;&nbsp;&nbsp;USBD_LL_SetSpeed
<LI><a href="#[b2]">&gt;&gt;</a>&nbsp;&nbsp;&nbsp;USBD_LL_Reset
<LI><a href="#[b0]">&gt;&gt;</a>&nbsp;&nbsp;&nbsp;Error_Handler
</UL>
<BR>[Called By]<UL><LI><a href="#[8c]">&gt;&gt;</a>&nbsp;&nbsp;&nbsp;HAL_PCD_IRQHandler
</UL>

<P><STRONG><a name="[9a]"></a>HAL_PCD_ResumeCallback</STRONG> (Thumb, 8 bytes, Stack size 0 bytes, usbd_conf.o(i.HAL_PCD_ResumeCallback))
<BR><BR>[Calls]<UL><LI><a href="#[b3]">&gt;&gt;</a>&nbsp;&nbsp;&nbsp;USBD_LL_Resume
</UL>
<BR>[Called By]<UL><LI><a href="#[8c]">&gt;&gt;</a>&nbsp;&nbsp;&nbsp;HAL_PCD_IRQHandler
</UL>

<P><STRONG><a name="[a2]"></a>HAL_PCD_SOFCallback</STRONG> (Thumb, 8 bytes, Stack size 0 bytes, usbd_conf.o(i.HAL_PCD_SOFCallback))
<BR><BR>[Stack]<UL><LI>Max Depth = 8<LI>Call Chain = HAL_PCD_SOFCallback &rArr; USBD_LL_SOF
</UL>
<BR>[Calls]<UL><LI><a href="#[b4]">&gt;&gt;</a>&nbsp;&nbsp;&nbsp;USBD_LL_SOF
</UL>
<BR>[Called By]<UL><LI><a href="#[8c]">&gt;&gt;</a>&nbsp;&nbsp;&nbsp;HAL_PCD_IRQHandler
</UL>

<P><STRONG><a name="[b5]"></a>HAL_PCD_SetAddress</STRONG> (Thumb, 40 bytes, Stack size 8 bytes, stm32f4xx_hal_pcd.o(i.HAL_PCD_SetAddress))
<BR><BR>[Stack]<UL><LI>Max Depth = 8<LI>Call Chain = HAL_PCD_SetAddress
</UL>
<BR>[Calls]<UL><LI><a href="#[b6]">&gt;&gt;</a>&nbsp;&nbsp;&nbsp;USB_SetDevAddress
</UL>
<BR>[Called By]<UL><LI><a href="#[e0]">&gt;&gt;</a>&nbsp;&nbsp;&nbsp;USBD_LL_SetUSBAddress
</UL>

<P><STRONG><a name="[93]"></a>HAL_PCD_SetupStageCallback</STRONG> (Thumb, 14 bytes, Stack size 0 bytes, usbd_conf.o(i.HAL_PCD_SetupStageCallback))
<BR><BR>[Stack]<UL><LI>Max Depth = 128<LI>Call Chain = HAL_PCD_SetupStageCallback &rArr; USBD_LL_SetupStage &rArr; USBD_StdDevReq &rArr; USBD_SetConfig &rArr; USBD_CtlSendStatus &rArr; USBD_LL_Transmit &rArr; HAL_PCD_EP_Transmit &rArr; USB_EPStartXfer &rArr; USB_WritePacket
</UL>
<BR>[Calls]<UL><LI><a href="#[b7]">&gt;&gt;</a>&nbsp;&nbsp;&nbsp;USBD_LL_SetupStage
</UL>
<BR>[Called By]<UL><LI><a href="#[8c]">&gt;&gt;</a>&nbsp;&nbsp;&nbsp;HAL_PCD_IRQHandler
</UL>

<P><STRONG><a name="[b8]"></a>HAL_PCD_Start</STRONG> (Thumb, 66 bytes, Stack size 8 bytes, stm32f4xx_hal_pcd.o(i.HAL_PCD_Start))
<BR><BR>[Stack]<UL><LI>Max Depth = 8<LI>Call Chain = HAL_PCD_Start
</UL>
<BR>[Calls]<UL><LI><a href="#[b9]">&gt;&gt;</a>&nbsp;&nbsp;&nbsp;USB_EnableGlobalInt
<LI><a href="#[ba]">&gt;&gt;</a>&nbsp;&nbsp;&nbsp;USB_DevConnect
</UL>
<BR>[Called By]<UL><LI><a href="#[e5]">&gt;&gt;</a>&nbsp;&nbsp;&nbsp;USBD_LL_Start
</UL>

<P><STRONG><a name="[9b]"></a>HAL_PCD_SuspendCallback</STRONG> (Thumb, 44 bytes, Stack size 8 bytes, usbd_conf.o(i.HAL_PCD_SuspendCallback))
<BR><BR>[Stack]<UL><LI>Max Depth = 8<LI>Call Chain = HAL_PCD_SuspendCallback
</UL>
<BR>[Calls]<UL><LI><a href="#[bb]">&gt;&gt;</a>&nbsp;&nbsp;&nbsp;USBD_LL_Suspend
</UL>
<BR>[Called By]<UL><LI><a href="#[8c]">&gt;&gt;</a>&nbsp;&nbsp;&nbsp;HAL_PCD_IRQHandler
</UL>

<P><STRONG><a name="[bc]"></a>HAL_RCC_ClockConfig</STRONG> (Thumb, 288 bytes, Stack size 32 bytes, stm32f4xx_hal_rcc.o(i.HAL_RCC_ClockConfig))
<BR><BR>[Stack]<UL><LI>Max Depth = 88<LI>Call Chain = HAL_RCC_ClockConfig &rArr; HAL_RCC_GetSysClockFreq &rArr; __aeabi_uldivmod
</UL>
<BR>[Calls]<UL><LI><a href="#[bd]">&gt;&gt;</a>&nbsp;&nbsp;&nbsp;HAL_RCC_GetSysClockFreq
<LI><a href="#[70]">&gt;&gt;</a>&nbsp;&nbsp;&nbsp;HAL_InitTick
<LI><a href="#[6d]">&gt;&gt;</a>&nbsp;&nbsp;&nbsp;HAL_GetTick
</UL>
<BR>[Called By]<UL><LI><a href="#[c8]">&gt;&gt;</a>&nbsp;&nbsp;&nbsp;SystemClock_Config
</UL>

<P><STRONG><a name="[9f]"></a>HAL_RCC_GetHCLKFreq</STRONG> (Thumb, 6 bytes, Stack size 0 bytes, stm32f4xx_hal_rcc.o(i.HAL_RCC_GetHCLKFreq))
<BR><BR>[Called By]<UL><LI><a href="#[8c]">&gt;&gt;</a>&nbsp;&nbsp;&nbsp;HAL_PCD_IRQHandler
</UL>

<P><STRONG><a name="[bd]"></a>HAL_RCC_GetSysClockFreq</STRONG> (Thumb, 88 bytes, Stack size 8 bytes, stm32f4xx_hal_rcc.o(i.HAL_RCC_GetSysClockFreq))
<BR><BR>[Stack]<UL><LI>Max Depth = 56<LI>Call Chain = HAL_RCC_GetSysClockFreq &rArr; __aeabi_uldivmod
</UL>
<BR>[Calls]<UL><LI><a href="#[be]">&gt;&gt;</a>&nbsp;&nbsp;&nbsp;__aeabi_uldivmod
</UL>
<BR>[Called By]<UL><LI><a href="#[bc]">&gt;&gt;</a>&nbsp;&nbsp;&nbsp;HAL_RCC_ClockConfig
</UL>

<P><STRONG><a name="[bf]"></a>HAL_RCC_OscConfig</STRONG> (Thumb, 856 bytes, Stack size 40 bytes, stm32f4xx_hal_rcc.o(i.HAL_RCC_OscConfig))
<BR><BR>[Stack]<UL><LI>Max Depth = 40<LI>Call Chain = HAL_RCC_OscConfig
</UL>
<BR>[Calls]<UL><LI><a href="#[6d]">&gt;&gt;</a>&nbsp;&nbsp;&nbsp;HAL_GetTick
</UL>
<BR>[Called By]<UL><LI><a href="#[c8]">&gt;&gt;</a>&nbsp;&nbsp;&nbsp;SystemClock_Config
</UL>

<P><STRONG><a name="[72]"></a>HAL_SYSTICK_Config</STRONG> (Thumb, 40 bytes, Stack size 8 bytes, stm32f4xx_hal_cortex.o(i.HAL_SYSTICK_Config))
<BR><BR>[Stack]<UL><LI>Max Depth = 8<LI>Call Chain = HAL_SYSTICK_Config
</UL>
<BR>[Calls]<UL><LI><a href="#[74]">&gt;&gt;</a>&nbsp;&nbsp;&nbsp;__NVIC_SetPriority
</UL>
<BR>[Called By]<UL><LI><a href="#[70]">&gt;&gt;</a>&nbsp;&nbsp;&nbsp;HAL_InitTick
</UL>

<P><STRONG><a name="[5]"></a>HardFault_Handler</STRONG> (Thumb, 2 bytes, Stack size 0 bytes, stm32f4xx_it.o(i.HardFault_Handler))
<BR><BR>[Calls]<UL><LI><a href="#[5]">&gt;&gt;</a>&nbsp;&nbsp;&nbsp;HardFault_Handler
</UL>
<BR>[Called By]<UL><LI><a href="#[5]">&gt;&gt;</a>&nbsp;&nbsp;&nbsp;HardFault_Handler
</UL>
<BR>[Address Reference Count : 1]<UL><LI> startup_stm32f411xe.o(RESET)
</UL>
<P><STRONG><a name="[c0]"></a>MX_GPIO_Init</STRONG> (Thumb, 84 bytes, Stack size 40 bytes, gpio.o(i.MX_GPIO_Init))
<BR><BR>[Stack]<UL><LI>Max Depth = 80<LI>Call Chain = MX_GPIO_Init &rArr; HAL_GPIO_Init
</UL>
<BR>[Calls]<UL><LI><a href="#[c1]">&gt;&gt;</a>&nbsp;&nbsp;&nbsp;HAL_GPIO_WritePin
<LI><a href="#[ae]">&gt;&gt;</a>&nbsp;&nbsp;&nbsp;HAL_GPIO_Init
<LI><a href="#[ad]">&gt;&gt;</a>&nbsp;&nbsp;&nbsp;__aeabi_memclr4
</UL>
<BR>[Called By]<UL><LI><a href="#[63]">&gt;&gt;</a>&nbsp;&nbsp;&nbsp;main
</UL>

<P><STRONG><a name="[c2]"></a>MX_USB_DEVICE_Init</STRONG> (Thumb, 52 bytes, Stack size 8 bytes, usb_device.o(i.MX_USB_DEVICE_Init))
<BR><BR>[Stack]<UL><LI>Max Depth = 152<LI>Call Chain = MX_USB_DEVICE_Init &rArr; USBD_Init &rArr; USBD_LL_Init &rArr; HAL_PCD_Init &rArr; HAL_PCD_MspInit &rArr; HAL_GPIO_Init
</UL>
<BR>[Calls]<UL><LI><a href="#[c5]">&gt;&gt;</a>&nbsp;&nbsp;&nbsp;USBD_Start
<LI><a href="#[c4]">&gt;&gt;</a>&nbsp;&nbsp;&nbsp;USBD_RegisterClass
<LI><a href="#[c3]">&gt;&gt;</a>&nbsp;&nbsp;&nbsp;USBD_Init
<LI><a href="#[b0]">&gt;&gt;</a>&nbsp;&nbsp;&nbsp;Error_Handler
</UL>
<BR>[Called By]<UL><LI><a href="#[63]">&gt;&gt;</a>&nbsp;&nbsp;&nbsp;main
</UL>

<P><STRONG><a name="[6]"></a>MemManage_Handler</STRONG> (Thumb, 2 bytes, Stack size 0 bytes, stm32f4xx_it.o(i.MemManage_Handler))
<BR><BR>[Calls]<UL><LI><a href="#[6]">&gt;&gt;</a>&nbsp;&nbsp;&nbsp;MemManage_Handler
</UL>
<BR>[Called By]<UL><LI><a href="#[6]">&gt;&gt;</a>&nbsp;&nbsp;&nbsp;MemManage_Handler
</UL>
<BR>[Address Reference Count : 1]<UL><LI> startup_stm32f411xe.o(RESET)
</UL>
<P><STRONG><a name="[4]"></a>NMI_Handler</STRONG> (Thumb, 2 bytes, Stack size 0 bytes, stm32f4xx_it.o(i.NMI_Handler))
<BR><BR>[Calls]<UL><LI><a href="#[4]">&gt;&gt;</a>&nbsp;&nbsp;&nbsp;NMI_Handler
</UL>
<BR>[Called By]<UL><LI><a href="#[4]">&gt;&gt;</a>&nbsp;&nbsp;&nbsp;NMI_Handler
</UL>
<BR>[Address Reference Count : 1]<UL><LI> startup_stm32f411xe.o(RESET)
</UL>
<P><STRONG><a name="[3c]"></a>OTG_FS_IRQHandler</STRONG> (Thumb, 6 bytes, Stack size 0 bytes, stm32f4xx_it.o(i.OTG_FS_IRQHandler))
<BR><BR>[Stack]<UL><LI>Max Depth = 176<LI>Call Chain = OTG_FS_IRQHandler &rArr; HAL_PCD_IRQHandler &rArr; HAL_PCD_SetupStageCallback &rArr; USBD_LL_SetupStage &rArr; USBD_StdDevReq &rArr; USBD_SetConfig &rArr; USBD_CtlSendStatus &rArr; USBD_LL_Transmit &rArr; HAL_PCD_EP_Transmit &rArr; USB_EPStartXfer &rArr; USB_WritePacket
</UL>
<BR>[Calls]<UL><LI><a href="#[8c]">&gt;&gt;</a>&nbsp;&nbsp;&nbsp;HAL_PCD_IRQHandler
</UL>
<BR>[Address Reference Count : 1]<UL><LI> startup_stm32f411xe.o(RESET)
</UL>
<P><STRONG><a name="[b]"></a>PendSV_Handler</STRONG> (Thumb, 2 bytes, Stack size 0 bytes, stm32f4xx_it.o(i.PendSV_Handler))
<BR>[Address Reference Count : 1]<UL><LI> startup_stm32f411xe.o(RESET)
</UL>
<P><STRONG><a name="[9]"></a>SVC_Handler</STRONG> (Thumb, 2 bytes, Stack size 0 bytes, stm32f4xx_it.o(i.SVC_Handler))
<BR>[Address Reference Count : 1]<UL><LI> startup_stm32f411xe.o(RESET)
</UL>
<P><STRONG><a name="[c]"></a>SysTick_Handler</STRONG> (Thumb, 4 bytes, Stack size 0 bytes, stm32f4xx_it.o(i.SysTick_Handler))
<BR><BR>[Calls]<UL><LI><a href="#[c7]">&gt;&gt;</a>&nbsp;&nbsp;&nbsp;HAL_IncTick
</UL>
<BR>[Address Reference Count : 1]<UL><LI> startup_stm32f411xe.o(RESET)
</UL>
<P><STRONG><a name="[c8]"></a>SystemClock_Config</STRONG> (Thumb, 134 bytes, Stack size 88 bytes, main.o(i.SystemClock_Config))
<BR><BR>[Stack]<UL><LI>Max Depth = 176<LI>Call Chain = SystemClock_Config &rArr; HAL_RCC_ClockConfig &rArr; HAL_RCC_GetSysClockFreq &rArr; __aeabi_uldivmod
</UL>
<BR>[Calls]<UL><LI><a href="#[bf]">&gt;&gt;</a>&nbsp;&nbsp;&nbsp;HAL_RCC_OscConfig
<LI><a href="#[bc]">&gt;&gt;</a>&nbsp;&nbsp;&nbsp;HAL_RCC_ClockConfig
<LI><a href="#[ad]">&gt;&gt;</a>&nbsp;&nbsp;&nbsp;__aeabi_memclr4
</UL>
<BR>[Called By]<UL><LI><a href="#[63]">&gt;&gt;</a>&nbsp;&nbsp;&nbsp;main
</UL>

<P><STRONG><a name="[46]"></a>SystemInit</STRONG> (Thumb, 12 bytes, Stack size 0 bytes, system_stm32f4xx.o(i.SystemInit))
<BR>[Address Reference Count : 1]<UL><LI> startup_stm32f411xe.o(.text)
</UL>
<P><STRONG><a name="[e8]"></a>USBD_ClrClassConfig</STRONG> (Thumb, 20 bytes, Stack size 8 bytes, usbd_core.o(i.USBD_ClrClassConfig))
<BR><BR>[Stack]<UL><LI>Max Depth = 8<LI>Call Chain = USBD_ClrClassConfig
</UL>
<BR>[Called By]<UL><LI><a href="#[e7]">&gt;&gt;</a>&nbsp;&nbsp;&nbsp;USBD_SetConfig
</UL>

<P><STRONG><a name="[ea]"></a>USBD_CoreFindEP</STRONG> (Thumb, 4 bytes, Stack size 0 bytes, usbd_core.o(i.USBD_CoreFindEP))
<BR><BR>[Called By]<UL><LI><a href="#[e4]">&gt;&gt;</a>&nbsp;&nbsp;&nbsp;USBD_StdEPReq
</UL>

<P><STRONG><a name="[ec]"></a>USBD_CoreFindIF</STRONG> (Thumb, 4 bytes, Stack size 0 bytes, usbd_core.o(i.USBD_CoreFindIF))
<BR><BR>[Called By]<UL><LI><a href="#[e3]">&gt;&gt;</a>&nbsp;&nbsp;&nbsp;USBD_StdItfReq
</UL>

<P><STRONG><a name="[c9]"></a>USBD_CtlContinueRx</STRONG> (Thumb, 16 bytes, Stack size 8 bytes, usbd_ioreq.o(i.USBD_CtlContinueRx))
<BR><BR>[Stack]<UL><LI>Max Depth = 64<LI>Call Chain = USBD_CtlContinueRx &rArr; USBD_LL_PrepareReceive &rArr; HAL_PCD_EP_Receive &rArr; USB_EPStartXfer &rArr; USB_WritePacket
</UL>
<BR>[Calls]<UL><LI><a href="#[ca]">&gt;&gt;</a>&nbsp;&nbsp;&nbsp;USBD_LL_PrepareReceive
</UL>
<BR>[Called By]<UL><LI><a href="#[7a]">&gt;&gt;</a>&nbsp;&nbsp;&nbsp;USBD_LL_DataOutStage
</UL>

<P><STRONG><a name="[cb]"></a>USBD_CtlContinueSendData</STRONG> (Thumb, 16 bytes, Stack size 8 bytes, usbd_ioreq.o(i.USBD_CtlContinueSendData))
<BR><BR>[Stack]<UL><LI>Max Depth = 64<LI>Call Chain = USBD_CtlContinueSendData &rArr; USBD_LL_Transmit &rArr; HAL_PCD_EP_Transmit &rArr; USB_EPStartXfer &rArr; USB_WritePacket
</UL>
<BR>[Calls]<UL><LI><a href="#[cc]">&gt;&gt;</a>&nbsp;&nbsp;&nbsp;USBD_LL_Transmit
</UL>
<BR>[Called By]<UL><LI><a href="#[78]">&gt;&gt;</a>&nbsp;&nbsp;&nbsp;USBD_LL_DataInStage
</UL>

<P><STRONG><a name="[cd]"></a>USBD_CtlError</STRONG> (Thumb, 22 bytes, Stack size 8 bytes, usbd_ctlreq.o(i.USBD_CtlError))
<BR><BR>[Stack]<UL><LI>Max Depth = 40<LI>Call Chain = USBD_CtlError &rArr; USBD_LL_StallEP &rArr; HAL_PCD_EP_SetStall &rArr; USB_EP0_OutStart
</UL>
<BR>[Calls]<UL><LI><a href="#[ce]">&gt;&gt;</a>&nbsp;&nbsp;&nbsp;USBD_LL_StallEP
</UL>
<BR>[Called By]<UL><LI><a href="#[51]">&gt;&gt;</a>&nbsp;&nbsp;&nbsp;USBD_HID_Setup
<LI><a href="#[e7]">&gt;&gt;</a>&nbsp;&nbsp;&nbsp;USBD_SetConfig
<LI><a href="#[d4]">&gt;&gt;</a>&nbsp;&nbsp;&nbsp;USBD_GetDescriptor
<LI><a href="#[e3]">&gt;&gt;</a>&nbsp;&nbsp;&nbsp;USBD_StdItfReq
<LI><a href="#[e4]">&gt;&gt;</a>&nbsp;&nbsp;&nbsp;USBD_StdEPReq
<LI><a href="#[e2]">&gt;&gt;</a>&nbsp;&nbsp;&nbsp;USBD_StdDevReq
</UL>

<P><STRONG><a name="[cf]"></a>USBD_CtlReceiveStatus</STRONG> (Thumb, 22 bytes, Stack size 8 bytes, usbd_ioreq.o(i.USBD_CtlReceiveStatus))
<BR><BR>[Stack]<UL><LI>Max Depth = 64<LI>Call Chain = USBD_CtlReceiveStatus &rArr; USBD_LL_PrepareReceive &rArr; HAL_PCD_EP_Receive &rArr; USB_EPStartXfer &rArr; USB_WritePacket
</UL>
<BR>[Calls]<UL><LI><a href="#[ca]">&gt;&gt;</a>&nbsp;&nbsp;&nbsp;USBD_LL_PrepareReceive
</UL>
<BR>[Called By]<UL><LI><a href="#[78]">&gt;&gt;</a>&nbsp;&nbsp;&nbsp;USBD_LL_DataInStage
</UL>

<P><STRONG><a name="[d0]"></a>USBD_CtlSendData</STRONG> (Thumb, 26 bytes, Stack size 8 bytes, usbd_ioreq.o(i.USBD_CtlSendData))
<BR><BR>[Stack]<UL><LI>Max Depth = 64<LI>Call Chain = USBD_CtlSendData &rArr; USBD_LL_Transmit &rArr; HAL_PCD_EP_Transmit &rArr; USB_EPStartXfer &rArr; USB_WritePacket
</UL>
<BR>[Calls]<UL><LI><a href="#[cc]">&gt;&gt;</a>&nbsp;&nbsp;&nbsp;USBD_LL_Transmit
</UL>
<BR>[Called By]<UL><LI><a href="#[51]">&gt;&gt;</a>&nbsp;&nbsp;&nbsp;USBD_HID_Setup
<LI><a href="#[d4]">&gt;&gt;</a>&nbsp;&nbsp;&nbsp;USBD_GetDescriptor
<LI><a href="#[e4]">&gt;&gt;</a>&nbsp;&nbsp;&nbsp;USBD_StdEPReq
<LI><a href="#[e2]">&gt;&gt;</a>&nbsp;&nbsp;&nbsp;USBD_StdDevReq
</UL>

<P><STRONG><a name="[d1]"></a>USBD_CtlSendStatus</STRONG> (Thumb, 22 bytes, Stack size 8 bytes, usbd_ioreq.o(i.USBD_CtlSendStatus))
<BR><BR>[Stack]<UL><LI>Max Depth = 64<LI>Call Chain = USBD_CtlSendStatus &rArr; USBD_LL_Transmit &rArr; HAL_PCD_EP_Transmit &rArr; USB_EPStartXfer &rArr; USB_WritePacket
</UL>
<BR>[Calls]<UL><LI><a href="#[cc]">&gt;&gt;</a>&nbsp;&nbsp;&nbsp;USBD_LL_Transmit
</UL>
<BR>[Called By]<UL><LI><a href="#[7a]">&gt;&gt;</a>&nbsp;&nbsp;&nbsp;USBD_LL_DataOutStage
<LI><a href="#[e7]">&gt;&gt;</a>&nbsp;&nbsp;&nbsp;USBD_SetConfig
<LI><a href="#[d4]">&gt;&gt;</a>&nbsp;&nbsp;&nbsp;USBD_GetDescriptor
<LI><a href="#[e3]">&gt;&gt;</a>&nbsp;&nbsp;&nbsp;USBD_StdItfReq
<LI><a href="#[e4]">&gt;&gt;</a>&nbsp;&nbsp;&nbsp;USBD_StdEPReq
<LI><a href="#[e2]">&gt;&gt;</a>&nbsp;&nbsp;&nbsp;USBD_StdDevReq
</UL>

<P><STRONG><a name="[4d]"></a>USBD_FS_ConfigStrDescriptor</STRONG> (Thumb, 16 bytes, Stack size 8 bytes, usbd_desc.o(i.USBD_FS_ConfigStrDescriptor))
<BR><BR>[Stack]<UL><LI>Max Depth = 24<LI>Call Chain = USBD_FS_ConfigStrDescriptor &rArr; USBD_GetString
</UL>
<BR>[Calls]<UL><LI><a href="#[d2]">&gt;&gt;</a>&nbsp;&nbsp;&nbsp;USBD_GetString
</UL>
<BR>[Address Reference Count : 1]<UL><LI> usbd_desc.o(.data)
</UL>
<P><STRONG><a name="[48]"></a>USBD_FS_DeviceDescriptor</STRONG> (Thumb, 8 bytes, Stack size 0 bytes, usbd_desc.o(i.USBD_FS_DeviceDescriptor))
<BR>[Address Reference Count : 1]<UL><LI> usbd_desc.o(.data)
</UL>
<P><STRONG><a name="[4e]"></a>USBD_FS_InterfaceStrDescriptor</STRONG> (Thumb, 16 bytes, Stack size 8 bytes, usbd_desc.o(i.USBD_FS_InterfaceStrDescriptor))
<BR><BR>[Stack]<UL><LI>Max Depth = 24<LI>Call Chain = USBD_FS_InterfaceStrDescriptor &rArr; USBD_GetString
</UL>
<BR>[Calls]<UL><LI><a href="#[d2]">&gt;&gt;</a>&nbsp;&nbsp;&nbsp;USBD_GetString
</UL>
<BR>[Address Reference Count : 1]<UL><LI> usbd_desc.o(.data)
</UL>
<P><STRONG><a name="[49]"></a>USBD_FS_LangIDStrDescriptor</STRONG> (Thumb, 8 bytes, Stack size 0 bytes, usbd_desc.o(i.USBD_FS_LangIDStrDescriptor))
<BR>[Address Reference Count : 1]<UL><LI> usbd_desc.o(.data)
</UL>
<P><STRONG><a name="[4a]"></a>USBD_FS_ManufacturerStrDescriptor</STRONG> (Thumb, 16 bytes, Stack size 8 bytes, usbd_desc.o(i.USBD_FS_ManufacturerStrDescriptor))
<BR><BR>[Stack]<UL><LI>Max Depth = 24<LI>Call Chain = USBD_FS_ManufacturerStrDescriptor &rArr; USBD_GetString
</UL>
<BR>[Calls]<UL><LI><a href="#[d2]">&gt;&gt;</a>&nbsp;&nbsp;&nbsp;USBD_GetString
</UL>
<BR>[Address Reference Count : 1]<UL><LI> usbd_desc.o(.data)
</UL>
<P><STRONG><a name="[4b]"></a>USBD_FS_ProductStrDescriptor</STRONG> (Thumb, 16 bytes, Stack size 8 bytes, usbd_desc.o(i.USBD_FS_ProductStrDescriptor))
<BR><BR>[Stack]<UL><LI>Max Depth = 24<LI>Call Chain = USBD_FS_ProductStrDescriptor &rArr; USBD_GetString
</UL>
<BR>[Calls]<UL><LI><a href="#[d2]">&gt;&gt;</a>&nbsp;&nbsp;&nbsp;USBD_GetString
</UL>
<BR>[Address Reference Count : 1]<UL><LI> usbd_desc.o(.data)
</UL>
<P><STRONG><a name="[4c]"></a>USBD_FS_SerialStrDescriptor</STRONG> (Thumb, 48 bytes, Stack size 8 bytes, usbd_desc.o(i.USBD_FS_SerialStrDescriptor))
<BR><BR>[Stack]<UL><LI>Max Depth = 28<LI>Call Chain = USBD_FS_SerialStrDescriptor &rArr; IntToUnicode
</UL>
<BR>[Calls]<UL><LI><a href="#[d3]">&gt;&gt;</a>&nbsp;&nbsp;&nbsp;IntToUnicode
</UL>
<BR>[Address Reference Count : 1]<UL><LI> usbd_desc.o(.data)
</UL>
<P><STRONG><a name="[d5]"></a>USBD_GetEpDesc</STRONG> (Thumb, 58 bytes, Stack size 20 bytes, usbd_core.o(i.USBD_GetEpDesc))
<BR><BR>[Stack]<UL><LI>Max Depth = 20<LI>Call Chain = USBD_GetEpDesc
</UL>
<BR>[Calls]<UL><LI><a href="#[d6]">&gt;&gt;</a>&nbsp;&nbsp;&nbsp;USBD_GetNextDesc
</UL>
<BR>[Called By]<UL><LI><a href="#[55]">&gt;&gt;</a>&nbsp;&nbsp;&nbsp;USBD_HID_GetOtherSpeedCfgDesc
<LI><a href="#[53]">&gt;&gt;</a>&nbsp;&nbsp;&nbsp;USBD_HID_GetHSCfgDesc
<LI><a href="#[54]">&gt;&gt;</a>&nbsp;&nbsp;&nbsp;USBD_HID_GetFSCfgDesc
</UL>

<P><STRONG><a name="[d6]"></a>USBD_GetNextDesc</STRONG> (Thumb, 14 bytes, Stack size 0 bytes, usbd_core.o(i.USBD_GetNextDesc))
<BR><BR>[Called By]<UL><LI><a href="#[d5]">&gt;&gt;</a>&nbsp;&nbsp;&nbsp;USBD_GetEpDesc
</UL>

<P><STRONG><a name="[d2]"></a>USBD_GetString</STRONG> (Thumb, 72 bytes, Stack size 16 bytes, usbd_ctlreq.o(i.USBD_GetString))
<BR><BR>[Stack]<UL><LI>Max Depth = 16<LI>Call Chain = USBD_GetString
</UL>
<BR>[Called By]<UL><LI><a href="#[4b]">&gt;&gt;</a>&nbsp;&nbsp;&nbsp;USBD_FS_ProductStrDescriptor
<LI><a href="#[4a]">&gt;&gt;</a>&nbsp;&nbsp;&nbsp;USBD_FS_ManufacturerStrDescriptor
<LI><a href="#[4e]">&gt;&gt;</a>&nbsp;&nbsp;&nbsp;USBD_FS_InterfaceStrDescriptor
<LI><a href="#[4d]">&gt;&gt;</a>&nbsp;&nbsp;&nbsp;USBD_FS_ConfigStrDescriptor
</UL>

<P><STRONG><a name="[dd]"></a>USBD_Get_USB_Status</STRONG> (Thumb, 24 bytes, Stack size 0 bytes, usbd_conf.o(i.USBD_Get_USB_Status))
<BR><BR>[Called By]<UL><LI><a href="#[cc]">&gt;&gt;</a>&nbsp;&nbsp;&nbsp;USBD_LL_Transmit
<LI><a href="#[e5]">&gt;&gt;</a>&nbsp;&nbsp;&nbsp;USBD_LL_Start
<LI><a href="#[ce]">&gt;&gt;</a>&nbsp;&nbsp;&nbsp;USBD_LL_StallEP
<LI><a href="#[e0]">&gt;&gt;</a>&nbsp;&nbsp;&nbsp;USBD_LL_SetUSBAddress
<LI><a href="#[ca]">&gt;&gt;</a>&nbsp;&nbsp;&nbsp;USBD_LL_PrepareReceive
<LI><a href="#[da]">&gt;&gt;</a>&nbsp;&nbsp;&nbsp;USBD_LL_OpenEP
<LI><a href="#[d7]">&gt;&gt;</a>&nbsp;&nbsp;&nbsp;USBD_LL_CloseEP
<LI><a href="#[dc]">&gt;&gt;</a>&nbsp;&nbsp;&nbsp;USBD_LL_ClearStallEP
</UL>

<P><STRONG><a name="[c3]"></a>USBD_Init</STRONG> (Thumb, 38 bytes, Stack size 0 bytes, usbd_core.o(i.USBD_Init))
<BR><BR>[Stack]<UL><LI>Max Depth = 144<LI>Call Chain = USBD_Init &rArr; USBD_LL_Init &rArr; HAL_PCD_Init &rArr; HAL_PCD_MspInit &rArr; HAL_GPIO_Init
</UL>
<BR>[Calls]<UL><LI><a href="#[db]">&gt;&gt;</a>&nbsp;&nbsp;&nbsp;USBD_LL_Init
</UL>
<BR>[Called By]<UL><LI><a href="#[c2]">&gt;&gt;</a>&nbsp;&nbsp;&nbsp;MX_USB_DEVICE_Init
</UL>

<P><STRONG><a name="[dc]"></a>USBD_LL_ClearStallEP</STRONG> (Thumb, 18 bytes, Stack size 8 bytes, usbd_conf.o(i.USBD_LL_ClearStallEP))
<BR><BR>[Stack]<UL><LI>Max Depth = 24<LI>Call Chain = USBD_LL_ClearStallEP &rArr; HAL_PCD_EP_ClrStall
</UL>
<BR>[Calls]<UL><LI><a href="#[81]">&gt;&gt;</a>&nbsp;&nbsp;&nbsp;HAL_PCD_EP_ClrStall
<LI><a href="#[dd]">&gt;&gt;</a>&nbsp;&nbsp;&nbsp;USBD_Get_USB_Status
</UL>
<BR>[Called By]<UL><LI><a href="#[e4]">&gt;&gt;</a>&nbsp;&nbsp;&nbsp;USBD_StdEPReq
</UL>

<P><STRONG><a name="[d7]"></a>USBD_LL_CloseEP</STRONG> (Thumb, 18 bytes, Stack size 8 bytes, usbd_conf.o(i.USBD_LL_CloseEP))
<BR><BR>[Stack]<UL><LI>Max Depth = 36<LI>Call Chain = USBD_LL_CloseEP &rArr; HAL_PCD_EP_Close &rArr; USB_DeactivateEndpoint
</UL>
<BR>[Calls]<UL><LI><a href="#[7f]">&gt;&gt;</a>&nbsp;&nbsp;&nbsp;HAL_PCD_EP_Close
<LI><a href="#[dd]">&gt;&gt;</a>&nbsp;&nbsp;&nbsp;USBD_Get_USB_Status
</UL>
<BR>[Called By]<UL><LI><a href="#[50]">&gt;&gt;</a>&nbsp;&nbsp;&nbsp;USBD_HID_DeInit
</UL>

<P><STRONG><a name="[78]"></a>USBD_LL_DataInStage</STRONG> (Thumb, 182 bytes, Stack size 24 bytes, usbd_core.o(i.USBD_LL_DataInStage))
<BR><BR>[Stack]<UL><LI>Max Depth = 88<LI>Call Chain = USBD_LL_DataInStage &rArr; USBD_CtlReceiveStatus &rArr; USBD_LL_PrepareReceive &rArr; HAL_PCD_EP_Receive &rArr; USB_EPStartXfer &rArr; USB_WritePacket
</UL>
<BR>[Calls]<UL><LI><a href="#[ce]">&gt;&gt;</a>&nbsp;&nbsp;&nbsp;USBD_LL_StallEP
<LI><a href="#[ca]">&gt;&gt;</a>&nbsp;&nbsp;&nbsp;USBD_LL_PrepareReceive
<LI><a href="#[cf]">&gt;&gt;</a>&nbsp;&nbsp;&nbsp;USBD_CtlReceiveStatus
<LI><a href="#[cb]">&gt;&gt;</a>&nbsp;&nbsp;&nbsp;USBD_CtlContinueSendData
</UL>
<BR>[Called By]<UL><LI><a href="#[77]">&gt;&gt;</a>&nbsp;&nbsp;&nbsp;HAL_PCD_DataInStageCallback
</UL>

<P><STRONG><a name="[7a]"></a>USBD_LL_DataOutStage</STRONG> (Thumb, 142 bytes, Stack size 16 bytes, usbd_core.o(i.USBD_LL_DataOutStage))
<BR><BR>[Stack]<UL><LI>Max Depth = 80<LI>Call Chain = USBD_LL_DataOutStage &rArr; USBD_CtlSendStatus &rArr; USBD_LL_Transmit &rArr; HAL_PCD_EP_Transmit &rArr; USB_EPStartXfer &rArr; USB_WritePacket
</UL>
<BR>[Calls]<UL><LI><a href="#[d1]">&gt;&gt;</a>&nbsp;&nbsp;&nbsp;USBD_CtlSendStatus
<LI><a href="#[c9]">&gt;&gt;</a>&nbsp;&nbsp;&nbsp;USBD_CtlContinueRx
</UL>
<BR>[Called By]<UL><LI><a href="#[79]">&gt;&gt;</a>&nbsp;&nbsp;&nbsp;HAL_PCD_DataOutStageCallback
</UL>

<P><STRONG><a name="[76]"></a>USBD_LL_DevConnected</STRONG> (Thumb, 4 bytes, Stack size 0 bytes, usbd_core.o(i.USBD_LL_DevConnected))
<BR><BR>[Called By]<UL><LI><a href="#[75]">&gt;&gt;</a>&nbsp;&nbsp;&nbsp;HAL_PCD_ConnectCallback
</UL>

<P><STRONG><a name="[7c]"></a>USBD_LL_DevDisconnected</STRONG> (Thumb, 30 bytes, Stack size 8 bytes, usbd_core.o(i.USBD_LL_DevDisconnected))
<BR><BR>[Stack]<UL><LI>Max Depth = 8<LI>Call Chain = USBD_LL_DevDisconnected
</UL>
<BR>[Called By]<UL><LI><a href="#[7b]">&gt;&gt;</a>&nbsp;&nbsp;&nbsp;HAL_PCD_DisconnectCallback
</UL>

<P><STRONG><a name="[db]"></a>USBD_LL_Init</STRONG> (Thumb, 90 bytes, Stack size 8 bytes, usbd_conf.o(i.USBD_LL_Init))
<BR><BR>[Stack]<UL><LI>Max Depth = 144<LI>Call Chain = USBD_LL_Init &rArr; HAL_PCD_Init &rArr; HAL_PCD_MspInit &rArr; HAL_GPIO_Init
</UL>
<BR>[Calls]<UL><LI><a href="#[a5]">&gt;&gt;</a>&nbsp;&nbsp;&nbsp;HAL_PCD_Init
<LI><a href="#[df]">&gt;&gt;</a>&nbsp;&nbsp;&nbsp;HAL_PCDEx_SetTxFiFo
<LI><a href="#[de]">&gt;&gt;</a>&nbsp;&nbsp;&nbsp;HAL_PCDEx_SetRxFiFo
<LI><a href="#[b0]">&gt;&gt;</a>&nbsp;&nbsp;&nbsp;Error_Handler
</UL>
<BR>[Called By]<UL><LI><a href="#[c3]">&gt;&gt;</a>&nbsp;&nbsp;&nbsp;USBD_Init
</UL>

<P><STRONG><a name="[eb]"></a>USBD_LL_IsStallEP</STRONG> (Thumb, 32 bytes, Stack size 0 bytes, usbd_conf.o(i.USBD_LL_IsStallEP))
<BR><BR>[Called By]<UL><LI><a href="#[e4]">&gt;&gt;</a>&nbsp;&nbsp;&nbsp;USBD_StdEPReq
</UL>

<P><STRONG><a name="[a3]"></a>USBD_LL_IsoINIncomplete</STRONG> (Thumb, 40 bytes, Stack size 8 bytes, usbd_core.o(i.USBD_LL_IsoINIncomplete))
<BR><BR>[Stack]<UL><LI>Max Depth = 8<LI>Call Chain = USBD_LL_IsoINIncomplete
</UL>
<BR>[Called By]<UL><LI><a href="#[98]">&gt;&gt;</a>&nbsp;&nbsp;&nbsp;HAL_PCD_ISOINIncompleteCallback
</UL>

<P><STRONG><a name="[a4]"></a>USBD_LL_IsoOUTIncomplete</STRONG> (Thumb, 40 bytes, Stack size 8 bytes, usbd_core.o(i.USBD_LL_IsoOUTIncomplete))
<BR><BR>[Stack]<UL><LI>Max Depth = 8<LI>Call Chain = USBD_LL_IsoOUTIncomplete
</UL>
<BR>[Called By]<UL><LI><a href="#[94]">&gt;&gt;</a>&nbsp;&nbsp;&nbsp;HAL_PCD_ISOOUTIncompleteCallback
</UL>

<P><STRONG><a name="[da]"></a>USBD_LL_OpenEP</STRONG> (Thumb, 24 bytes, Stack size 8 bytes, usbd_conf.o(i.USBD_LL_OpenEP))
<BR><BR>[Stack]<UL><LI>Max Depth = 48<LI>Call Chain = USBD_LL_OpenEP &rArr; HAL_PCD_EP_Open &rArr; USB_ActivateEndpoint
</UL>
<BR>[Calls]<UL><LI><a href="#[83]">&gt;&gt;</a>&nbsp;&nbsp;&nbsp;HAL_PCD_EP_Open
<LI><a href="#[dd]">&gt;&gt;</a>&nbsp;&nbsp;&nbsp;USBD_Get_USB_Status
</UL>
<BR>[Called By]<UL><LI><a href="#[b2]">&gt;&gt;</a>&nbsp;&nbsp;&nbsp;USBD_LL_Reset
<LI><a href="#[4f]">&gt;&gt;</a>&nbsp;&nbsp;&nbsp;USBD_HID_Init
</UL>

<P><STRONG><a name="[ca]"></a>USBD_LL_PrepareReceive</STRONG> (Thumb, 18 bytes, Stack size 8 bytes, usbd_conf.o(i.USBD_LL_PrepareReceive))
<BR><BR>[Stack]<UL><LI>Max Depth = 56<LI>Call Chain = USBD_LL_PrepareReceive &rArr; HAL_PCD_EP_Receive &rArr; USB_EPStartXfer &rArr; USB_WritePacket
</UL>
<BR>[Calls]<UL><LI><a href="#[85]">&gt;&gt;</a>&nbsp;&nbsp;&nbsp;HAL_PCD_EP_Receive
<LI><a href="#[dd]">&gt;&gt;</a>&nbsp;&nbsp;&nbsp;USBD_Get_USB_Status
</UL>
<BR>[Called By]<UL><LI><a href="#[78]">&gt;&gt;</a>&nbsp;&nbsp;&nbsp;USBD_LL_DataInStage
<LI><a href="#[cf]">&gt;&gt;</a>&nbsp;&nbsp;&nbsp;USBD_CtlReceiveStatus
<LI><a href="#[c9]">&gt;&gt;</a>&nbsp;&nbsp;&nbsp;USBD_CtlContinueRx
</UL>

<P><STRONG><a name="[b2]"></a>USBD_LL_Reset</STRONG> (Thumb, 92 bytes, Stack size 24 bytes, usbd_core.o(i.USBD_LL_Reset))
<BR><BR>[Stack]<UL><LI>Max Depth = 72<LI>Call Chain = USBD_LL_Reset &rArr; USBD_LL_OpenEP &rArr; HAL_PCD_EP_Open &rArr; USB_ActivateEndpoint
</UL>
<BR>[Calls]<UL><LI><a href="#[da]">&gt;&gt;</a>&nbsp;&nbsp;&nbsp;USBD_LL_OpenEP
</UL>
<BR>[Called By]<UL><LI><a href="#[a1]">&gt;&gt;</a>&nbsp;&nbsp;&nbsp;HAL_PCD_ResetCallback
</UL>

<P><STRONG><a name="[b3]"></a>USBD_LL_Resume</STRONG> (Thumb, 20 bytes, Stack size 0 bytes, usbd_core.o(i.USBD_LL_Resume))
<BR><BR>[Called By]<UL><LI><a href="#[9a]">&gt;&gt;</a>&nbsp;&nbsp;&nbsp;HAL_PCD_ResumeCallback
</UL>

<P><STRONG><a name="[b4]"></a>USBD_LL_SOF</STRONG> (Thumb, 26 bytes, Stack size 8 bytes, usbd_core.o(i.USBD_LL_SOF))
<BR><BR>[Stack]<UL><LI>Max Depth = 8<LI>Call Chain = USBD_LL_SOF
</UL>
<BR>[Called By]<UL><LI><a href="#[a2]">&gt;&gt;</a>&nbsp;&nbsp;&nbsp;HAL_PCD_SOFCallback
</UL>

<P><STRONG><a name="[b1]"></a>USBD_LL_SetSpeed</STRONG> (Thumb, 6 bytes, Stack size 0 bytes, usbd_core.o(i.USBD_LL_SetSpeed))
<BR><BR>[Called By]<UL><LI><a href="#[a1]">&gt;&gt;</a>&nbsp;&nbsp;&nbsp;HAL_PCD_ResetCallback
</UL>

<P><STRONG><a name="[e0]"></a>USBD_LL_SetUSBAddress</STRONG> (Thumb, 18 bytes, Stack size 8 bytes, usbd_conf.o(i.USBD_LL_SetUSBAddress))
<BR><BR>[Stack]<UL><LI>Max Depth = 16<LI>Call Chain = USBD_LL_SetUSBAddress &rArr; HAL_PCD_SetAddress
</UL>
<BR>[Calls]<UL><LI><a href="#[b5]">&gt;&gt;</a>&nbsp;&nbsp;&nbsp;HAL_PCD_SetAddress
<LI><a href="#[dd]">&gt;&gt;</a>&nbsp;&nbsp;&nbsp;USBD_Get_USB_Status
</UL>
<BR>[Called By]<UL><LI><a href="#[e2]">&gt;&gt;</a>&nbsp;&nbsp;&nbsp;USBD_StdDevReq
</UL>

<P><STRONG><a name="[b7]"></a>USBD_LL_SetupStage</STRONG> (Thumb, 96 bytes, Stack size 16 bytes, usbd_core.o(i.USBD_LL_SetupStage))
<BR><BR>[Stack]<UL><LI>Max Depth = 128<LI>Call Chain = USBD_LL_SetupStage &rArr; USBD_StdDevReq &rArr; USBD_SetConfig &rArr; USBD_CtlSendStatus &rArr; USBD_LL_Transmit &rArr; HAL_PCD_EP_Transmit &rArr; USB_EPStartXfer &rArr; USB_WritePacket
</UL>
[...]
</UL>

<P><STRONG><a name="[e2]"></a>USBD_StdDevReq</STRONG> (Thumb, 300 bytes, Stack size 24 bytes, usbd_ctlreq.o(i.USBD_StdDevReq))
<BR><BR>[Stack]<UL><LI>Max Depth = 112<LI>Call Chain = USBD_StdDevReq &rArr; USBD_SetConfig &rArr; USBD_CtlSendStatus &rArr; USBD_LL_Transmit &rArr; HAL_PCD_EP_Transmit &rArr; USB_EPStartXfer &rArr; USB_WritePacket
</UL>
<BR>[Calls]<UL><LI><a href="#[e0]">&gt;&gt;</a>&nbsp;&nbsp;&nbsp;USBD_LL_SetUSBAddress
<LI><a href="#[d0]">&gt;&gt;</a>&nbsp;&nbsp;&nbsp;USBD_CtlSendData
<LI><a href="#[cd]">&gt;&gt;</a>&nbsp;&nbsp;&nbsp;USBD_CtlError
<LI><a href="#[e7]">&gt;&gt;</a>&nbsp;&nbsp;&nbsp;USBD_SetConfig
<LI><a href="#[d4]">&gt;&gt;</a>&nbsp;&nbsp;&nbsp;USBD_GetDescriptor
<LI><a href="#[d1]">&gt;&gt;</a>&nbsp;&nbsp;&nbsp;USBD_CtlSendStatus
</UL>
<BR>[Called By]<UL><LI><a href="#[b7]">&gt;&gt;</a>&nbsp;&nbsp;&nbsp;USBD_LL_SetupStage
</UL>

<P><STRONG><a name="[e4]"></a>USBD_StdEPReq</STRONG> (Thumb, 352 bytes, Stack size 24 bytes, usbd_ctlreq.o(i.USBD_StdEPReq))
<BR><BR>[Stack]<UL><LI>Max Depth = 88<LI>Call Chain = USBD_StdEPReq &rArr; USBD_CtlSendData &rArr; USBD_LL_Transmit &rArr; HAL_PCD_EP_Transmit &rArr; USB_EPStartXfer &rArr; USB_WritePacket
</UL>
<BR>[Calls]<UL><LI><a href="#[ce]">&gt;&gt;</a>&nbsp;&nbsp;&nbsp;USBD_LL_StallEP
<LI><a href="#[eb]">&gt;&gt;</a>&nbsp;&nbsp;&nbsp;USBD_LL_IsStallEP
<LI><a href="#[dc]">&gt;&gt;</a>&nbsp;&nbsp;&nbsp;USBD_LL_ClearStallEP
<LI><a href="#[d0]">&gt;&gt;</a>&nbsp;&nbsp;&nbsp;USBD_CtlSendData
<LI><a href="#[cd]">&gt;&gt;</a>&nbsp;&nbsp;&nbsp;USBD_CtlError
<LI><a href="#[d1]">&gt;&gt;</a>&nbsp;&nbsp;&nbsp;USBD_CtlSendStatus
<LI><a href="#[ea]">&gt;&gt;</a>&nbsp;&nbsp;&nbsp;USBD_CoreFindEP
</UL>
<BR>[Called By]<UL><LI><a href="#[b7]">&gt;&gt;</a>&nbsp;&nbsp;&nbsp;USBD_LL_SetupStage
</UL>

<P><STRONG><a name="[e3]"></a>USBD_StdItfReq</STRONG> (Thumb, 114 bytes, Stack size 16 bytes, usbd_ctlreq.o(i.USBD_StdItfReq))
<BR><BR>[Stack]<UL><LI>Max Depth = 80<LI>Call Chain = USBD_StdItfReq &rArr; USBD_CtlSendStatus &rArr; USBD_LL_Transmit &rArr; HAL_PCD_EP_Transmit &rArr; USB_EPStartXfer &rArr; USB_WritePacket
</UL>
<BR>[Calls]<UL><LI><a href="#[cd]">&gt;&gt;</a>&nbsp;&nbsp;&nbsp;USBD_CtlError
<LI><a href="#[d1]">&gt;&gt;</a>&nbsp;&nbsp;&nbsp;USBD_CtlSendStatus
<LI><a href="#[ec]">&gt;&gt;</a>&nbsp;&nbsp;&nbsp;USBD_CoreFindIF
</UL>
<BR>[Called By]<UL><LI><a href="#[b7]">&gt;&gt;</a>&nbsp;&nbsp;&nbsp;USBD_LL_SetupStage
</UL>

<P><STRONG><a name="[d8]"></a>USBD_static_free</STRONG> (Thumb, 2 bytes, Stack size 0 bytes, usbd_conf.o(i.USBD_static_free))
<BR><BR>[Called By]<UL><LI><a href="#[50]">&gt;&gt;</a>&nbsp;&nbsp;&nbsp;USBD_HID_DeInit
</UL>

<P><STRONG><a name="[d9]"></a>USBD_static_malloc</STRONG> (Thumb, 4 bytes, Stack size 0 bytes, usbd_conf.o(i.USBD_static_malloc))
<BR><BR>[Called By]<UL><LI><a href="#[4f]">&gt;&gt;</a>&nbsp;&nbsp;&nbsp;USBD_HID_Init
</UL>

<P><STRONG><a name="[84]"></a>USB_ActivateEndpoint</STRONG> (Thumb, 122 bytes, Stack size 16 bytes, stm32f4xx_ll_usb.o(i.USB_ActivateEndpoint))
<BR><BR>[Stack]<UL><LI>Max Depth = 16<LI>Call Chain = USB_ActivateEndpoint
</UL>
<BR>[Called By]<UL><LI><a href="#[83]">&gt;&gt;</a>&nbsp;&nbsp;&nbsp;HAL_PCD_EP_Open
</UL>

<P><STRONG><a name="[9d]"></a>USB_ActivateSetup</STRONG> (Thumb, 28 bytes, Stack size 0 bytes, stm32f4xx_ll_usb.o(i.USB_ActivateSetup))
<BR><BR>[Called By]<UL><LI><a href="#[8c]">&gt;&gt;</a>&nbsp;&nbsp;&nbsp;HAL_PCD_IRQHandler
</UL>

<P><STRONG><a name="[a9]"></a>USB_CoreInit</STRONG> (Thumb, 112 bytes, Stack size 16 bytes, stm32f4xx_ll_usb.o(i.USB_CoreInit))
<BR><BR>[Stack]<UL><LI>Max Depth = 24<LI>Call Chain = USB_CoreInit &rArr; USB_CoreReset
</UL>
<BR>[Calls]<UL><LI><a href="#[ed]">&gt;&gt;</a>&nbsp;&nbsp;&nbsp;USB_CoreReset
</UL>
<BR>[Called By]<UL><LI><a href="#[a5]">&gt;&gt;</a>&nbsp;&nbsp;&nbsp;HAL_PCD_Init
</UL>

<P><STRONG><a name="[80]"></a>USB_DeactivateEndpoint</STRONG> (Thumb, 194 bytes, Stack size 12 bytes, stm32f4xx_ll_usb.o(i.USB_DeactivateEndpoint))
<BR><BR>[Stack]<UL><LI>Max Depth = 12<LI>Call Chain = USB_DeactivateEndpoint
</UL>
<BR>[Called By]<UL><LI><a href="#[7f]">&gt;&gt;</a>&nbsp;&nbsp;&nbsp;HAL_PCD_EP_Close
</UL>

<P><STRONG><a name="[ba]"></a>USB_DevConnect</STRONG> (Thumb, 28 bytes, Stack size 0 bytes, stm32f4xx_ll_usb.o(i.USB_DevConnect))
<BR><BR>[Called By]<UL><LI><a href="#[b8]">&gt;&gt;</a>&nbsp;&nbsp;&nbsp;HAL_PCD_Start
</UL>

<P><STRONG><a name="[ac]"></a>USB_DevDisconnect</STRONG> (Thumb, 28 bytes, Stack size 0 bytes, stm32f4xx_ll_usb.o(i.USB_DevDisconnect))
<BR><BR>[Called By]<UL><LI><a href="#[a5]">&gt;&gt;</a>&nbsp;&nbsp;&nbsp;HAL_PCD_Init
</UL>

<P><STRONG><a name="[ab]"></a>USB_DevInit</STRONG> (Thumb, 362 bytes, Stack size 36 bytes, stm32f4xx_ll_usb.o(i.USB_DevInit))
<BR><BR>[Stack]<UL><LI>Max Depth = 48<LI>Call Chain = USB_DevInit &rArr; USB_FlushTxFifo
</UL>
<BR>[Calls]<UL><LI><a href="#[97]">&gt;&gt;</a>&nbsp;&nbsp;&nbsp;USB_FlushTxFifo
<LI><a href="#[ee]">&gt;&gt;</a>&nbsp;&nbsp;&nbsp;USB_FlushRxFifo
</UL>
<BR>[Called By]<UL><LI><a href="#[a5]">&gt;&gt;</a>&nbsp;&nbsp;&nbsp;HAL_PCD_Init
</UL>

<P><STRONG><a name="[a7]"></a>USB_DisableGlobalInt</STRONG> (Thumb, 12 bytes, Stack size 0 bytes, stm32f4xx_ll_usb.o(i.USB_DisableGlobalInt))
<BR><BR>[Called By]<UL><LI><a href="#[a5]">&gt;&gt;</a>&nbsp;&nbsp;&nbsp;HAL_PCD_Init
</UL>

<P><STRONG><a name="[87]"></a>USB_EP0StartXfer</STRONG> (Thumb, 280 bytes, Stack size 16 bytes, stm32f4xx_ll_usb.o(i.USB_EP0StartXfer))
<BR><BR>[Stack]<UL><LI>Max Depth = 16<LI>Call Chain = USB_EP0StartXfer
</UL>
<BR>[Called By]<UL><LI><a href="#[8b]">&gt;&gt;</a>&nbsp;&nbsp;&nbsp;HAL_PCD_EP_Transmit
<LI><a href="#[85]">&gt;&gt;</a>&nbsp;&nbsp;&nbsp;HAL_PCD_EP_Receive
</UL>

<P><STRONG><a name="[8a]"></a>USB_EP0_OutStart</STRONG> (Thumb, 84 bytes, Stack size 8 bytes, stm32f4xx_ll_usb.o(i.USB_EP0_OutStart))
<BR><BR>[Stack]<UL><LI>Max Depth = 8<LI>Call Chain = USB_EP0_OutStart
</UL>
<BR>[Called By]<UL><LI><a href="#[92]">&gt;&gt;</a>&nbsp;&nbsp;&nbsp;PCD_EP_OutXfrComplete_int
<LI><a href="#[88]">&gt;&gt;</a>&nbsp;&nbsp;&nbsp;HAL_PCD_EP_SetStall
<LI><a href="#[8c]">&gt;&gt;</a>&nbsp;&nbsp;&nbsp;HAL_PCD_IRQHandler
</UL>

<P><STRONG><a name="[82]"></a>USB_EPClearStall</STRONG> (Thumb, 88 bytes, Stack size 0 bytes, stm32f4xx_ll_usb.o(i.USB_EPClearStall))
<BR><BR>[Called By]<UL><LI><a href="#[81]">&gt;&gt;</a>&nbsp;&nbsp;&nbsp;HAL_PCD_EP_ClrStall
</UL>

<P><STRONG><a name="[89]"></a>USB_EPSetStall</STRONG> (Thumb, 88 bytes, Stack size 0 bytes, stm32f4xx_ll_usb.o(i.USB_EPSetStall))
<BR><BR>[Called By]<UL><LI><a href="#[88]">&gt;&gt;</a>&nbsp;&nbsp;&nbsp;HAL_PCD_EP_SetStall
</UL>

<P><STRONG><a name="[86]"></a>USB_EPStartXfer</STRONG> (Thumb, 480 bytes, Stack size 24 bytes, stm32f4xx_ll_usb.o(i.USB_EPStartXfer))
<BR><BR>[Stack]<UL><LI>Max Depth = 32<LI>Call Chain = USB_EPStartXfer &rArr; USB_WritePacket
</UL>
<BR>[Calls]<UL><LI><a href="#[c6]">&gt;&gt;</a>&nbsp;&nbsp;&nbsp;USB_WritePacket
</UL>
<BR>[Called By]<UL><LI><a href="#[8b]">&gt;&gt;</a>&nbsp;&nbsp;&nbsp;HAL_PCD_EP_Transmit
<LI><a href="#[85]">&gt;&gt;</a>&nbsp;&nbsp;&nbsp;HAL_PCD_EP_Receive
</UL>

<P><STRONG><a name="[7e]"></a>USB_EPStopXfer</STRONG> (Thumb, 158 bytes, Stack size 16 bytes, stm32f4xx_ll_usb.o(i.USB_EPStopXfer))
<BR><BR>[Stack]<UL><LI>Max Depth = 16<LI>Call Chain = USB_EPStopXfer
</UL>
<BR>[Called By]<UL><LI><a href="#[7d]">&gt;&gt;</a>&nbsp;&nbsp;&nbsp;HAL_PCD_EP_Abort
</UL>

<P><STRONG><a name="[b9]"></a>USB_EnableGlobalInt</STRONG> (Thumb, 12 bytes, Stack size 0 bytes, stm32f4xx_ll_usb.o(i.USB_EnableGlobalInt))
<BR><BR>[Called By]<UL><LI><a href="#[b8]">&gt;&gt;</a>&nbsp;&nbsp;&nbsp;HAL_PCD_Start
</UL>

<P><STRONG><a name="[ee]"></a>USB_FlushRxFifo</STRONG> (Thumb, 54 bytes, Stack size 8 bytes, stm32f4xx_ll_usb.o(i.USB_FlushRxFifo))
<BR><BR>[Stack]<UL><LI>Max Depth = 8<LI>Call Chain = USB_FlushRxFifo
</UL>
<BR>[Called By]<UL><LI><a href="#[ab]">&gt;&gt;</a>&nbsp;&nbsp;&nbsp;USB_DevInit
</UL>

<P><STRONG><a name="[97]"></a>USB_FlushTxFifo</STRONG> (Thumb, 58 bytes, Stack size 12 bytes, stm32f4xx_ll_usb.o(i.USB_FlushTxFifo))
<BR><BR>[Stack]<UL><LI>Max Depth = 12<LI>Call Chain = USB_FlushTxFifo
</UL>
<BR>[Called By]<UL><LI><a href="#[8c]">&gt;&gt;</a>&nbsp;&nbsp;&nbsp;HAL_PCD_IRQHandler
<LI><a href="#[ab]">&gt;&gt;</a>&nbsp;&nbsp;&nbsp;USB_DevInit
</UL>

<P><STRONG><a name="[9e]"></a>USB_GetDevSpeed</STRONG> (Thumb, 26 bytes, Stack size 0 bytes, stm32f4xx_ll_usb.o(i.USB_GetDevSpeed))
<BR><BR>[Called By]<UL><LI><a href="#[8c]">&gt;&gt;</a>&nbsp;&nbsp;&nbsp;HAL_PCD_IRQHandler
</UL>

<P><STRONG><a name="[8d]"></a>USB_GetMode</STRONG> (Thumb, 8 bytes, Stack size 0 bytes, stm32f4xx_ll_usb.o(i.USB_GetMode))
<BR><BR>[Called By]<UL><LI><a href="#[8c]">&gt;&gt;</a>&nbsp;&nbsp;&nbsp;HAL_PCD_IRQHandler
</UL>

<P><STRONG><a name="[95]"></a>USB_ReadDevAllInEpInterrupt</STRONG> (Thumb, 14 bytes, Stack size 0 bytes, stm32f4xx_ll_usb.o(i.USB_ReadDevAllInEpInterrupt))
<BR><BR>[Called By]<UL><LI><a href="#[8c]">&gt;&gt;</a>&nbsp;&nbsp;&nbsp;HAL_PCD_IRQHandler
</UL>

<P><STRONG><a name="[90]"></a>USB_ReadDevAllOutEpInterrupt</STRONG> (Thumb, 14 bytes, Stack size 0 bytes, stm32f4xx_ll_usb.o(i.USB_ReadDevAllOutEpInterrupt))
<BR><BR>[Called By]<UL><LI><a href="#[8c]">&gt;&gt;</a>&nbsp;&nbsp;&nbsp;HAL_PCD_IRQHandler
</UL>

<P><STRONG><a name="[96]"></a>USB_ReadDevInEPInterrupt</STRONG> (Thumb, 36 bytes, Stack size 8 bytes, stm32f4xx_ll_usb.o(i.USB_ReadDevInEPInterrupt))
<BR><BR>[Stack]<UL><LI>Max Depth = 8<LI>Call Chain = USB_ReadDevInEPInterrupt
</UL>
<BR>[Called By]<UL><LI><a href="#[8c]">&gt;&gt;</a>&nbsp;&nbsp;&nbsp;HAL_PCD_IRQHandler
</UL>

<P><STRONG><a name="[91]"></a>USB_ReadDevOutEPInterrupt</STRONG> (Thumb, 16 bytes, Stack size 0 bytes, stm32f4xx_ll_usb.o(i.USB_ReadDevOutEPInterrupt))
<BR><BR>[Called By]<UL><LI><a href="#[8c]">&gt;&gt;</a>&nbsp;&nbsp;&nbsp;HAL_PCD_IRQHandler
</UL>

<P><STRONG><a name="[8e]"></a>USB_ReadInterrupts</STRONG> (Thumb, 8 bytes, Stack size 0 bytes, stm32f4xx_ll_usb.o(i.USB_ReadInterrupts))
<BR><BR>[Called By]<UL><LI><a href="#[8c]">&gt;&gt;</a>&nbsp;&nbsp;&nbsp;HAL_PCD_IRQHandler
</UL>

<P><STRONG><a name="[8f]"></a>USB_ReadPacket</STRONG> (Thumb, 62 bytes, Stack size 12 bytes, stm32f4xx_ll_usb.o(i.USB_ReadPacket))
<BR><BR>[Stack]<UL><LI>Max Depth = 12<LI>Call Chain = USB_ReadPacket
</UL>
<BR>[Called By]<UL><LI><a href="#[8c]">&gt;&gt;</a>&nbsp;&nbsp;&nbsp;HAL_PCD_IRQHandler
</UL>

<P><STRONG><a name="[aa]"></a>USB_SetCurrentMode</STRONG> (Thumb, 92 bytes, Stack size 16 bytes, stm32f4xx_ll_usb.o(i.USB_SetCurrentMode))
<BR><BR>[Stack]<UL><LI>Max Depth = 32<LI>Call Chain = USB_SetCurrentMode &rArr; HAL_Delay
</UL>
<BR>[Calls]<UL><LI><a href="#[6c]">&gt;&gt;</a>&nbsp;&nbsp;&nbsp;HAL_Delay
</UL>
<BR>[Called By]<UL><LI><a href="#[a5]">&gt;&gt;</a>&nbsp;&nbsp;&nbsp;HAL_PCD_Init
</UL>

<P><STRONG><a name="[b6]"></a>USB_SetDevAddress</STRONG> (Thumb, 34 bytes, Stack size 0 bytes, stm32f4xx_ll_usb.o(i.USB_SetDevAddress))
<BR><BR>[Called By]<UL><LI><a href="#[b5]">&gt;&gt;</a>&nbsp;&nbsp;&nbsp;HAL_PCD_SetAddress
</UL>

<P><STRONG><a name="[a0]"></a>USB_SetTurnaroundTime</STRONG> (Thumb, 158 bytes, Stack size 0 bytes, stm32f4xx_ll_usb.o(i.USB_SetTurnaroundTime))
<BR><BR>[Called By]<UL><LI><a href="#[8c]">&gt;&gt;</a>&nbsp;&nbsp;&nbsp;HAL_PCD_IRQHandler
</UL>

<P><STRONG><a name="[c6]"></a>USB_WritePacket</STRONG> (Thumb, 40 bytes, Stack size 8 bytes, stm32f4xx_ll_usb.o(i.USB_WritePacket))
<BR><BR>[Stack]<UL><LI>Max Depth = 8<LI>Call Chain = USB_WritePacket
</UL>
<BR>[Called By]<UL><LI><a href="#[99]">&gt;&gt;</a>&nbsp;&nbsp;&nbsp;PCD_WriteEmptyTxFifo
<LI><a href="#[86]">&gt;&gt;</a>&nbsp;&nbsp;&nbsp;USB_EPStartXfer
</UL>

<P><STRONG><a name="[8]"></a>UsageFault_Handler</STRONG> (Thumb, 2 bytes, Stack size 0 bytes, stm32f4xx_it.o(i.UsageFault_Handler))
<BR><BR>[Calls]<UL><LI><a href="#[8]">&gt;&gt;</a>&nbsp;&nbsp;&nbsp;UsageFault_Handler
</UL>
<BR>[Called By]<UL><LI><a href="#[8]">&gt;&gt;</a>&nbsp;&nbsp;&nbsp;UsageFault_Handler
</UL>
<BR>[Address Reference Count : 1]<UL><LI> startup_stm32f411xe.o(RESET)
</UL>
<P><STRONG><a name="[63]"></a>main</STRONG> (Thumb, 18 bytes, Stack size 0 bytes, main.o(i.main))
<BR><BR>[Stack]<UL><LI>Max Depth = 176<LI>Call Chain = main &rArr; SystemClock_Config &rArr; HAL_RCC_ClockConfig &rArr; HAL_RCC_GetSysClockFreq &rArr; __aeabi_uldivmod
</UL>
<BR>[Calls]<UL><LI><a href="#[c2]">&gt;&gt;</a>&nbsp;&nbsp;&nbsp;MX_USB_DEVICE_Init
<LI><a href="#[c0]">&gt;&gt;</a>&nbsp;&nbsp;&nbsp;MX_GPIO_Init
<LI><a href="#[6e]">&gt;&gt;</a>&nbsp;&nbsp;&nbsp;HAL_Init
<LI><a href="#[c8]">&gt;&gt;</a>&nbsp;&nbsp;&nbsp;SystemClock_Config
</UL>
<BR>[Called By]<UL><LI><a href="#[62]">&gt;&gt;</a>&nbsp;&nbsp;&nbsp;__rt_entry_main
</UL>

<P><STRONG><a name="[5d]"></a>_fp_init</STRONG> (Thumb, 10 bytes, Stack size 0 bytes, fpinit.o(x$fpl$fpinit))
<BR><BR>[Called By]<UL><LI><a href="#[5c]">&gt;&gt;</a>&nbsp;&nbsp;&nbsp;__rt_lib_init_fp_1
</UL>

<P><STRONG><a name="[120]"></a>__fplib_config_fpu_vfp</STRONG> (Thumb, 0 bytes, Stack size unknown bytes, fpinit.o(x$fpl$fpinit), UNUSED)

<P><STRONG><a name="[121]"></a>__fplib_config_pureend_doubles</STRONG> (Thumb, 0 bytes, Stack size unknown bytes, fpinit.o(x$fpl$fpinit), UNUSED)
<P>
<H3>
Local Symbols
</H3>
<P><STRONG><a name="[d3]"></a>IntToUnicode</STRONG> (Thumb, 56 bytes, Stack size 20 bytes, usbd_desc.o(i.IntToUnicode))
<BR><BR>[Stack]<UL><LI>Max Depth = 20<LI>Call Chain = IntToUnicode
</UL>
<BR>[Called By]<UL><LI><a href="#[4c]">&gt;&gt;</a>&nbsp;&nbsp;&nbsp;USBD_FS_SerialStrDescriptor
</UL>

<P><STRONG><a name="[92]"></a>PCD_EP_OutXfrComplete_int</STRONG> (Thumb, 196 bytes, Stack size 24 bytes, stm32f4xx_hal_pcd.o(i.PCD_EP_OutXfrComplete_int))
<BR><BR>[Stack]<UL><LI>Max Depth = 104<LI>Call Chain = PCD_EP_OutXfrComplete_int &rArr; HAL_PCD_DataOutStageCallback &rArr; USBD_LL_DataOutStage &rArr; USBD_CtlSendStatus &rArr; USBD_LL_Transmit &rArr; HAL_PCD_EP_Transmit &rArr; USB_EPStartXfer &rArr; USB_WritePacket
</UL>
<BR>[Calls]<UL><LI><a href="#[79]">&gt;&gt;</a>&nbsp;&nbsp;&nbsp;HAL_PCD_DataOutStageCallback
<LI><a href="#[8a]">&gt;&gt;</a>&nbsp;&nbsp;&nbsp;USB_EP0_OutStart
</UL>
<BR>[Called By]<UL><LI><a href="#[8c]">&gt;&gt;</a>&nbsp;&nbsp;&nbsp;HAL_PCD_IRQHandler
</UL>

<P><STRONG><a name="[99]"></a>PCD_WriteEmptyTxFifo</STRONG> (Thumb, 162 bytes, Stack size 40 bytes, stm32f4xx_hal_pcd.o(i.PCD_WriteEmptyTxFifo))
<BR><BR>[Stack]<UL><LI>Max Depth = 48<LI>Call Chain = PCD_WriteEmptyTxFifo &rArr; USB_WritePacket
</UL>
<BR>[Calls]<UL><LI><a href="#[c6]">&gt;&gt;</a>&nbsp;&nbsp;&nbsp;USB_WritePacket
</UL>
<BR>[Called By]<UL><LI><a href="#[8c]">&gt;&gt;</a>&nbsp;&nbsp;&nbsp;HAL_PCD_IRQHandler
</UL>

<P><STRONG><a name="[ed]"></a>USB_CoreReset</STRONG> (Thumb, 58 bytes, Stack size 8 bytes, stm32f4xx_ll_usb.o(i.USB_CoreReset))
<BR><BR>[Stack]<UL><LI>Max Depth = 8<LI>Call Chain = USB_CoreReset
</UL>
<BR>[Called By]<UL><LI><a href="#[a9]">&gt;&gt;</a>&nbsp;&nbsp;&nbsp;USB_CoreInit
</UL>

<P><STRONG><a name="[74]"></a>__NVIC_SetPriority</STRONG> (Thumb, 32 bytes, Stack size 0 bytes, stm32f4xx_hal_cortex.o(i.__NVIC_SetPriority))
<BR><BR>[Called By]<UL><LI><a href="#[73]">&gt;&gt;</a>&nbsp;&nbsp;&nbsp;HAL_NVIC_SetPriority
<LI><a href="#[72]">&gt;&gt;</a>&nbsp;&nbsp;&nbsp;HAL_SYSTICK_Config
</UL>

<P><STRONG><a name="[e6]"></a>SWAPBYTE</STRONG> (Thumb, 10 bytes, Stack size 0 bytes, usbd_ctlreq.o(i.SWAPBYTE))
<BR><BR>[Called By]<UL><LI><a href="#[e1]">&gt;&gt;</a>&nbsp;&nbsp;&nbsp;USBD_ParseSetupRequest
</UL>

<P><STRONG><a name="[d4]"></a>USBD_GetDescriptor</STRONG> (Thumb, 230 bytes, Stack size 24 bytes, usbd_ctlreq.o(i.USBD_GetDescriptor))
<BR><BR>[Stack]<UL><LI>Max Depth = 88<LI>Call Chain = USBD_GetDescriptor &rArr; USBD_CtlSendData &rArr; USBD_LL_Transmit &rArr; HAL_PCD_EP_Transmit &rArr; USB_EPStartXfer &rArr; USB_WritePacket
</UL>
<BR>[Calls]<UL><LI><a href="#[d0]">&gt;&gt;</a>&nbsp;&nbsp;&nbsp;USBD_CtlSendData
<LI><a href="#[cd]">&gt;&gt;</a>&nbsp;&nbsp;&nbsp;USBD_CtlError
<LI><a href="#[d1]">&gt;&gt;</a>&nbsp;&nbsp;&nbsp;USBD_CtlSendStatus
</UL>
<BR>[Called By]<UL><LI><a href="#[e2]">&gt;&gt;</a>&nbsp;&nbsp;&nbsp;USBD_StdDevReq
</UL>

<P><STRONG><a name="[e7]"></a>USBD_SetConfig</STRONG> (Thumb, 180 bytes, Stack size 24 bytes, usbd_ctlreq.o(i.USBD_SetConfig))
<BR><BR>[Stack]<UL><LI>Max Depth = 88<LI>Call Chain = USBD_SetConfig &rArr; USBD_CtlSendStatus &rArr; USBD_LL_Transmit &rArr; HAL_PCD_EP_Transmit &rArr; USB_EPStartXfer &rArr; USB_WritePacket
</UL>
<BR>[Calls]<UL><LI><a href="#[cd]">&gt;&gt;</a>&nbsp;&nbsp;&nbsp;USBD_CtlError
<LI><a href="#[d1]">&gt;&gt;</a>&nbsp;&nbsp;&nbsp;USBD_CtlSendStatus
<LI><a href="#[e9]">&gt;&gt;</a>&nbsp;&nbsp;&nbsp;USBD_SetClassConfig
<LI><a href="#[e8]">&gt;&gt;</a>&nbsp;&nbsp;&nbsp;USBD_ClrClassConfig
</UL>
<BR>[Called By]<UL><LI><a href="#[e2]">&gt;&gt;</a>&nbsp;&nbsp;&nbsp;USBD_StdDevReq
</UL>

<P><STRONG><a name="[52]"></a>USBD_HID_DataIn</STRONG> (Thumb, 20 bytes, Stack size 0 bytes, usbd_hid.o(i.USBD_HID_DataIn))
<BR>[Address Reference Count : 1]<UL><LI> usbd_hid.o(.data)
</UL>
<P><STRONG><a name="[50]"></a>USBD_HID_DeInit</STRONG> (Thumb, 66 bytes, Stack size 16 bytes, usbd_hid.o(i.USBD_HID_DeInit))
<BR><BR>[Stack]<UL><LI>Max Depth = 52<LI>Call Chain = USBD_HID_DeInit &rArr; USBD_LL_CloseEP &rArr; HAL_PCD_EP_Close &rArr; USB_DeactivateEndpoint
</UL>
<BR>[Calls]<UL><LI><a href="#[d8]">&gt;&gt;</a>&nbsp;&nbsp;&nbsp;USBD_static_free
<LI><a href="#[d7]">&gt;&gt;</a>&nbsp;&nbsp;&nbsp;USBD_LL_CloseEP
</UL>
<BR>[Address Reference Count : 1]<UL><LI> usbd_hid.o(.data)
</UL>
<P><STRONG><a name="[56]"></a>USBD_HID_GetDeviceQualifierDesc</STRONG> (Thumb, 8 bytes, Stack size 0 bytes, usbd_hid.o(i.USBD_HID_GetDeviceQualifierDesc))
<BR>[Address Reference Count : 1]<UL><LI> usbd_hid.o(.data)
</UL>
<P><STRONG><a name="[54]"></a>USBD_HID_GetFSCfgDesc</STRONG> (Thumb, 26 bytes, Stack size 8 bytes, usbd_hid.o(i.USBD_HID_GetFSCfgDesc))
<BR><BR>[Stack]<UL><LI>Max Depth = 28<LI>Call Chain = USBD_HID_GetFSCfgDesc &rArr; USBD_GetEpDesc
</UL>
<BR>[Calls]<UL><LI><a href="#[d5]">&gt;&gt;</a>&nbsp;&nbsp;&nbsp;USBD_GetEpDesc
</UL>
<BR>[Address Reference Count : 1]<UL><LI> usbd_hid.o(.data)
</UL>
<P><STRONG><a name="[53]"></a>USBD_HID_GetHSCfgDesc</STRONG> (Thumb, 26 bytes, Stack size 8 bytes, usbd_hid.o(i.USBD_HID_GetHSCfgDesc))
<BR><BR>[Stack]<UL><LI>Max Depth = 28<LI>Call Chain = USBD_HID_GetHSCfgDesc &rArr; USBD_GetEpDesc
</UL>
<BR>[Calls]<UL><LI><a href="#[d5]">&gt;&gt;</a>&nbsp;&nbsp;&nbsp;USBD_GetEpDesc
</UL>
<BR>[Address Reference Count : 1]<UL><LI> usbd_hid.o(.data)
</UL>
<P><STRONG><a name="[55]"></a>USBD_HID_GetOtherSpeedCfgDesc</STRONG> (Thumb, 26 bytes, Stack size 8 bytes, usbd_hid.o(i.USBD_HID_GetOtherSpeedCfgDesc))
<BR><BR>[Stack]<UL><LI>Max Depth = 28<LI>Call Chain = USBD_HID_GetOtherSpeedCfgDesc &rArr; USBD_GetEpDesc
</UL>
<BR>[Calls]<UL><LI><a href="#[d5]">&gt;&gt;</a>&nbsp;&nbsp;&nbsp;USBD_GetEpDesc
</UL>
<BR>[Address Reference Count : 1]<UL><LI> usbd_hid.o(.data)
</UL>
<P><STRONG><a name="[4f]"></a>USBD_HID_Init</STRONG> (Thumb, 110 bytes, Stack size 24 bytes, usbd_hid.o(i.USBD_HID_Init))
<BR><BR>[Stack]<UL><LI>Max Depth = 72<LI>Call Chain = USBD_HID_Init &rArr; USBD_LL_OpenEP &rArr; HAL_PCD_EP_Open &rArr; USB_ActivateEndpoint
</UL>
<BR>[Calls]<UL><LI><a href="#[d9]">&gt;&gt;</a>&nbsp;&nbsp;&nbsp;USBD_static_malloc
<LI><a href="#[da]">&gt;&gt;</a>&nbsp;&nbsp;&nbsp;USBD_LL_OpenEP
</UL>
<BR>[Address Reference Count : 1]<UL><LI> usbd_hid.o(.data)
</UL>
<P><STRONG><a name="[51]"></a>USBD_HID_Setup</STRONG> (Thumb, 218 bytes, Stack size 16 bytes, usbd_hid.o(i.USBD_HID_Setup))
<BR><BR>[Stack]<UL><LI>Max Depth = 80<LI>Call Chain = USBD_HID_Setup &rArr; USBD_CtlSendData &rArr; USBD_LL_Transmit &rArr; HAL_PCD_EP_Transmit &rArr; USB_EPStartXfer &rArr; USB_WritePacket
</UL>
<BR>[Calls]<UL><LI><a href="#[d0]">&gt;&gt;</a>&nbsp;&nbsp;&nbsp;USBD_CtlSendData
<LI><a href="#[cd]">&gt;&gt;</a>&nbsp;&nbsp;&nbsp;USBD_CtlError
</UL>
<BR>[Address Reference Count : 1]<UL><LI> usbd_hid.o(.data)
</UL><P>
<H3>
Undefined Global Symbols
</H3><HR></body></html>
