Component: ARM Compiler 5.06 update 5 (build 528) Tool: armlink [4d35e2]

==============================================================================

Section Cross References

    startup_stm32f103xb.o(STACK) refers (Special) to heapauxi.o(.text) for __use_two_region_memory
    startup_stm32f103xb.o(HEAP) refers (Special) to heapauxi.o(.text) for __use_two_region_memory
    startup_stm32f103xb.o(RESET) refers (Special) to heapauxi.o(.text) for __use_two_region_memory
    startup_stm32f103xb.o(RESET) refers to startup_stm32f103xb.o(STACK) for __initial_sp
    startup_stm32f103xb.o(RESET) refers to startup_stm32f103xb.o(.text) for Reset_Handler
    startup_stm32f103xb.o(RESET) refers to stm32f1xx_it.o(i.NMI_Handler) for NMI_Handler
    startup_stm32f103xb.o(RESET) refers to stm32f1xx_it.o(i.HardFault_Handler) for HardFault_Handler
    startup_stm32f103xb.o(RESET) refers to stm32f1xx_it.o(i.MemManage_Handler) for MemManage_Handler
    startup_stm32f103xb.o(RESET) refers to stm32f1xx_it.o(i.BusFault_Handler) for BusFault_Handler
    startup_stm32f103xb.o(RESET) refers to stm32f1xx_it.o(i.UsageFault_Handler) for UsageFault_Handler
    startup_stm32f103xb.o(RESET) refers to stm32f1xx_it.o(i.SVC_Handler) for SVC_Handler
    startup_stm32f103xb.o(RESET) refers to stm32f1xx_it.o(i.DebugMon_Handler) for DebugMon_Handler
    startup_stm32f103xb.o(RESET) refers to stm32f1xx_it.o(i.PendSV_Handler) for PendSV_Handler
    startup_stm32f103xb.o(RESET) refers to stm32f1xx_it.o(i.SysTick_Handler) for SysTick_Handler
    startup_stm32f103xb.o(RESET) refers to stm32f1xx_it.o(i.EXTI1_IRQHandler) for EXTI1_IRQHandler
    startup_stm32f103xb.o(RESET) refers to stm32f1xx_it.o(i.USB_LP_CAN1_RX0_IRQHandler) for USB_LP_CAN1_RX0_IRQHandler
    startup_stm32f103xb.o(RESET) refers to stm32f1xx_it.o(i.USART1_IRQHandler) for USART1_IRQHandler
    startup_stm32f103xb.o(.text) refers (Special) to heapauxi.o(.text) for __use_two_region_memory
    startup_stm32f103xb.o(.text) refers to system_stm32f1xx.o(i.SystemInit) for SystemInit
    startup_stm32f103xb.o(.text) refers to __main.o(!!!main) for __main
    startup_stm32f103xb.o(.text) refers to startup_stm32f103xb.o(HEAP) for Heap_Mem
    startup_stm32f103xb.o(.text) refers to startup_stm32f103xb.o(STACK) for Stack_Mem
    main.o(i.HAL_UART_RxCpltCallback) refers to rt_memclr.o(.text) for __aeabi_memclr
    main.o(i.HAL_UART_RxCpltCallback) refers to stm32f1xx_hal_uart.o(i.HAL_UART_Transmit) for HAL_UART_Transmit
    main.o(i.HAL_UART_RxCpltCallback) refers to stm32f1xx_hal_uart.o(i.HAL_UART_GetState) for HAL_UART_GetState
    main.o(i.HAL_UART_RxCpltCallback) refers to stm32f1xx_hal_uart.o(i.HAL_UART_Receive_IT) for HAL_UART_Receive_IT
    main.o(i.HAL_UART_RxCpltCallback) refers to main.o(.data) for .data
    main.o(i.HAL_UART_RxCpltCallback) refers to main.o(.bss) for .bss
    main.o(i.HAL_UART_RxCpltCallback) refers to usart.o(.bss) for huart1
    main.o(i.SystemClock_Config) refers to rt_memclr_w.o(.text) for __aeabi_memclr4
    main.o(i.SystemClock_Config) refers to stm32f1xx_hal_rcc.o(i.HAL_RCC_OscConfig) for HAL_RCC_OscConfig
    main.o(i.SystemClock_Config) refers to stm32f1xx_hal_rcc.o(i.HAL_RCC_ClockConfig) for HAL_RCC_ClockConfig
    main.o(i.SystemClock_Config) refers to stm32f1xx_hal_rcc_ex.o(i.HAL_RCCEx_PeriphCLKConfig) for HAL_RCCEx_PeriphCLKConfig
    main.o(i.main) refers to stm32f1xx_hal.o(i.HAL_Init) for HAL_Init
    main.o(i.main) refers to main.o(i.SystemClock_Config) for SystemClock_Config
    main.o(i.main) refers to gpio.o(i.MX_GPIO_Init) for MX_GPIO_Init
    main.o(i.main) refers to usb_device.o(i.MX_USB_DEVICE_Init) for MX_USB_DEVICE_Init
    main.o(i.main) refers to usart.o(i.MX_USART1_UART_Init) for MX_USART1_UART_Init
    main.o(i.main) refers to stm32f1xx_hal_uart.o(i.HAL_UART_Receive_IT) for HAL_UART_Receive_IT
    main.o(i.main) refers to noretval__2printf.o(.text) for __2printf
    main.o(i.main) refers to stm32f1xx_hal.o(i.HAL_Delay) for HAL_Delay
    main.o(i.main) refers to stm32f1xx_hal_gpio.o(i.HAL_GPIO_TogglePin) for HAL_GPIO_TogglePin
    main.o(i.main) refers to main.o(.data) for .data
    main.o(i.main) refers to usart.o(.bss) for huart1
    gpio.o(i.MX_GPIO_Init) refers to stm32f1xx_hal_gpio.o(i.HAL_GPIO_WritePin) for HAL_GPIO_WritePin
    gpio.o(i.MX_GPIO_Init) refers to stm32f1xx_hal_gpio.o(i.HAL_GPIO_Init) for HAL_GPIO_Init
    gpio.o(i.MX_GPIO_Init) refers to stm32f1xx_hal_cortex.o(i.HAL_NVIC_SetPriority) for HAL_NVIC_SetPriority
    gpio.o(i.MX_GPIO_Init) refers to stm32f1xx_hal_cortex.o(i.HAL_NVIC_EnableIRQ) for HAL_NVIC_EnableIRQ
    usart.o(i.HAL_UART_MspDeInit) refers to stm32f1xx_hal_gpio.o(i.HAL_GPIO_DeInit) for HAL_GPIO_DeInit
    usart.o(i.HAL_UART_MspDeInit) refers to stm32f1xx_hal_cortex.o(i.HAL_NVIC_DisableIRQ) for HAL_NVIC_DisableIRQ
    usart.o(i.HAL_UART_MspInit) refers to stm32f1xx_hal_gpio.o(i.HAL_GPIO_Init) for HAL_GPIO_Init
[...]
    i.SysTick_Handler                        0x08002980   Section        0  stm32f1xx_it.o(i.SysTick_Handler)
    i.SystemClock_Config                     0x08002984   Section        0  main.o(i.SystemClock_Config)
    i.SystemInit                             0x080029fa   Section        0  system_stm32f1xx.o(i.SystemInit)
    i.UART_DMAAbortOnError                   0x080029fc   Section        0  stm32f1xx_hal_uart.o(i.UART_DMAAbortOnError)
    UART_DMAAbortOnError                     0x080029fd   Thumb Code    16  stm32f1xx_hal_uart.o(i.UART_DMAAbortOnError)
    i.UART_EndRxTransfer                     0x08002a0c   Section        0  stm32f1xx_hal_uart.o(i.UART_EndRxTransfer)
    UART_EndRxTransfer                       0x08002a0d   Thumb Code    78  stm32f1xx_hal_uart.o(i.UART_EndRxTransfer)
    i.UART_Receive_IT                        0x08002a5a   Section        0  stm32f1xx_hal_uart.o(i.UART_Receive_IT)
    UART_Receive_IT                          0x08002a5b   Thumb Code   194  stm32f1xx_hal_uart.o(i.UART_Receive_IT)
    i.UART_SetConfig                         0x08002b1c   Section        0  stm32f1xx_hal_uart.o(i.UART_SetConfig)
    UART_SetConfig                           0x08002b1d   Thumb Code   178  stm32f1xx_hal_uart.o(i.UART_SetConfig)
    i.UART_Start_Receive_IT                  0x08002bd4   Section        0  stm32f1xx_hal_uart.o(i.UART_Start_Receive_IT)
    i.UART_WaitOnFlagUntilTimeout            0x08002c0a   Section        0  stm32f1xx_hal_uart.o(i.UART_WaitOnFlagUntilTimeout)
    UART_WaitOnFlagUntilTimeout              0x08002c0b   Thumb Code   120  stm32f1xx_hal_uart.o(i.UART_WaitOnFlagUntilTimeout)
    i.USART1_IRQHandler                      0x08002c84   Section        0  stm32f1xx_it.o(i.USART1_IRQHandler)
    i.USBD_ClrClassConfig                    0x08002c90   Section        0  usbd_core.o(i.USBD_ClrClassConfig)
    i.USBD_CtlContinueRx                     0x08002c9e   Section        0  usbd_ioreq.o(i.USBD_CtlContinueRx)
    i.USBD_CtlContinueSendData               0x08002cae   Section        0  usbd_ioreq.o(i.USBD_CtlContinueSendData)
    i.USBD_CtlError                          0x08002cbe   Section        0  usbd_ctlreq.o(i.USBD_CtlError)
    i.USBD_CtlReceiveStatus                  0x08002cd4   Section        0  usbd_ioreq.o(i.USBD_CtlReceiveStatus)
    i.USBD_CtlSendData                       0x08002cea   Section        0  usbd_ioreq.o(i.USBD_CtlSendData)
    i.USBD_CtlSendStatus                     0x08002d04   Section        0  usbd_ioreq.o(i.USBD_CtlSendStatus)
    i.USBD_FS_ConfigStrDescriptor            0x08002d1c   Section        0  usbd_desc.o(i.USBD_FS_ConfigStrDescriptor)
    i.USBD_FS_DeviceDescriptor               0x08002d3c   Section        0  usbd_desc.o(i.USBD_FS_DeviceDescriptor)
    i.USBD_FS_InterfaceStrDescriptor         0x08002d48   Section        0  usbd_desc.o(i.USBD_FS_InterfaceStrDescriptor)
    i.USBD_FS_LangIDStrDescriptor            0x08002d6c   Section        0  usbd_desc.o(i.USBD_FS_LangIDStrDescriptor)
    i.USBD_FS_ManufacturerStrDescriptor      0x08002d78   Section        0  usbd_desc.o(i.USBD_FS_ManufacturerStrDescriptor)
    i.USBD_FS_ProductStrDescriptor           0x08002da0   Section        0  usbd_desc.o(i.USBD_FS_ProductStrDescriptor)
    i.USBD_FS_SerialStrDescriptor            0x08002dcc   Section        0  usbd_desc.o(i.USBD_FS_SerialStrDescriptor)
    i.USBD_GetDescriptor                     0x08002e04   Section        0  usbd_ctlreq.o(i.USBD_GetDescriptor)
    USBD_GetDescriptor                       0x08002e05   Thumb Code   232  usbd_ctlreq.o(i.USBD_GetDescriptor)
    i.USBD_GetString                         0x08002eec   Section        0  usbd_ctlreq.o(i.USBD_GetString)
    i.USBD_Get_USB_Status                    0x08002f34   Section        0  usbd_conf.o(i.USBD_Get_USB_Status)
    USBD_Get_USB_Status                      0x08002f35   Thumb Code    24  usbd_conf.o(i.USBD_Get_USB_Status)
    i.USBD_HID_DataIn                        0x08002f4c   Section        0  usbd_hid.o(i.USBD_HID_DataIn)
    USBD_HID_DataIn                          0x08002f4d   Thumb Code    12  usbd_hid.o(i.USBD_HID_DataIn)
    i.USBD_HID_DeInit                        0x08002f58   Section        0  usbd_hid.o(i.USBD_HID_DeInit)
    USBD_HID_DeInit                          0x08002f59   Thumb Code    32  usbd_hid.o(i.USBD_HID_DeInit)
    i.USBD_HID_GetDeviceQualifierDesc        0x08002f78   Section        0  usbd_hid.o(i.USBD_HID_GetDeviceQualifierDesc)
    USBD_HID_GetDeviceQualifierDesc          0x08002f79   Thumb Code     8  usbd_hid.o(i.USBD_HID_GetDeviceQualifierDesc)
    i.USBD_HID_GetFSCfgDesc                  0x08002f84   Section        0  usbd_hid.o(i.USBD_HID_GetFSCfgDesc)
    USBD_HID_GetFSCfgDesc                    0x08002f85   Thumb Code     8  usbd_hid.o(i.USBD_HID_GetFSCfgDesc)
    i.USBD_HID_GetHSCfgDesc                  0x08002f90   Section        0  usbd_hid.o(i.USBD_HID_GetHSCfgDesc)
    USBD_HID_GetHSCfgDesc                    0x08002f91   Thumb Code     8  usbd_hid.o(i.USBD_HID_GetHSCfgDesc)
    i.USBD_HID_GetOtherSpeedCfgDesc          0x08002f9c   Section        0  usbd_hid.o(i.USBD_HID_GetOtherSpeedCfgDesc)
    USBD_HID_GetOtherSpeedCfgDesc            0x08002f9d   Thumb Code     8  usbd_hid.o(i.USBD_HID_GetOtherSpeedCfgDesc)
    i.USBD_HID_Init                          0x08002fa8   Section        0  usbd_hid.o(i.USBD_HID_Init)
    USBD_HID_Init                            0x08002fa9   Thumb Code    42  usbd_hid.o(i.USBD_HID_Init)
    i.USBD_HID_Setup                         0x08002fd4   Section        0  usbd_hid.o(i.USBD_HID_Setup)
    USBD_HID_Setup                           0x08002fd5   Thumb Code   196  usbd_hid.o(i.USBD_HID_Setup)
    i.USBD_Init                              0x0800309c   Section        0  usbd_core.o(i.USBD_Init)
    i.USBD_LL_ClearStallEP                   0x080030c6   Section        0  usbd_conf.o(i.USBD_LL_ClearStallEP)
    i.USBD_LL_CloseEP                        0x080030d8   Section        0  usbd_conf.o(i.USBD_LL_CloseEP)
    i.USBD_LL_DataInStage                    0x080030ea   Section        0  usbd_core.o(i.USBD_LL_DataInStage)
    i.USBD_LL_DataOutStage                   0x080031b0   Section        0  usbd_core.o(i.USBD_LL_DataOutStage)
    i.USBD_LL_Init                           0x08003234   Section        0  usbd_conf.o(i.USBD_LL_Init)
    i.USBD_LL_IsStallEP                      0x0800329c   Section        0  usbd_conf.o(i.USBD_LL_IsStallEP)
    i.USBD_LL_OpenEP                         0x080032bc   Section        0  usbd_conf.o(i.USBD_LL_OpenEP)
    i.USBD_LL_PrepareReceive                 0x080032d4   Section        0  usbd_conf.o(i.USBD_LL_PrepareReceive)
    i.USBD_LL_Reset                          0x080032e6   Section        0  usbd_core.o(i.USBD_LL_Reset)
    i.USBD_LL_Resume                         0x08003336   Section        0  usbd_core.o(i.USBD_LL_Resume)
    i.USBD_LL_SOF                            0x0800334a   Section        0  usbd_core.o(i.USBD_LL_SOF)
    i.USBD_LL_SetSpeed                       0x08003362   Section        0  usbd_core.o(i.USBD_LL_SetSpeed)
    i.USBD_LL_SetUSBAddress                  0x08003368   Section        0  usbd_conf.o(i.USBD_LL_SetUSBAddress)
    i.USBD_LL_SetupStage                     0x0800337a   Section        0  usbd_core.o(i.USBD_LL_SetupStage)
    i.USBD_LL_StallEP                        0x080033d4   Section        0  usbd_conf.o(i.USBD_LL_StallEP)
    i.USBD_LL_Start                          0x080033e6   Section        0  usbd_conf.o(i.USBD_LL_Start)
    i.USBD_LL_Suspend                        0x080033f8   Section        0  usbd_core.o(i.USBD_LL_Suspend)
    i.USBD_LL_Transmit                       0x0800340a   Section        0  usbd_conf.o(i.USBD_LL_Transmit)
    i.USBD_ParseSetupRequest                 0x0800341c   Section        0  usbd_ctlreq.o(i.USBD_ParseSetupRequest)
    i.USBD_RegisterClass                     0x08003444   Section        0  usbd_core.o(i.USBD_RegisterClass)
    i.USBD_SetClassConfig                    0x08003454   Section        0  usbd_core.o(i.USBD_SetClassConfig)
    i.USBD_SetConfig                         0x0800346c   Section        0  usbd_ctlreq.o(i.USBD_SetConfig)
    USBD_SetConfig                           0x0800346d   Thumb Code   128  usbd_ctlreq.o(i.USBD_SetConfig)
    i.USBD_Start                             0x080034f0   Section        0  usbd_core.o(i.USBD_Start)
    i.USBD_StdDevReq                         0x080034fa   Section        0  usbd_ctlreq.o(i.USBD_StdDevReq)
    i.USBD_StdEPReq                          0x0800360c   Section        0  usbd_ctlreq.o(i.USBD_StdEPReq)
    i.USBD_StdItfReq                         0x0800375c   Section        0  usbd_ctlreq.o(i.USBD_StdItfReq)
    i.USBD_static_free                       0x080037aa   Section        0  usbd_conf.o(i.USBD_static_free)
    i.USBD_static_malloc                     0x080037ac   Section        0  usbd_conf.o(i.USBD_static_malloc)
    i.USB_ActivateEndpoint                   0x080037b4   Section        0  stm32f1xx_ll_usb.o(i.USB_ActivateEndpoint)
    i.USB_CoreInit                           0x08003a50   Section        0  stm32f1xx_ll_usb.o(i.USB_CoreInit)
    i.USB_DeactivateEndpoint                 0x08003a54   Section        0  stm32f1xx_ll_usb.o(i.USB_DeactivateEndpoint)
    i.USB_DevConnect                         0x08003b62   Section        0  stm32f1xx_ll_usb.o(i.USB_DevConnect)
    i.USB_DevDisconnect                      0x08003b66   Section        0  stm32f1xx_ll_usb.o(i.USB_DevDisconnect)
    i.USB_DevInit                            0x08003b6a   Section        0  stm32f1xx_ll_usb.o(i.USB_DevInit)
    i.USB_DisableGlobalInt                   0x08003b7c   Section        0  stm32f1xx_ll_usb.o(i.USB_DisableGlobalInt)
    i.USB_EP0_OutStart                       0x08003b8a   Section        0  stm32f1xx_ll_usb.o(i.USB_EP0_OutStart)
    i.USB_EPClearStall                       0x08003b8e   Section        0  stm32f1xx_ll_usb.o(i.USB_EPClearStall)
    i.USB_EPSetStall                         0x08003c06   Section        0  stm32f1xx_ll_usb.o(i.USB_EPSetStall)
    i.USB_EPStartXfer                        0x08003c38   Section        0  stm32f1xx_ll_usb.o(i.USB_EPStartXfer)
    i.USB_EnableGlobalInt                    0x0800411a   Section        0  stm32f1xx_ll_usb.o(i.USB_EnableGlobalInt)
    i.USB_LP_CAN1_RX0_IRQHandler             0x0800412c   Section        0  stm32f1xx_it.o(i.USB_LP_CAN1_RX0_IRQHandler)
    i.USB_ReadInterrupts                     0x08004138   Section        0  stm32f1xx_ll_usb.o(i.USB_ReadInterrupts)
    i.USB_ReadPMA                            0x08004140   Section        0  stm32f1xx_ll_usb.o(i.USB_ReadPMA)
    i.USB_SetCurrentMode                     0x0800416c   Section        0  stm32f1xx_ll_usb.o(i.USB_SetCurrentMode)
    i.USB_SetDevAddress                      0x08004170   Section        0  stm32f1xx_ll_usb.o(i.USB_SetDevAddress)
    i.USB_WritePMA                           0x0800417c   Section        0  stm32f1xx_ll_usb.o(i.USB_WritePMA)
    i.UsageFault_Handler                     0x080041a2   Section        0  stm32f1xx_it.o(i.UsageFault_Handler)
    i.__NVIC_SetPriority                     0x080041a4   Section        0  stm32f1xx_hal_cortex.o(i.__NVIC_SetPriority)
    __NVIC_SetPriority                       0x080041a5   Thumb Code    32  stm32f1xx_hal_cortex.o(i.__NVIC_SetPriority)
    i.fputc                                  0x080041c4   Section        0  stm32f1xx_hal.o(i.fputc)
    i.main                                   0x080041dc   Section        0  main.o(i.main)
    .constdata                               0x08004254   Section       18  stm32f1xx_hal_rcc.o(.constdata)
    aPredivFactorTable                       0x08004254   Data           2  stm32f1xx_hal_rcc.o(.constdata)
    aPLLMULFactorTable                       0x08004256   Data          16  stm32f1xx_hal_rcc.o(.constdata)
    .constdata                               0x08004266   Section       16  system_stm32f1xx.o(.constdata)
    .constdata                               0x08004276   Section        8  system_stm32f1xx.o(.constdata)
    .constdata                               0x0800427e   Section        4  sys_io.o(.constdata)
    .constdata                               0x08004282   Section        4  sys_io.o(.constdata)
    .constdata                               0x08004286   Section        4  sys_io.o(.constdata)
    .data                                    0x20000000   Section        2  main.o(.data)
    .data                                    0x20000004   Section       28  usbd_desc.o(.data)
    .data                                    0x20000020   Section       50  usbd_desc.o(.data)
    .data                                    0x20000054   Section       12  stm32f1xx_hal.o(.data)
    .data                                    0x20000060   Section        4  system_stm32f1xx.o(.data)
    .data                                    0x20000064   Section        1  usbd_ctlreq.o(.data)
    cfgidx                                   0x20000064   Data           1  usbd_ctlreq.o(.data)
    .data                                    0x20000068   Section       56  usbd_hid.o(.data)
    .data                                    0x200000a0   Section      206  usbd_hid.o(.data)
    USBD_HID_CfgFSDesc                       0x200000a0   Data          34  usbd_hid.o(.data)
    USBD_HID_CfgHSDesc                       0x200000c4   Data          34  usbd_hid.o(.data)
    USBD_HID_OtherSpeedCfgDesc               0x200000e8   Data          34  usbd_hid.o(.data)
    USBD_HID_Desc                            0x2000010c   Data           9  usbd_hid.o(.data)
    USBD_HID_DeviceQualifierDesc             0x20000118   Data          10  usbd_hid.o(.data)
    HID_MOUSE_ReportDesc                     0x20000124   Data          74  usbd_hid.o(.data)
    .data                                    0x20000170   Section        4  stdio_streams.o(.data)
    .data                                    0x20000174   Section        4  stdio_streams.o(.data)
    .data                                    0x20000178   Section        4  stdio_streams.o(.data)
    .bss                                     0x2000017c   Section      256  main.o(.bss)
    .bss                                     0x2000027c   Section       72  usart.o(.bss)
    .bss                                     0x200002c4   Section      708  usb_device.o(.bss)
    .bss                                     0x20000588   Section      512  usbd_desc.o(.bss)
    .bss                                     0x20000788   Section      772  usbd_conf.o(.bss)
    mem                                      0x20000788   Data          20  usbd_conf.o(.bss)
    .bss                                     0x20000a8c   Section       84  stdio_streams.o(.bss)
    .bss                                     0x20000ae0   Section       84  stdio_streams.o(.bss)
    .bss                                     0x20000b34   Section       84  stdio_streams.o(.bss)
    .bss                                     0x20000b88   Section       96  libspace.o(.bss)
    HEAP                                     0x20000be8   Section      512  startup_stm32f103xb.o(HEAP)
    Heap_Mem                                 0x20000be8   Data         512  startup_stm32f103xb.o(HEAP)
    STACK                                    0x20000de8   Section     1024  startup_stm32f103xb.o(STACK)
    Stack_Mem                                0x20000de8   Data        1024  startup_stm32f103xb.o(STACK)
    __initial_sp                             0x200011e8   Data           0  startup_stm32f103xb.o(STACK)

    Global Symbols

    Symbol Name                              Value     Ov Type        Size  Object(Section)

    BuildAttributes$$THM_ISAv4$P$D$K$B$S$PE$A:L22UL41UL21$X:L11$S22US41US21$IEEE1$IW$USESV6$~STKCKD$USESV7$~SHL$OTIME$ROPI$EBA8$UX$STANDARDLIB$REQ8$PRES8$EABIv2 0x00000000   Number         0  anon$$obj.o ABSOLUTE
    __ARM_use_no_argv                        0x00000000   Number         0  main.o ABSOLUTE
    __ARM_exceptions_init                     - Undefined Weak Reference
    __alloca_initialize                       - Undefined Weak Reference
    __arm_preinit_                            - Undefined Weak Reference
    __cpp_initialize__aeabi_                  - Undefined Weak Reference
    __cxa_finalize                            - Undefined Weak Reference
    __rt_locale                               - Undefined Weak Reference
    __sigvec_lookup                           - Undefined Weak Reference
    __user_heap_extent                        - Undefined Weak Reference
    _atexit_init                              - Undefined Weak Reference
    _call_atexit_fns                          - Undefined Weak Reference
    _clock_init                               - Undefined Weak Reference
    _fp_trap_init                             - Undefined Weak Reference
    _fp_trap_shutdown                         - Undefined Weak Reference
    _get_lc_collate                           - Undefined Weak Reference
    _get_lc_ctype                             - Undefined Weak Reference
    _get_lc_monetary                          - Undefined Weak Reference
    _get_lc_numeric                           - Undefined Weak Reference
    _get_lc_time                              - Undefined Weak Reference
    _getenv_init                              - Undefined Weak Reference
    _handle_redirection                       - Undefined Weak Reference
    _mutex_acquire                            - Undefined Weak Reference
    _mutex_free                               - Undefined Weak Reference
    _mutex_release                            - Undefined Weak Reference
    _rand_init                                - Undefined Weak Reference
    _signal_finish                            - Undefined Weak Reference
    _signal_init                              - Undefined Weak Reference
    __Vectors_Size                           0x000000ec   Number         0  startup_stm32f103xb.o ABSOLUTE
    __Vectors                                0x08000000   Data           4  startup_stm32f103xb.o(RESET)
    __Vectors_End                            0x080000ec   Data           0  startup_stm32f103xb.o(RESET)
    __main                                   0x080000ed   Thumb Code     8  __main.o(!!!main)
    __scatterload                            0x080000f5   Thumb Code     0  __scatter.o(!!!scatter)
    __scatterload_rt2                        0x080000f5   Thumb Code    44  __scatter.o(!!!scatter)
    __scatterload_rt2_thumb_only             0x080000f5   Thumb Code     0  __scatter.o(!!!scatter)
    __scatterload_null                       0x08000103   Thumb Code     0  __scatter.o(!!!scatter)
    __decompress                             0x08000129   Thumb Code    90  __dczerorl2.o(!!dczerorl2)
    __decompress1                            0x08000129   Thumb Code     0  __dczerorl2.o(!!dczerorl2)
    __scatterload_zeroinit                   0x08000185   Thumb Code    28  __scatter_zi.o(!!handler_zi)
    __rt_lib_init                            0x080001a1   Thumb Code     0  libinit.o(.ARM.Collect$$libinit$$00000000)
    __rt_lib_init_fp_1                       0x080001a3   Thumb Code     0  libinit2.o(.ARM.Collect$$libinit$$00000002)
    __rt_lib_init_heap_2                     0x080001a3   Thumb Code     0  libinit2.o(.ARM.Collect$$libinit$$00000005)
    __rt_lib_init_preinit_1                  0x080001a3   Thumb Code     0  libinit2.o(.ARM.Collect$$libinit$$00000004)
    __rt_lib_init_atexit_1                   0x080001ab   Thumb Code     0  libinit2.o(.ARM.Collect$$libinit$$0000001B)
    __rt_lib_init_clock_1                    0x080001ab   Thumb Code     0  libinit2.o(.ARM.Collect$$libinit$$00000021)
    __rt_lib_init_fp_trap_1                  0x080001ab   Thumb Code     0  libinit2.o(.ARM.Collect$$libinit$$0000001F)
    __rt_lib_init_getenv_1                   0x080001ab   Thumb Code     0  libinit2.o(.ARM.Collect$$libinit$$00000023)
    __rt_lib_init_heap_1                     0x080001ab   Thumb Code     0  libinit2.o(.ARM.Collect$$libinit$$0000000A)
    __rt_lib_init_lc_collate_1               0x080001ab   Thumb Code     0  libinit2.o(.ARM.Collect$$libinit$$00000011)
    __rt_lib_init_lc_ctype_1                 0x080001ab   Thumb Code     0  libinit2.o(.ARM.Collect$$libinit$$00000013)
    __rt_lib_init_lc_monetary_1              0x080001ab   Thumb Code     0  libinit2.o(.ARM.Collect$$libinit$$00000015)
    __rt_lib_init_lc_numeric_1               0x080001ab   Thumb Code     0  libinit2.o(.ARM.Collect$$libinit$$00000017)
    __rt_lib_init_lc_time_1                  0x080001ab   Thumb Code     0  libinit2.o(.ARM.Collect$$libinit$$00000019)
    __rt_lib_init_rand_1                     0x080001ab   Thumb Code     0  libinit2.o(.ARM.Collect$$libinit$$0000000E)
    __rt_lib_init_signal_1                   0x080001ab   Thumb Code     0  libinit2.o(.ARM.Collect$$libinit$$0000001D)
    __rt_lib_init_stdio_2                    0x080001ab   Thumb Code     0  libinit2.o(.ARM.Collect$$libinit$$00000024)
    __rt_lib_init_user_alloc_1               0x080001ab   Thumb Code     0  libinit2.o(.ARM.Collect$$libinit$$0000000C)
    __rt_lib_init_alloca_1                   0x080001af   Thumb Code     0  libinit2.o(.ARM.Collect$$libinit$$0000002E)
    __rt_lib_init_argv_1                     0x080001af   Thumb Code     0  libinit2.o(.ARM.Collect$$libinit$$0000002C)
    __rt_lib_init_cpp_1                      0x080001af   Thumb Code     0  libinit2.o(.ARM.Collect$$libinit$$00000032)
    __rt_lib_init_exceptions_1               0x080001af   Thumb Code     0  libinit2.o(.ARM.Collect$$libinit$$00000030)
    __rt_lib_init_return                     0x080001af   Thumb Code     0  libinit2.o(.ARM.Collect$$libinit$$00000033)
    __rt_lib_init_stdio_1                    0x080001af   Thumb Code     0  libinit2.o(.ARM.Collect$$libinit$$00000025)
    __rt_lib_shutdown                        0x080001b1   Thumb Code     0  libshutdown.o(.ARM.Collect$$libshutdown$$00000000)
    __rt_lib_shutdown_cpp_1                  0x080001b3   Thumb Code     0  libshutdown2.o(.ARM.Collect$$libshutdown$$00000002)
    __rt_lib_shutdown_stdio_2                0x080001b3   Thumb Code     0  libshutdown2.o(.ARM.Collect$$libshutdown$$00000003)
    __rt_lib_shutdown_fp_trap_1              0x080001b7   Thumb Code     0  libshutdown2.o(.ARM.Collect$$libshutdown$$00000007)
    __rt_lib_shutdown_heap_1                 0x080001b7   Thumb Code     0  libshutdown2.o(.ARM.Collect$$libshutdown$$0000000F)
    __rt_lib_shutdown_return                 0x080001b7   Thumb Code     0  libshutdown2.o(.ARM.Collect$$libshutdown$$00000010)
    __rt_lib_shutdown_signal_1               0x080001b7   Thumb Code     0  libshutdown2.o(.ARM.Collect$$libshutdown$$0000000A)
    __rt_lib_shutdown_stdio_1                0x080001b7   Thumb Code     0  libshutdown2.o(.ARM.Collect$$libshutdown$$00000004)
    __rt_lib_shutdown_user_alloc_1           0x080001b7   Thumb Code     0  libshutdown2.o(.ARM.Collect$$libshutdown$$0000000C)
    __rt_entry                               0x080001b9   Thumb Code     0  __rtentry.o(.ARM.Collect$$rtentry$$00000000)
    __rt_entry_presh_1                       0x080001b9   Thumb Code     0  __rtentry2.o(.ARM.Collect$$rtentry$$00000002)
    __rt_entry_sh                            0x080001b9   Thumb Code     0  __rtentry4.o(.ARM.Collect$$rtentry$$00000004)
    __rt_entry_li                            0x080001bf   Thumb Code     0  __rtentry2.o(.ARM.Collect$$rtentry$$0000000A)
    __rt_entry_postsh_1                      0x080001bf   Thumb Code     0  __rtentry2.o(.ARM.Collect$$rtentry$$00000009)
    __rt_entry_main                          0x080001c3   Thumb Code     0  __rtentry2.o(.ARM.Collect$$rtentry$$0000000D)
    __rt_entry_postli_1                      0x080001c3   Thumb Code     0  __rtentry2.o(.ARM.Collect$$rtentry$$0000000C)
    __rt_exit                                0x080001cb   Thumb Code     0  rtexit.o(.ARM.Collect$$rtexit$$00000000)
    __rt_exit_ls                             0x080001cd   Thumb Code     0  rtexit2.o(.ARM.Collect$$rtexit$$00000003)
    __rt_exit_prels_1                        0x080001cd   Thumb Code     0  rtexit2.o(.ARM.Collect$$rtexit$$00000002)
    __rt_exit_exit                           0x080001d1   Thumb Code     0  rtexit2.o(.ARM.Collect$$rtexit$$00000004)
    Reset_Handler                            0x080001d9   Thumb Code     8  startup_stm32f103xb.o(.text)
    _maybe_terminate_alloc                   0x080001d9   Thumb Code     0  maybetermalloc1.o(.emb_text)
    ADC1_2_IRQHandler                        0x080001f3   Thumb Code     0  startup_stm32f103xb.o(.text)
    CAN1_RX1_IRQHandler                      0x080001f3   Thumb Code     0  startup_stm32f103xb.o(.text)
    CAN1_SCE_IRQHandler                      0x080001f3   Thumb Code     0  startup_stm32f103xb.o(.text)
    DMA1_Channel1_IRQHandler                 0x080001f3   Thumb Code     0  startup_stm32f103xb.o(.text)
    DMA1_Channel2_IRQHandler                 0x080001f3   Thumb Code     0  startup_stm32f103xb.o(.text)
    DMA1_Channel3_IRQHandler                 0x080001f3   Thumb Code     0  startup_stm32f103xb.o(.text)
    DMA1_Channel4_IRQHandler                 0x080001f3   Thumb Code     0  startup_stm32f103xb.o(.text)
    DMA1_Channel5_IRQHandler                 0x080001f3   Thumb Code     0  startup_stm32f103xb.o(.text)
    DMA1_Channel6_IRQHandler                 0x080001f3   Thumb Code     0  startup_stm32f103xb.o(.text)
    DMA1_Channel7_IRQHandler                 0x080001f3   Thumb Code     0  startup_stm32f103xb.o(.text)
    EXTI0_IRQHandler                         0x080001f3   Thumb Code     0  startup_stm32f103xb.o(.text)
    EXTI15_10_IRQHandler                     0x080001f3   Thumb Code     0  startup_stm32f103xb.o(.text)
    EXTI2_IRQHandler                         0x080001f3   Thumb Code     0  startup_stm32f103xb.o(.text)
    EXTI3_IRQHandler                         0x080001f3   Thumb Code     0  startup_stm32f103xb.o(.text)
    EXTI4_IRQHandler                         0x080001f3   Thumb Code     0  startup_stm32f103xb.o(.text)
    EXTI9_5_IRQHandler                       0x080001f3   Thumb Code     0  startup_stm32f103xb.o(.text)
    FLASH_IRQHandler                         0x080001f3   Thumb Code     0  startup_stm32f103xb.o(.text)
    I2C1_ER_IRQHandler                       0x080001f3   Thumb Code     0  startup_stm32f103xb.o(.text)
    I2C1_EV_IRQHandler                       0x080001f3   Thumb Code     0  startup_stm32f103xb.o(.text)
    I2C2_ER_IRQHandler                       0x080001f3   Thumb Code     0  startup_stm32f103xb.o(.text)
    I2C2_EV_IRQHandler                       0x080001f3   Thumb Code     0  startup_stm32f103xb.o(.text)
    PVD_IRQHandler                           0x080001f3   Thumb Code     0  startup_stm32f103xb.o(.text)
    RCC_IRQHandler                           0x080001f3   Thumb Code     0  startup_stm32f103xb.o(.text)
    RTC_Alarm_IRQHandler                     0x080001f3   Thumb Code     0  startup_stm32f103xb.o(.text)
    RTC_IRQHandler                           0x080001f3   Thumb Code     0  startup_stm32f103xb.o(.text)
    SPI1_IRQHandler                          0x080001f3   Thumb Code     0  startup_stm32f103xb.o(.text)
    SPI2_IRQHandler                          0x080001f3   Thumb Code     0  startup_stm32f103xb.o(.text)
    TAMPER_IRQHandler                        0x080001f3   Thumb Code     0  startup_stm32f103xb.o(.text)
    TIM1_BRK_IRQHandler                      0x080001f3   Thumb Code     0  startup_stm32f103xb.o(.text)
    TIM1_CC_IRQHandler                       0x080001f3   Thumb Code     0  startup_stm32f103xb.o(.text)
    TIM1_TRG_COM_IRQHandler                  0x080001f3   Thumb Code     0  startup_stm32f103xb.o(.text)
    TIM1_UP_IRQHandler                       0x080001f3   Thumb Code     0  startup_stm32f103xb.o(.text)
    TIM2_IRQHandler                          0x080001f3   Thumb Code     0  startup_stm32f103xb.o(.text)
    TIM3_IRQHandler                          0x080001f3   Thumb Code     0  startup_stm32f103xb.o(.text)
    TIM4_IRQHandler                          0x080001f3   Thumb Code     0  startup_stm32f103xb.o(.text)
    USART2_IRQHandler                        0x080001f3   Thumb Code     0  startup_stm32f103xb.o(.text)
    USART3_IRQHandler                        0x080001f3   Thumb Code     0  startup_stm32f103xb.o(.text)
    USBWakeUp_IRQHandler                     0x080001f3   Thumb Code     0  startup_stm32f103xb.o(.text)
    USB_HP_CAN1_TX_IRQHandler                0x080001f3   Thumb Code     0  startup_stm32f103xb.o(.text)
    WWDG_IRQHandler                          0x080001f3   Thumb Code     0  startup_stm32f103xb.o(.text)
    __user_initial_stackheap                 0x080001f5   Thumb Code     0  startup_stm32f103xb.o(.text)
    __2printf                                0x08000219   Thumb Code    20  noretval__2printf.o(.text)
    __aeabi_memcpy4                          0x08000231   Thumb Code     0  rt_memcpy_w.o(.text)
    __aeabi_memcpy8                          0x08000231   Thumb Code     0  rt_memcpy_w.o(.text)
    __rt_memcpy_w                            0x08000231   Thumb Code   100  rt_memcpy_w.o(.text)
    _memcpy_lastbytes_aligned                0x08000279   Thumb Code     0  rt_memcpy_w.o(.text)
    __aeabi_memclr                           0x08000295   Thumb Code     0  rt_memclr.o(.text)
    __rt_memclr                              0x08000295   Thumb Code    68  rt_memclr.o(.text)
    _memset                                  0x08000299   Thumb Code     0  rt_memclr.o(.text)
    __aeabi_memclr4                          0x080002d9   Thumb Code     0  rt_memclr_w.o(.text)
    __aeabi_memclr8                          0x080002d9   Thumb Code     0  rt_memclr_w.o(.text)
    __rt_memclr_w                            0x080002d9   Thumb Code    78  rt_memclr_w.o(.text)
    _memset_w                                0x080002dd   Thumb Code     0  rt_memclr_w.o(.text)
    __use_two_region_memory                  0x08000327   Thumb Code     2  heapauxi.o(.text)
    __rt_heap_escrow                         0x08000329   Thumb Code     2  heapauxi.o(.text)
    __rt_heap_expand                         0x0800032b   Thumb Code     2  heapauxi.o(.text)
    _printf_char_file                        0x0800032d   Thumb Code    32  _printf_char_file.o(.text)
    _printf_char_common                      0x0800035b   Thumb Code    32  _printf_char_common.o(.text)
    ferror                                   0x08000381   Thumb Code     8  ferror.o(.text)
    _initio                                  0x08000389   Thumb Code   210  initio.o(.text)
    _terminateio                             0x0800045b   Thumb Code    56  initio.o(.text)
    _sys_open                                0x080004c1   Thumb Code    20  sys_io.o(.text)
    _sys_close                               0x080004d5   Thumb Code    12  sys_io.o(.text)
    _sys_write                               0x080004e1   Thumb Code    16  sys_io.o(.text)
    _sys_read                                0x080004f1   Thumb Code    14  sys_io.o(.text)
    _sys_istty                               0x080004ff   Thumb Code    12  sys_io.o(.text)
    _sys_seek                                0x0800050b   Thumb Code    14  sys_io.o(.text)
    _sys_ensure                              0x08000519   Thumb Code     2  sys_io.o(.text)
    _sys_flen                                0x0800051b   Thumb Code    12  sys_io.o(.text)
    __user_setup_stackheap                   0x08000527   Thumb Code    74  sys_stackheap_outer.o(.text)
    free                                     0x08000571   Thumb Code    78  h1_free.o(.text)
    __printf                                 0x080005bf   Thumb Code    40  __printf_nopercent.o(.text)
    setvbuf                                  0x080005e7   Thumb Code    70  setvbuf.o(.text)
    freopen                                  0x0800062d   Thumb Code   158  fopen.o(.text)
    fopen                                    0x080006cb   Thumb Code    74  fopen.o(.text)
    _fclose_internal                         0x08000719   Thumb Code    76  fclose.o(.text)
    fclose                                   0x08000719   Thumb Code     0  fclose.o(.text)
    exit                                     0x08000765   Thumb Code    18  exit.o(.text)
    __rt_SIGRTRED                            0x08000777   Thumb Code    14  defsig_rtred_outer.o(.text)
    __user_libspace                          0x08000785   Thumb Code     8  libspace.o(.text)
    __user_perproc_libspace                  0x08000785   Thumb Code     0  libspace.o(.text)
    __user_perthread_libspace                0x08000785   Thumb Code     0  libspace.o(.text)
    __I$use$semihosting                      0x0800078d   Thumb Code     0  use_no_semi.o(.text)
    __use_no_semihosting_swi                 0x0800078d   Thumb Code     2  use_no_semi.o(.text)
    __semihosting_library_function           0x0800078f   Thumb Code     0  indicate_semi.o(.text)
    __rt_heap_descriptor                     0x08000791   Thumb Code     8  rt_heap_descriptor_intlibspace.o(.text)
    __use_no_heap                            0x08000799   Thumb Code     2  hguard.o(.text)
    __heap$guard                             0x0800079b   Thumb Code     2  hguard.o(.text)
    _terminate_user_alloc                    0x0800079d   Thumb Code     2  init_alloc.o(.text)
    _init_user_alloc                         0x0800079f   Thumb Code     2  init_alloc.o(.text)
    __Heap_Full                              0x080007a1   Thumb Code    34  init_alloc.o(.text)
    __Heap_Broken                            0x080007c3   Thumb Code     6  init_alloc.o(.text)
    _init_alloc                              0x080007c9   Thumb Code    94  init_alloc.o(.text)
    malloc                                   0x08000827   Thumb Code    94  h1_alloc.o(.text)
    _fseek                                   0x08000885   Thumb Code   242  fseek.o(.text)
    fseek                                    0x08000885   Thumb Code     0  fseek.o(.text)
    _seterr                                  0x0800097d   Thumb Code    20  stdio.o(.text)
    _writebuf                                0x08000991   Thumb Code    84  stdio.o(.text)
    _fflush                                  0x080009e5   Thumb Code    70  stdio.o(.text)
    _deferredlazyseek                        0x08000a2b   Thumb Code    60  stdio.o(.text)
    __sig_exit                               0x08000a6d   Thumb Code    10  defsig_exit.o(.text)
    __rt_SIGRTRED_inner                      0x08000a79   Thumb Code    14  defsig_rtred_inner.o(.text)
    strlen                                   0x08000aad   Thumb Code    62  strlen.o(.text)
    _sys_exit                                0x08000aed   Thumb Code     8  sys_exit.o(.text)
    __Heap_Initialize                        0x08000af9   Thumb Code    10  h1_init.o(.text)
    __Heap_DescSize                          0x08000b03   Thumb Code     4  h1_init.o(.text)
    __Heap_ProvideMemory                     0x08000b07   Thumb Code    52  h1_extend.o(.text)
    _ftell_internal                          0x08000b3b   Thumb Code    66  ftell.o(.text)
    ftell                                    0x08000b3b   Thumb Code     0  ftell.o(.text)
    __default_signal_display                 0x08000b7d   Thumb Code    50  defsig_general.o(.text)
    __rt_SIGRTMEM                            0x08000baf   Thumb Code    14  defsig_rtmem_outer.o(.text)
    _ttywrch                                 0x08000bbd   Thumb Code    14  sys_wrch.o(.text)
    __aeabi_errno_addr                       0x08000bcd   Thumb Code     8  rt_errno_addr_intlibspace.o(.text)
    __errno$intlibspace                      0x08000bcd   Thumb Code     0  rt_errno_addr_intlibspace.o(.text)
    __rt_errno_addr$intlibspace              0x08000bcd   Thumb Code     0  rt_errno_addr_intlibspace.o(.text)
    __rt_SIGRTMEM_inner                      0x08000bd5   Thumb Code    22  defsig_rtmem_inner.o(.text)
    BusFault_Handler                         0x08000c25   Thumb Code     2  stm32f1xx_it.o(i.BusFault_Handler)
    DebugMon_Handler                         0x08000c27   Thumb Code     2  stm32f1xx_it.o(i.DebugMon_Handler)
    EXTI1_IRQHandler                         0x08000c29   Thumb Code     6  stm32f1xx_it.o(i.EXTI1_IRQHandler)
    Error_Handler                            0x08000c2f   Thumb Code     4  main.o(i.Error_Handler)
    HAL_DMA_Abort                            0x08000c33   Thumb Code    70  stm32f1xx_hal_dma.o(i.HAL_DMA_Abort)
    HAL_DMA_Abort_IT                         0x08000c79   Thumb Code   148  stm32f1xx_hal_dma.o(i.HAL_DMA_Abort_IT)
    HAL_Delay                                0x08000d11   Thumb Code    32  stm32f1xx_hal.o(i.HAL_Delay)
    HAL_GPIO_EXTI_Callback                   0x08000d35   Thumb Code     2  stm32f1xx_hal_gpio.o(i.HAL_GPIO_EXTI_Callback)
    HAL_GPIO_EXTI_IRQHandler                 0x08000d39   Thumb Code    18  stm32f1xx_hal_gpio.o(i.HAL_GPIO_EXTI_IRQHandler)
    HAL_GPIO_Init                            0x08000d51   Thumb Code   446  stm32f1xx_hal_gpio.o(i.HAL_GPIO_Init)
    HAL_GPIO_TogglePin                       0x08000f31   Thumb Code    16  stm32f1xx_hal_gpio.o(i.HAL_GPIO_TogglePin)
    HAL_GPIO_WritePin                        0x08000f41   Thumb Code    10  stm32f1xx_hal_gpio.o(i.HAL_GPIO_WritePin)
    HAL_GetTick                              0x08000f4d   Thumb Code     6  stm32f1xx_hal.o(i.HAL_GetTick)
    HAL_IncTick                              0x08000f59   Thumb Code    12  stm32f1xx_hal.o(i.HAL_IncTick)
    HAL_Init                                 0x08000f69   Thumb Code    32  stm32f1xx_hal.o(i.HAL_Init)
    HAL_InitTick                             0x08000f8d   Thumb Code    54  stm32f1xx_hal.o(i.HAL_InitTick)
    HAL_MspInit                              0x08000fcd   Thumb Code    52  stm32f1xx_hal_msp.o(i.HAL_MspInit)
    HAL_NVIC_EnableIRQ                       0x08001009   Thumb Code    26  stm32f1xx_hal_cortex.o(i.HAL_NVIC_EnableIRQ)
    HAL_NVIC_SetPriority                     0x08001025   Thumb Code    60  stm32f1xx_hal_cortex.o(i.HAL_NVIC_SetPriority)
    HAL_NVIC_SetPriorityGrouping             0x08001065   Thumb Code    26  stm32f1xx_hal_cortex.o(i.HAL_NVIC_SetPriorityGrouping)
    HAL_PCDEx_PMAConfig                      0x08001089   Thumb Code    60  stm32f1xx_hal_pcd_ex.o(i.HAL_PCDEx_PMAConfig)
    HAL_PCDEx_SetConnectionState             0x080010c5   Thumb Code     2  usbd_conf.o(i.HAL_PCDEx_SetConnectionState)
    HAL_PCD_DataInStageCallback              0x080010c7   Thumb Code    18  usbd_conf.o(i.HAL_PCD_DataInStageCallback)
    HAL_PCD_DataOutStageCallback             0x080010d9   Thumb Code    20  usbd_conf.o(i.HAL_PCD_DataOutStageCallback)
    HAL_PCD_EP_Close                         0x080010ed   Thumb Code    76  stm32f1xx_hal_pcd.o(i.HAL_PCD_EP_Close)
    HAL_PCD_EP_ClrStall                      0x08001139   Thumb Code    92  stm32f1xx_hal_pcd.o(i.HAL_PCD_EP_ClrStall)
    HAL_PCD_EP_Open                          0x080015b3   Thumb Code    90  stm32f1xx_hal_pcd.o(i.HAL_PCD_EP_Open)
    HAL_PCD_EP_Receive                       0x0800160d   Thumb Code    46  stm32f1xx_hal_pcd.o(i.HAL_PCD_EP_Receive)
    HAL_PCD_EP_SetStall                      0x0800163b   Thumb Code   114  stm32f1xx_hal_pcd.o(i.HAL_PCD_EP_SetStall)
    HAL_PCD_EP_Transmit                      0x080016ad   Thumb Code    48  stm32f1xx_hal_pcd.o(i.HAL_PCD_EP_Transmit)
    HAL_PCD_IRQHandler                       0x080016dd   Thumb Code   308  stm32f1xx_hal_pcd.o(i.HAL_PCD_IRQHandler)
    HAL_PCD_Init                             0x08001811   Thumb Code   218  stm32f1xx_hal_pcd.o(i.HAL_PCD_Init)
    HAL_PCD_MspInit                          0x080018ed   Thumb Code    50  usbd_conf.o(i.HAL_PCD_MspInit)
    HAL_PCD_ResetCallback                    0x08001929   Thumb Code    38  usbd_conf.o(i.HAL_PCD_ResetCallback)
    HAL_PCD_ResumeCallback                   0x0800194f   Thumb Code     8  usbd_conf.o(i.HAL_PCD_ResumeCallback)
    HAL_PCD_SOFCallback                      0x08001957   Thumb Code     8  usbd_conf.o(i.HAL_PCD_SOFCallback)
    HAL_PCD_SetAddress                       0x0800195f   Thumb Code    40  stm32f1xx_hal_pcd.o(i.HAL_PCD_SetAddress)
    HAL_PCD_SetupStageCallback               0x08001987   Thumb Code    14  usbd_conf.o(i.HAL_PCD_SetupStageCallback)
    HAL_PCD_Start                            0x08001995   Thumb Code    50  stm32f1xx_hal_pcd.o(i.HAL_PCD_Start)
    HAL_PCD_SuspendCallback                  0x080019c9   Thumb Code    30  usbd_conf.o(i.HAL_PCD_SuspendCallback)
    HAL_RCCEx_PeriphCLKConfig                0x080019ed   Thumb Code   224  stm32f1xx_hal_rcc_ex.o(i.HAL_RCCEx_PeriphCLKConfig)
    HAL_RCC_ClockConfig                      0x08001ad9   Thumb Code   280  stm32f1xx_hal_rcc.o(i.HAL_RCC_ClockConfig)
    HAL_RCC_GetPCLK1Freq                     0x08001c05   Thumb Code    20  stm32f1xx_hal_rcc.o(i.HAL_RCC_GetPCLK1Freq)
    HAL_RCC_GetPCLK2Freq                     0x08001c25   Thumb Code    20  stm32f1xx_hal_rcc.o(i.HAL_RCC_GetPCLK2Freq)
    HAL_RCC_GetSysClockFreq                  0x08001c45   Thumb Code    58  stm32f1xx_hal_rcc.o(i.HAL_RCC_GetSysClockFreq)
    HAL_RCC_OscConfig                        0x08001c91   Thumb Code   778  stm32f1xx_hal_rcc.o(i.HAL_RCC_OscConfig)
    HAL_SYSTICK_Config                       0x08001fb1   Thumb Code    40  stm32f1xx_hal_cortex.o(i.HAL_SYSTICK_Config)
    HAL_UARTEx_RxEventCallback               0x08001fd9   Thumb Code     2  stm32f1xx_hal_uart.o(i.HAL_UARTEx_RxEventCallback)
    HAL_UART_ErrorCallback                   0x08001fdb   Thumb Code     2  stm32f1xx_hal_uart.o(i.HAL_UART_ErrorCallback)
    HAL_UART_GetState                        0x08001fdd   Thumb Code    10  stm32f1xx_hal_uart.o(i.HAL_UART_GetState)
    HAL_UART_IRQHandler                      0x08001fe9   Thumb Code   616  stm32f1xx_hal_uart.o(i.HAL_UART_IRQHandler)
    HAL_UART_Init                            0x08002255   Thumb Code   100  stm32f1xx_hal_uart.o(i.HAL_UART_Init)
    HAL_UART_MspInit                         0x080022b9   Thumb Code   116  usart.o(i.HAL_UART_MspInit)
    HAL_UART_Receive_IT                      0x08002339   Thumb Code    28  stm32f1xx_hal_uart.o(i.HAL_UART_Receive_IT)
    HAL_UART_RxCpltCallback                  0x08002355   Thumb Code   122  main.o(i.HAL_UART_RxCpltCallback)
    HAL_UART_Transmit                        0x080023ed   Thumb Code   154  stm32f1xx_hal_uart.o(i.HAL_UART_Transmit)
    HAL_UART_TxCpltCallback                  0x08002487   Thumb Code     2  stm32f1xx_hal_uart.o(i.HAL_UART_TxCpltCallback)
    HardFault_Handler                        0x08002489   Thumb Code     2  stm32f1xx_it.o(i.HardFault_Handler)
    MX_GPIO_Init                             0x080024c5   Thumb Code   132  gpio.o(i.MX_GPIO_Init)
    MX_USART1_UART_Init                      0x08002555   Thumb Code    48  usart.o(i.MX_USART1_UART_Init)
    MX_USB_DEVICE_Init                       0x0800258d   Thumb Code    52  usb_device.o(i.MX_USB_DEVICE_Init)
    MemManage_Handler                        0x080025cd   Thumb Code     2  stm32f1xx_it.o(i.MemManage_Handler)
    NMI_Handler                              0x080025cf   Thumb Code     2  stm32f1xx_it.o(i.NMI_Handler)
    PendSV_Handler                           0x0800297d   Thumb Code     2  stm32f1xx_it.o(i.PendSV_Handler)
    SVC_Handler                              0x0800297f   Thumb Code     2  stm32f1xx_it.o(i.SVC_Handler)
    SysTick_Handler                          0x08002981   Thumb Code     4  stm32f1xx_it.o(i.SysTick_Handler)
    SystemClock_Config                       0x08002985   Thumb Code   118  main.o(i.SystemClock_Config)
    SystemInit                               0x080029fb   Thumb Code     2  system_stm32f1xx.o(i.SystemInit)
    UART_Start_Receive_IT                    0x08002bd5   Thumb Code    54  stm32f1xx_hal_uart.o(i.UART_Start_Receive_IT)
    USART1_IRQHandler                        0x08002c85   Thumb Code     6  stm32f1xx_it.o(i.USART1_IRQHandler)
    USBD_ClrClassConfig                      0x08002c91   Thumb Code    14  usbd_core.o(i.USBD_ClrClassConfig)
    USBD_CtlContinueRx                       0x08002c9f   Thumb Code    16  usbd_ioreq.o(i.USBD_CtlContinueRx)
    USBD_CtlContinueSendData                 0x08002caf   Thumb Code    16  usbd_ioreq.o(i.USBD_CtlContinueSendData)
    USBD_CtlError                            0x08002cbf   Thumb Code    22  usbd_ctlreq.o(i.USBD_CtlError)
    USBD_CtlReceiveStatus                    0x08002cd5   Thumb Code    22  usbd_ioreq.o(i.USBD_CtlReceiveStatus)
    USBD_CtlSendData                         0x08002ceb   Thumb Code    26  usbd_ioreq.o(i.USBD_CtlSendData)
    USBD_CtlSendStatus                       0x08002d05   Thumb Code    22  usbd_ioreq.o(i.USBD_CtlSendStatus)
    USBD_FS_ConfigStrDescriptor              0x08002d1d   Thumb Code    16  usbd_desc.o(i.USBD_FS_ConfigStrDescriptor)
    USBD_FS_DeviceDescriptor                 0x08002d3d   Thumb Code     8  usbd_desc.o(i.USBD_FS_DeviceDescriptor)
    USBD_FS_InterfaceStrDescriptor           0x08002d49   Thumb Code    16  usbd_desc.o(i.USBD_FS_InterfaceStrDescriptor)
    USBD_FS_LangIDStrDescriptor              0x08002d6d   Thumb Code     8  usbd_desc.o(i.USBD_FS_LangIDStrDescriptor)
    USBD_FS_ManufacturerStrDescriptor        0x08002d79   Thumb Code    16  usbd_desc.o(i.USBD_FS_ManufacturerStrDescriptor)
    USBD_FS_ProductStrDescriptor             0x08002da1   Thumb Code    16  usbd_desc.o(i.USBD_FS_ProductStrDescriptor)
    USBD_FS_SerialStrDescriptor              0x08002dcd   Thumb Code    48  usbd_desc.o(i.USBD_FS_SerialStrDescriptor)
    USBD_GetString                           0x08002eed   Thumb Code    72  usbd_ctlreq.o(i.USBD_GetString)
    USBD_Init                                0x0800309d   Thumb Code    42  usbd_core.o(i.USBD_Init)
    USBD_LL_ClearStallEP                     0x080030c7   Thumb Code    18  usbd_conf.o(i.USBD_LL_ClearStallEP)
    USBD_LL_CloseEP                          0x080030d9   Thumb Code    18  usbd_conf.o(i.USBD_LL_CloseEP)
    USBD_LL_DataInStage                      0x080030eb   Thumb Code   198  usbd_core.o(i.USBD_LL_DataInStage)
    USBD_LL_DataOutStage                     0x080031b1   Thumb Code   130  usbd_core.o(i.USBD_LL_DataOutStage)
    USBD_LL_Init                             0x08003235   Thumb Code    94  usbd_conf.o(i.USBD_LL_Init)
    USBD_LL_IsStallEP                        0x0800329d   Thumb Code    32  usbd_conf.o(i.USBD_LL_IsStallEP)
    USBD_LL_OpenEP                           0x080032bd   Thumb Code    24  usbd_conf.o(i.USBD_LL_OpenEP)
    USBD_LL_PrepareReceive                   0x080032d5   Thumb Code    18  usbd_conf.o(i.USBD_LL_PrepareReceive)
    USBD_LL_Reset                            0x080032e7   Thumb Code    80  usbd_core.o(i.USBD_LL_Reset)
    USBD_LL_Resume                           0x08003337   Thumb Code    20  usbd_core.o(i.USBD_LL_Resume)
    USBD_LL_SOF                              0x0800334b   Thumb Code    24  usbd_core.o(i.USBD_LL_SOF)
    USBD_LL_SetSpeed                         0x08003363   Thumb Code     6  usbd_core.o(i.USBD_LL_SetSpeed)
    USBD_LL_SetUSBAddress                    0x08003369   Thumb Code    18  usbd_conf.o(i.USBD_LL_SetUSBAddress)
    USBD_LL_SetupStage                       0x0800337b   Thumb Code    90  usbd_core.o(i.USBD_LL_SetupStage)
    USBD_LL_StallEP                          0x080033d5   Thumb Code    18  usbd_conf.o(i.USBD_LL_StallEP)
    USBD_LL_Start                            0x080033e7   Thumb Code    18  usbd_conf.o(i.USBD_LL_Start)
    USBD_LL_Suspend                          0x080033f9   Thumb Code    18  usbd_core.o(i.USBD_LL_Suspend)
    USBD_LL_Transmit                         0x0800340b   Thumb Code    18  usbd_conf.o(i.USBD_LL_Transmit)
    USBD_ParseSetupRequest                   0x0800341d   Thumb Code    40  usbd_ctlreq.o(i.USBD_ParseSetupRequest)
    USBD_RegisterClass                       0x08003445   Thumb Code    16  usbd_core.o(i.USBD_RegisterClass)
    USBD_SetClassConfig                      0x08003455   Thumb Code    22  usbd_core.o(i.USBD_SetClassConfig)
    USBD_Start                               0x080034f1   Thumb Code    10  usbd_core.o(i.USBD_Start)
    USBD_StdDevReq                           0x080034fb   Thumb Code   274  usbd_ctlreq.o(i.USBD_StdDevReq)
    USBD_StdEPReq                            0x0800360d   Thumb Code   336  usbd_ctlreq.o(i.USBD_StdEPReq)
    USBD_StdItfReq                           0x0800375d   Thumb Code    78  usbd_ctlreq.o(i.USBD_StdItfReq)
    USBD_static_free                         0x080037ab   Thumb Code     2  usbd_conf.o(i.USBD_static_free)
    USBD_static_malloc                       0x080037ad   Thumb Code     4  usbd_conf.o(i.USBD_static_malloc)
    USB_ActivateEndpoint                     0x080037b5   Thumb Code   668  stm32f1xx_ll_usb.o(i.USB_ActivateEndpoint)
    USB_CoreInit                             0x08003a51   Thumb Code     4  stm32f1xx_ll_usb.o(i.USB_CoreInit)
    USB_DeactivateEndpoint                   0x08003a55   Thumb Code   270  stm32f1xx_ll_usb.o(i.USB_DeactivateEndpoint)
    USB_DevConnect                           0x08003b63   Thumb Code     4  stm32f1xx_ll_usb.o(i.USB_DevConnect)
    USB_DevDisconnect                        0x08003b67   Thumb Code     4  stm32f1xx_ll_usb.o(i.USB_DevDisconnect)
    USB_DevInit                              0x08003b6b   Thumb Code    18  stm32f1xx_ll_usb.o(i.USB_DevInit)
    USB_DisableGlobalInt                     0x08003b7d   Thumb Code    14  stm32f1xx_ll_usb.o(i.USB_DisableGlobalInt)
    USB_EP0_OutStart                         0x08003b8b   Thumb Code     4  stm32f1xx_ll_usb.o(i.USB_EP0_OutStart)
    USB_EPClearStall                         0x08003b8f   Thumb Code   120  stm32f1xx_ll_usb.o(i.USB_EPClearStall)
    USB_EPSetStall                           0x08003c07   Thumb Code    50  stm32f1xx_ll_usb.o(i.USB_EPSetStall)
    USB_EPStartXfer                          0x08003c39   Thumb Code  1250  stm32f1xx_ll_usb.o(i.USB_EPStartXfer)
    USB_EnableGlobalInt                      0x0800411b   Thumb Code    18  stm32f1xx_ll_usb.o(i.USB_EnableGlobalInt)
    USB_LP_CAN1_RX0_IRQHandler               0x0800412d   Thumb Code     6  stm32f1xx_it.o(i.USB_LP_CAN1_RX0_IRQHandler)
    USB_ReadInterrupts                       0x08004139   Thumb Code     6  stm32f1xx_ll_usb.o(i.USB_ReadInterrupts)
    USB_ReadPMA                              0x08004141   Thumb Code    44  stm32f1xx_ll_usb.o(i.USB_ReadPMA)
    USB_SetCurrentMode                       0x0800416d   Thumb Code     4  stm32f1xx_ll_usb.o(i.USB_SetCurrentMode)
    USB_SetDevAddress                        0x08004171   Thumb Code    12  stm32f1xx_ll_usb.o(i.USB_SetDevAddress)
    USB_WritePMA                             0x0800417d   Thumb Code    38  stm32f1xx_ll_usb.o(i.USB_WritePMA)
    UsageFault_Handler                       0x080041a3   Thumb Code     2  stm32f1xx_it.o(i.UsageFault_Handler)
    fputc                                    0x080041c5   Thumb Code    20  stm32f1xx_hal.o(i.fputc)
    main                                     0x080041dd   Thumb Code    94  main.o(i.main)
    AHBPrescTable                            0x08004266   Data          16  system_stm32f1xx.o(.constdata)
    APBPrescTable                            0x08004276   Data           8  system_stm32f1xx.o(.constdata)
    __stdin_name                             0x0800427e   Data           4  sys_io.o(.constdata)
    __stdout_name                            0x08004282   Data           4  sys_io.o(.constdata)
    __stderr_name                            0x08004286   Data           4  sys_io.o(.constdata)
    Region$$Table$$Base                      0x0800428c   Number         0  anon$$obj.o(Region$$Table)
    Region$$Table$$Limit                     0x080042ac   Number         0  anon$$obj.o(Region$$Table)
    Uart1_Rx_Cnt                             0x20000000   Data           1  main.o(.data)
    aRxBuffer                                0x20000001   Data           1  main.o(.data)
    FS_Desc                                  0x20000004   Data          28  usbd_desc.o(.data)
    USBD_LangIDDesc                          0x20000020   Data           4  usbd_desc.o(.data)
    USBD_FS_DeviceDesc                       0x20000024   Data          18  usbd_desc.o(.data)
    USBD_StringSerial                        0x20000038   Data          26  usbd_desc.o(.data)
    uwTickFreq                               0x20000054   Data           1  stm32f1xx_hal.o(.data)
    uwTickPrio                               0x20000058   Data           4  stm32f1xx_hal.o(.data)
    uwTick                                   0x2000005c   Data           4  stm32f1xx_hal.o(.data)
    SystemCoreClock                          0x20000060   Data           4  system_stm32f1xx.o(.data)
    USBD_HID                                 0x20000068   Data          56  usbd_hid.o(.data)
    __aeabi_stdin                            0x20000170   Data           4  stdio_streams.o(.data)
    __aeabi_stdout                           0x20000174   Data           4  stdio_streams.o(.data)
    __aeabi_stderr                           0x20000178   Data           4  stdio_streams.o(.data)
    RxBuffer                                 0x2000017c   Data         256  main.o(.bss)
    huart1                                   0x2000027c   Data          72  usart.o(.bss)
    hUsbDeviceFS                             0x200002c4   Data         708  usb_device.o(.bss)
    USBD_StrDesc                             0x20000588   Data         512  usbd_desc.o(.bss)
    hpcd_USB_FS                              0x2000079c   Data         752  usbd_conf.o(.bss)
    __stdin                                  0x20000a8c   Data          84  stdio_streams.o(.bss)
    __stdout                                 0x20000ae0   Data          84  stdio_streams.o(.bss)
    __stderr                                 0x20000b34   Data          84  stdio_streams.o(.bss)
    __libspace_start                         0x20000b88   Data          96  libspace.o(.bss)
    __temporary_stack_top$libspace           0x20000be8   Data           0  libspace.o(.bss)



==============================================================================

Memory Map of the image

  Image Entry point : 0x080000ed

  Load Region LR_IROM1 (Base: 0x08000000, Size: 0x00004428, Max: 0x00010000, ABSOLUTE, COMPRESSED[0x00004380])

    Execution Region ER_IROM1 (Exec base: 0x08000000, Load base: 0x08000000, Size: 0x000042ac, Max: 0x00010000, ABSOLUTE)

    Exec Addr    Load Addr    Size         Type   Attr      Idx    E Section Name        Object

    0x08000000   0x08000000   0x000000ec   Data   RO            3    RESET               startup_stm32f103xb.o
    0x080000ec   0x080000ec   0x00000008   Code   RO         2983  * !!!main             c_w.l(__main.o)
    0x080000f4   0x080000f4   0x00000034   Code   RO         3301    !!!scatter          c_w.l(__scatter.o)
    0x08000128   0x08000128   0x0000005a   Code   RO         3299    !!dczerorl2         c_w.l(__dczerorl2.o)
    0x08000182   0x08000182   0x00000002   PAD
    0x08000184   0x08000184   0x0000001c   Code   RO         3303    !!handler_zi        c_w.l(__scatter_zi.o)
    0x080001a0   0x080001a0   0x00000002   Code   RO         3108    .ARM.Collect$$libinit$$00000000  c_w.l(libinit.o)
    0x080001a2   0x080001a2   0x00000000   Code   RO         3110    .ARM.Collect$$libinit$$00000002  c_w.l(libinit2.o)
    0x080001a2   0x080001a2   0x00000000   Code   RO         3112    .ARM.Collect$$libinit$$00000004  c_w.l(libinit2.o)
    0x080001a2   0x080001a2   0x00000008   Code   RO         3113    .ARM.Collect$$libinit$$00000005  c_w.l(libinit2.o)
    0x080001aa   0x080001aa   0x00000000   Code   RO         3115    .ARM.Collect$$libinit$$0000000A  c_w.l(libinit2.o)
    0x080001aa   0x080001aa   0x00000000   Code   RO         3117    .ARM.Collect$$libinit$$0000000C  c_w.l(libinit2.o)
    0x080001aa   0x080001aa   0x00000000   Code   RO         3119    .ARM.Collect$$libinit$$0000000E  c_w.l(libinit2.o)
    0x080001aa   0x080001aa   0x00000000   Code   RO         3122    .ARM.Collect$$libinit$$00000011  c_w.l(libinit2.o)
    0x080001aa   0x080001aa   0x00000000   Code   RO         3124    .ARM.Collect$$libinit$$00000013  c_w.l(libinit2.o)
    0x080001aa   0x080001aa   0x00000000   Code   RO         3126    .ARM.Collect$$libinit$$00000015  c_w.l(libinit2.o)
    0x080001aa   0x080001aa   0x00000000   Code   RO         3128    .ARM.Collect$$libinit$$00000017  c_w.l(libinit2.o)
    0x080001aa   0x080001aa   0x00000000   Code   RO         3130    .ARM.Collect$$libinit$$00000019  c_w.l(libinit2.o)
    0x080001aa   0x080001aa   0x00000000   Code   RO         3132    .ARM.Collect$$libinit$$0000001B  c_w.l(libinit2.o)
    0x080001aa   0x080001aa   0x00000000   Code   RO         3134    .ARM.Collect$$libinit$$0000001D  c_w.l(libinit2.o)
    0x080001aa   0x080001aa   0x00000000   Code   RO         3136    .ARM.Collect$$libinit$$0000001F  c_w.l(libinit2.o)
    0x080001aa   0x080001aa   0x00000000   Code   RO         3138    .ARM.Collect$$libinit$$00000021  c_w.l(libinit2.o)
    0x080001aa   0x080001aa   0x00000000   Code   RO         3140    .ARM.Collect$$libinit$$00000023  c_w.l(libinit2.o)
    0x080001aa   0x080001aa   0x00000004   Code   RO         3141    .ARM.Collect$$libinit$$00000024  c_w.l(libinit2.o)
    0x080001ae   0x080001ae   0x00000000   Code   RO         3142    .ARM.Collect$$libinit$$00000025  c_w.l(libinit2.o)
    0x080001ae   0x080001ae   0x00000000   Code   RO         3146    .ARM.Collect$$libinit$$0000002C  c_w.l(libinit2.o)
    0x080001ae   0x080001ae   0x00000000   Code   RO         3148    .ARM.Collect$$libinit$$0000002E  c_w.l(libinit2.o)
    0x080001ae   0x080001ae   0x00000000   Code   RO         3150    .ARM.Collect$$libinit$$00000030  c_w.l(libinit2.o)
    0x080001ae   0x080001ae   0x00000000   Code   RO         3152    .ARM.Collect$$libinit$$00000032  c_w.l(libinit2.o)
    0x080001ae   0x080001ae   0x00000002   Code   RO         3153    .ARM.Collect$$libinit$$00000033  c_w.l(libinit2.o)
    0x080001b0   0x080001b0   0x00000002   Code   RO         3278    .ARM.Collect$$libshutdown$$00000000  c_w.l(libshutdown.o)
    0x080001b2   0x080001b2   0x00000000   Code   RO         3155    .ARM.Collect$$libshutdown$$00000002  c_w.l(libshutdown2.o)
    0x080001b2   0x080001b2   0x00000004   Code   RO         3156    .ARM.Collect$$libshutdown$$00000003  c_w.l(libshutdown2.o)
    0x080001b6   0x080001b6   0x00000000   Code   RO         3157    .ARM.Collect$$libshutdown$$00000004  c_w.l(libshutdown2.o)
    0x080001b6   0x080001b6   0x00000000   Code   RO         3160    .ARM.Collect$$libshutdown$$00000007  c_w.l(libshutdown2.o)
    0x080001b6   0x080001b6   0x00000000   Code   RO         3163    .ARM.Collect$$libshutdown$$0000000A  c_w.l(libshutdown2.o)
    0x080001b6   0x080001b6   0x00000000   Code   RO         3165    .ARM.Collect$$libshutdown$$0000000C  c_w.l(libshutdown2.o)
    0x080001b6   0x080001b6   0x00000000   Code   RO         3168    .ARM.Collect$$libshutdown$$0000000F  c_w.l(libshutdown2.o)
    0x080001b6   0x080001b6   0x00000002   Code   RO         3169    .ARM.Collect$$libshutdown$$00000010  c_w.l(libshutdown2.o)
    0x080001b8   0x080001b8   0x00000000   Code   RO         2985    .ARM.Collect$$rtentry$$00000000  c_w.l(__rtentry.o)
    0x080001b8   0x080001b8   0x00000000   Code   RO         2995    .ARM.Collect$$rtentry$$00000002  c_w.l(__rtentry2.o)
    0x080001b8   0x080001b8   0x00000006   Code   RO         3007    .ARM.Collect$$rtentry$$00000004  c_w.l(__rtentry4.o)
    0x080001be   0x080001be   0x00000000   Code   RO         2997    .ARM.Collect$$rtentry$$00000009  c_w.l(__rtentry2.o)
    0x080001be   0x080001be   0x00000004   Code   RO         2998    .ARM.Collect$$rtentry$$0000000A  c_w.l(__rtentry2.o)
    0x080001c2   0x080001c2   0x00000000   Code   RO         3000    .ARM.Collect$$rtentry$$0000000C  c_w.l(__rtentry2.o)
    0x080001c2   0x080001c2   0x00000008   Code   RO         3001    .ARM.Collect$$rtentry$$0000000D  c_w.l(__rtentry2.o)
    0x080001ca   0x080001ca   0x00000002   Code   RO         3176    .ARM.Collect$$rtexit$$00000000  c_w.l(rtexit.o)
    0x080001cc   0x080001cc   0x00000000   Code   RO         3224    .ARM.Collect$$rtexit$$00000002  c_w.l(rtexit2.o)
    0x080001cc   0x080001cc   0x00000004   Code   RO         3225    .ARM.Collect$$rtexit$$00000003  c_w.l(rtexit2.o)
    0x080001d0   0x080001d0   0x00000006   Code   RO         3226    .ARM.Collect$$rtexit$$00000004  c_w.l(rtexit2.o)
    0x080001d6   0x080001d6   0x00000002   PAD
    0x080001d8   0x080001d8   0x00000000   Code   RO         3230    .emb_text           c_w.l(maybetermalloc1.o)
    0x080001d8   0x080001d8   0x00000040   Code   RO            4    .text               startup_stm32f103xb.o
    0x08000218   0x08000218   0x00000018   Code   RO         2973    .text               c_w.l(noretval__2printf.o)
    0x08000230   0x08000230   0x00000064   Code   RO         2975    .text               c_w.l(rt_memcpy_w.o)
    0x08000294   0x08000294   0x00000044   Code   RO         2977    .text               c_w.l(rt_memclr.o)
    0x080002d8   0x080002d8   0x0000004e   Code   RO         2979    .text               c_w.l(rt_memclr_w.o)
    0x08000326   0x08000326   0x00000006   Code   RO         2981    .text               c_w.l(heapauxi.o)
    0x0800032c   0x0800032c   0x00000024   Code   RO         2986    .text               c_w.l(_printf_char_file.o)
    0x08000350   0x08000350   0x00000030   Code   RO         3009    .text               c_w.l(_printf_char_common.o)
    0x08000380   0x08000380   0x00000008   Code   RO         3011    .text               c_w.l(ferror.o)
    0x08000388   0x08000388   0x00000138   Code   RO         3013    .text               c_w.l(initio.o)
    0x080004c0   0x080004c0   0x00000066   Code   RO         3019    .text               c_w.l(sys_io.o)
    0x08000526   0x08000526   0x0000004a   Code   RO         3026    .text               c_w.l(sys_stackheap_outer.o)
    0x08000570   0x08000570   0x0000004e   Code   RO         3030    .text               c_w.l(h1_free.o)
    0x080005be   0x080005be   0x00000028   Code   RO         3084    .text               c_w.l(__printf_nopercent.o)
    0x080005e6   0x080005e6   0x00000046   Code   RO         3086    .text               c_w.l(setvbuf.o)
    0x0800062c   0x0800062c   0x000000ec   Code   RO         3089    .text               c_w.l(fopen.o)
    0x08000718   0x08000718   0x0000004c   Code   RO         3091    .text               c_w.l(fclose.o)
    0x08000764   0x08000764   0x00000012   Code   RO         3097    .text               c_w.l(exit.o)
    0x08000776   0x08000776   0x0000000e   Code   RO         3099    .text               c_w.l(defsig_rtred_outer.o)
    0x08000784   0x08000784   0x00000008   Code   RO         3170    .text               c_w.l(libspace.o)
    0x0800078c   0x0800078c   0x00000002   Code   RO         3173    .text               c_w.l(use_no_semi.o)
    0x0800078e   0x0800078e   0x00000000   Code   RO         3175    .text               c_w.l(indicate_semi.o)
    0x0800078e   0x0800078e   0x00000002   PAD
    0x08000790   0x08000790   0x00000008   Code   RO         3183    .text               c_w.l(rt_heap_descriptor_intlibspace.o)
    0x08000798   0x08000798   0x00000004   Code   RO         3185    .text               c_w.l(hguard.o)
    0x0800079c   0x0800079c   0x0000008a   Code   RO         3187    .text               c_w.l(init_alloc.o)
    0x08000826   0x08000826   0x0000005e   Code   RO         3193    .text               c_w.l(h1_alloc.o)
    0x08000884   0x08000884   0x000000f8   Code   RO         3207    .text               c_w.l(fseek.o)
    0x0800097c   0x0800097c   0x000000f0   Code   RO         3209    .text               c_w.l(stdio.o)
    0x08000a6c   0x08000a6c   0x0000000a   Code   RO         3211    .text               c_w.l(defsig_exit.o)
    0x08000a76   0x08000a76   0x00000002   PAD
    0x08000a78   0x08000a78   0x00000034   Code   RO         3213    .text               c_w.l(defsig_rtred_inner.o)
    0x08000aac   0x08000aac   0x0000003e   Code   RO         3215    .text               c_w.l(strlen.o)
    0x08000aea   0x08000aea   0x00000002   PAD
    0x08000aec   0x08000aec   0x0000000c   Code   RO         3221    .text               c_w.l(sys_exit.o)
    0x08000af8   0x08000af8   0x0000000e   Code   RO         3232    .text               c_w.l(h1_init.o)
    0x08000b06   0x08000b06   0x00000034   Code   RO         3234    .text               c_w.l(h1_extend.o)
    0x08000b3a   0x08000b3a   0x00000042   Code   RO         3240    .text               c_w.l(ftell.o)
    0x08000b7c   0x08000b7c   0x00000032   Code   RO         3244    .text               c_w.l(defsig_general.o)
    0x08000bae   0x08000bae   0x0000000e   Code   RO         3246    .text               c_w.l(defsig_rtmem_outer.o)
    0x08000bbc   0x08000bbc   0x0000000e   Code   RO         3259    .text               c_w.l(sys_wrch.o)
    0x08000bca   0x08000bca   0x00000002   PAD
    0x08000bcc   0x08000bcc   0x00000008   Code   RO         3266    .text               c_w.l(rt_errno_addr_intlibspace.o)
    0x08000bd4   0x08000bd4   0x00000050   Code   RO         3272    .text               c_w.l(defsig_rtmem_inner.o)
    0x08000c24   0x08000c24   0x00000002   Code   RO          242    i.BusFault_Handler  stm32f1xx_it.o
    0x08000c26   0x08000c26   0x00000002   Code   RO          243    i.DebugMon_Handler  stm32f1xx_it.o
    0x08000c28   0x08000c28   0x00000006   Code   RO          244    i.EXTI1_IRQHandler  stm32f1xx_it.o
    0x08000c2e   0x08000c2e   0x00000004   Code   RO           13    i.Error_Handler     main.o
    0x08000c32   0x08000c32   0x00000046   Code   RO         1597    i.HAL_DMA_Abort     stm32f1xx_hal_dma.o
    0x08000c78   0x08000c78   0x00000098   Code   RO         1598    i.HAL_DMA_Abort_IT  stm32f1xx_hal_dma.o
    0x08000d10   0x08000d10   0x00000024   Code   RO         1210    i.HAL_Delay         stm32f1xx_hal.o
    0x08000d34   0x08000d34   0x00000002   Code   RO         1531    i.HAL_GPIO_EXTI_Callback  stm32f1xx_hal_gpio.o
    0x08000d36   0x08000d36   0x00000002   PAD
    0x08000d38   0x08000d38   0x00000018   Code   RO         1532    i.HAL_GPIO_EXTI_IRQHandler  stm32f1xx_hal_gpio.o
    0x08000d50   0x08000d50   0x000001e0   Code   RO         1533    i.HAL_GPIO_Init     stm32f1xx_hal_gpio.o
    0x08000f30   0x08000f30   0x00000010   Code   RO         1536    i.HAL_GPIO_TogglePin  stm32f1xx_hal_gpio.o
    0x08000f40   0x08000f40   0x0000000a   Code   RO         1537    i.HAL_GPIO_WritePin  stm32f1xx_hal_gpio.o
    0x08000f4a   0x08000f4a   0x00000002   PAD
    0x08000f4c   0x08000f4c   0x0000000c   Code   RO         1214    i.HAL_GetTick       stm32f1xx_hal.o
    0x08000f58   0x08000f58   0x00000010   Code   RO         1220    i.HAL_IncTick       stm32f1xx_hal.o
    0x08000f68   0x08000f68   0x00000024   Code   RO         1221    i.HAL_Init          stm32f1xx_hal.o
    0x08000f8c   0x08000f8c   0x00000040   Code   RO         1222    i.HAL_InitTick      stm32f1xx_hal.o
    0x08000fcc   0x08000fcc   0x0000003c   Code   RO          336    i.HAL_MspInit       stm32f1xx_hal_msp.o
    0x08001008   0x08001008   0x0000001a   Code   RO         1693    i.HAL_NVIC_EnableIRQ  stm32f1xx_hal_cortex.o
    0x08001022   0x08001022   0x00000002   PAD
    0x08001024   0x08001024   0x00000040   Code   RO         1699    i.HAL_NVIC_SetPriority  stm32f1xx_hal_cortex.o
    0x08001064   0x08001064   0x00000024   Code   RO         1700    i.HAL_NVIC_SetPriorityGrouping  stm32f1xx_hal_cortex.o
    0x08001088   0x08001088   0x0000003c   Code   RO          977    i.HAL_PCDEx_PMAConfig  stm32f1xx_hal_pcd_ex.o
    0x080010c4   0x080010c4   0x00000002   Code   RO          490    i.HAL_PCDEx_SetConnectionState  usbd_conf.o
    0x080010c6   0x080010c6   0x00000012   Code   RO          492    i.HAL_PCD_DataInStageCallback  usbd_conf.o
    0x080010d8   0x080010d8   0x00000014   Code   RO          493    i.HAL_PCD_DataOutStageCallback  usbd_conf.o
    0x080010ec   0x080010ec   0x0000004c   Code   RO          748    i.HAL_PCD_EP_Close  stm32f1xx_hal_pcd.o
    0x08001138   0x08001138   0x0000005c   Code   RO          749    i.HAL_PCD_EP_ClrStall  stm32f1xx_hal_pcd.o
    0x08001194   0x08001194   0x000000e6   Code   RO          750    i.HAL_PCD_EP_DB_Receive  stm32f1xx_hal_pcd.o
    0x0800127a   0x0800127a   0x00000338   Code   RO          751    i.HAL_PCD_EP_DB_Transmit  stm32f1xx_hal_pcd.o
    0x080015b2   0x080015b2   0x0000005a   Code   RO          754    i.HAL_PCD_EP_Open   stm32f1xx_hal_pcd.o
    0x0800160c   0x0800160c   0x0000002e   Code   RO          755    i.HAL_PCD_EP_Receive  stm32f1xx_hal_pcd.o
    0x0800163a   0x0800163a   0x00000072   Code   RO          756    i.HAL_PCD_EP_SetStall  stm32f1xx_hal_pcd.o
    0x080016ac   0x080016ac   0x00000030   Code   RO          757    i.HAL_PCD_EP_Transmit  stm32f1xx_hal_pcd.o
    0x080016dc   0x080016dc   0x00000134   Code   RO          759    i.HAL_PCD_IRQHandler  stm32f1xx_hal_pcd.o
    0x08001810   0x08001810   0x000000da   Code   RO          762    i.HAL_PCD_Init      stm32f1xx_hal_pcd.o
    0x080018ea   0x080018ea   0x00000002   PAD
    0x080018ec   0x080018ec   0x0000003c   Code   RO          498    i.HAL_PCD_MspInit   usbd_conf.o
    0x08001928   0x08001928   0x00000026   Code   RO          499    i.HAL_PCD_ResetCallback  usbd_conf.o
    0x0800194e   0x0800194e   0x00000008   Code   RO          500    i.HAL_PCD_ResumeCallback  usbd_conf.o
    0x08001956   0x08001956   0x00000008   Code   RO          501    i.HAL_PCD_SOFCallback  usbd_conf.o
    0x0800195e   0x0800195e   0x00000028   Code   RO          768    i.HAL_PCD_SetAddress  stm32f1xx_hal_pcd.o
    0x08001986   0x08001986   0x0000000e   Code   RO          502    i.HAL_PCD_SetupStageCallback  usbd_conf.o
    0x08001994   0x08001994   0x00000032   Code   RO          770    i.HAL_PCD_Start     stm32f1xx_hal_pcd.o
    0x080019c6   0x080019c6   0x00000002   PAD
    0x080019c8   0x080019c8   0x00000024   Code   RO          503    i.HAL_PCD_SuspendCallback  usbd_conf.o
    0x080019ec   0x080019ec   0x000000ec   Code   RO         1495    i.HAL_RCCEx_PeriphCLKConfig  stm32f1xx_hal_rcc_ex.o
    0x08001ad8   0x08001ad8   0x0000012c   Code   RO         1391    i.HAL_RCC_ClockConfig  stm32f1xx_hal_rcc.o
    0x08001c04   0x08001c04   0x00000020   Code   RO         1398    i.HAL_RCC_GetPCLK1Freq  stm32f1xx_hal_rcc.o
    0x08001c24   0x08001c24   0x00000020   Code   RO         1399    i.HAL_RCC_GetPCLK2Freq  stm32f1xx_hal_rcc.o
    0x08001c44   0x08001c44   0x0000004c   Code   RO         1400    i.HAL_RCC_GetSysClockFreq  stm32f1xx_hal_rcc.o
    0x08001c90   0x08001c90   0x00000320   Code   RO         1403    i.HAL_RCC_OscConfig  stm32f1xx_hal_rcc.o
    0x08001fb0   0x08001fb0   0x00000028   Code   RO         1704    i.HAL_SYSTICK_Config  stm32f1xx_hal_cortex.o
    0x08001fd8   0x08001fd8   0x00000002   Code   RO         2241    i.HAL_UARTEx_RxEventCallback  stm32f1xx_hal_uart.o
    0x08001fda   0x08001fda   0x00000002   Code   RO         2255    i.HAL_UART_ErrorCallback  stm32f1xx_hal_uart.o
    0x08001fdc   0x08001fdc   0x0000000a   Code   RO         2257    i.HAL_UART_GetState  stm32f1xx_hal_uart.o
    0x08001fe6   0x08001fe6   0x00000002   PAD
    0x08001fe8   0x08001fe8   0x0000026c   Code   RO         2258    i.HAL_UART_IRQHandler  stm32f1xx_hal_uart.o
    0x08002254   0x08002254   0x00000064   Code   RO         2259    i.HAL_UART_Init     stm32f1xx_hal_uart.o
    0x080022b8   0x080022b8   0x00000080   Code   RO          201    i.HAL_UART_MspInit  usart.o
    0x08002338   0x08002338   0x0000001c   Code   RO         2264    i.HAL_UART_Receive_IT  stm32f1xx_hal_uart.o
    0x08002354   0x08002354   0x00000098   Code   RO           14    i.HAL_UART_RxCpltCallback  main.o
    0x080023ec   0x080023ec   0x0000009a   Code   RO         2267    i.HAL_UART_Transmit  stm32f1xx_hal_uart.o
    0x08002486   0x08002486   0x00000002   Code   RO         2270    i.HAL_UART_TxCpltCallback  stm32f1xx_hal_uart.o
    0x08002488   0x08002488   0x00000002   Code   RO          245    i.HardFault_Handler  stm32f1xx_it.o
    0x0800248a   0x0800248a   0x00000002   PAD
    0x0800248c   0x0800248c   0x00000038   Code   RO          404    i.IntToUnicode      usbd_desc.o
    0x080024c4   0x080024c4   0x00000090   Code   RO          176    i.MX_GPIO_Init      gpio.o
    0x08002554   0x08002554   0x00000038   Code   RO          202    i.MX_USART1_UART_Init  usart.o
    0x0800258c   0x0800258c   0x00000040   Code   RO          360    i.MX_USB_DEVICE_Init  usb_device.o
    0x080025cc   0x080025cc   0x00000002   Code   RO          246    i.MemManage_Handler  stm32f1xx_it.o
    0x080025ce   0x080025ce   0x00000002   Code   RO          247    i.NMI_Handler       stm32f1xx_it.o
    0x080025d0   0x080025d0   0x000003ac   Code   RO          774    i.PCD_EP_ISR_Handler  stm32f1xx_hal_pcd.o
    0x0800297c   0x0800297c   0x00000002   Code   RO          248    i.PendSV_Handler    stm32f1xx_it.o
    0x0800297e   0x0800297e   0x00000002   Code   RO          249    i.SVC_Handler       stm32f1xx_it.o
    0x08002980   0x08002980   0x00000004   Code   RO          250    i.SysTick_Handler   stm32f1xx_it.o
    0x08002984   0x08002984   0x00000076   Code   RO           15    i.SystemClock_Config  main.o
    0x080029fa   0x080029fa   0x00000002   Code   RO         2593    i.SystemInit        system_stm32f1xx.o
    0x080029fc   0x080029fc   0x00000010   Code   RO         2272    i.UART_DMAAbortOnError  stm32f1xx_hal_uart.o
    0x08002a0c   0x08002a0c   0x0000004e   Code   RO         2282    i.UART_EndRxTransfer  stm32f1xx_hal_uart.o
    0x08002a5a   0x08002a5a   0x000000c2   Code   RO         2284    i.UART_Receive_IT   stm32f1xx_hal_uart.o
    0x08002b1c   0x08002b1c   0x000000b8   Code   RO         2285    i.UART_SetConfig    stm32f1xx_hal_uart.o
    0x08002bd4   0x08002bd4   0x00000036   Code   RO         2287    i.UART_Start_Receive_IT  stm32f1xx_hal_uart.o
    0x08002c0a   0x08002c0a   0x00000078   Code   RO         2288    i.UART_WaitOnFlagUntilTimeout  stm32f1xx_hal_uart.o
    0x08002c82   0x08002c82   0x00000002   PAD
    0x08002c84   0x08002c84   0x0000000c   Code   RO          251    i.USART1_IRQHandler  stm32f1xx_it.o
    0x08002c90   0x08002c90   0x0000000e   Code   RO         2630    i.USBD_ClrClassConfig  usbd_core.o
    0x08002c9e   0x08002c9e   0x00000010   Code   RO         2833    i.USBD_CtlContinueRx  usbd_ioreq.o
    0x08002cae   0x08002cae   0x00000010   Code   RO         2834    i.USBD_CtlContinueSendData  usbd_ioreq.o
    0x08002cbe   0x08002cbe   0x00000016   Code   RO         2768    i.USBD_CtlError     usbd_ctlreq.o
    0x08002cd4   0x08002cd4   0x00000016   Code   RO         2836    i.USBD_CtlReceiveStatus  usbd_ioreq.o
    0x08002cea   0x08002cea   0x0000001a   Code   RO         2837    i.USBD_CtlSendData  usbd_ioreq.o
    0x08002d04   0x08002d04   0x00000016   Code   RO         2838    i.USBD_CtlSendStatus  usbd_ioreq.o
    0x08002d1a   0x08002d1a   0x00000002   PAD
    0x08002d1c   0x08002d1c   0x00000020   Code   RO          405    i.USBD_FS_ConfigStrDescriptor  usbd_desc.o
    0x08002d3c   0x08002d3c   0x0000000c   Code   RO          406    i.USBD_FS_DeviceDescriptor  usbd_desc.o
    0x08002d48   0x08002d48   0x00000024   Code   RO          407    i.USBD_FS_InterfaceStrDescriptor  usbd_desc.o
    0x08002d6c   0x08002d6c   0x0000000c   Code   RO          408    i.USBD_FS_LangIDStrDescriptor  usbd_desc.o
    0x08002d78   0x08002d78   0x00000028   Code   RO          409    i.USBD_FS_ManufacturerStrDescriptor  usbd_desc.o
    0x08002da0   0x08002da0   0x0000002c   Code   RO          410    i.USBD_FS_ProductStrDescriptor  usbd_desc.o
    0x08002dcc   0x08002dcc   0x00000038   Code   RO          411    i.USBD_FS_SerialStrDescriptor  usbd_desc.o
    0x08002e04   0x08002e04   0x000000e8   Code   RO         2769    i.USBD_GetDescriptor  usbd_ctlreq.o
    0x08002eec   0x08002eec   0x00000048   Code   RO         2770    i.USBD_GetString    usbd_ctlreq.o
    0x08002f34   0x08002f34   0x00000018   Code   RO          504    i.USBD_Get_USB_Status  usbd_conf.o
    0x08002f4c   0x08002f4c   0x0000000c   Code   RO         2893    i.USBD_HID_DataIn   usbd_hid.o
    0x08002f58   0x08002f58   0x00000020   Code   RO         2894    i.USBD_HID_DeInit   usbd_hid.o
    0x08002f78   0x08002f78   0x0000000c   Code   RO         2895    i.USBD_HID_GetDeviceQualifierDesc  usbd_hid.o
    0x08002f84   0x08002f84   0x0000000c   Code   RO         2896    i.USBD_HID_GetFSCfgDesc  usbd_hid.o
    0x08002f90   0x08002f90   0x0000000c   Code   RO         2897    i.USBD_HID_GetHSCfgDesc  usbd_hid.o
    0x08002f9c   0x08002f9c   0x0000000c   Code   RO         2898    i.USBD_HID_GetOtherSpeedCfgDesc  usbd_hid.o
    0x08002fa8   0x08002fa8   0x0000002a   Code   RO         2900    i.USBD_HID_Init     usbd_hid.o
    0x08002fd2   0x08002fd2   0x00000002   PAD
    0x08002fd4   0x08002fd4   0x000000c8   Code   RO         2902    i.USBD_HID_Setup    usbd_hid.o
    0x0800309c   0x0800309c   0x0000002a   Code   RO         2632    i.USBD_Init         usbd_core.o
    0x080030c6   0x080030c6   0x00000012   Code   RO          505    i.USBD_LL_ClearStallEP  usbd_conf.o
    0x080030d8   0x080030d8   0x00000012   Code   RO          506    i.USBD_LL_CloseEP   usbd_conf.o
    0x080030ea   0x080030ea   0x000000c6   Code   RO         2633    i.USBD_LL_DataInStage  usbd_core.o
    0x080031b0   0x080031b0   0x00000082   Code   RO         2634    i.USBD_LL_DataOutStage  usbd_core.o
    0x08003232   0x08003232   0x00000002   PAD
    0x08003234   0x08003234   0x00000068   Code   RO          511    i.USBD_LL_Init      usbd_conf.o
    0x0800329c   0x0800329c   0x00000020   Code   RO          512    i.USBD_LL_IsStallEP  usbd_conf.o
    0x080032bc   0x080032bc   0x00000018   Code   RO          513    i.USBD_LL_OpenEP    usbd_conf.o
    0x080032d4   0x080032d4   0x00000012   Code   RO          514    i.USBD_LL_PrepareReceive  usbd_conf.o
    0x080032e6   0x080032e6   0x00000050   Code   RO         2639    i.USBD_LL_Reset     usbd_core.o
    0x08003336   0x08003336   0x00000014   Code   RO         2640    i.USBD_LL_Resume    usbd_core.o
    0x0800334a   0x0800334a   0x00000018   Code   RO         2641    i.USBD_LL_SOF       usbd_core.o
    0x08003362   0x08003362   0x00000006   Code   RO         2642    i.USBD_LL_SetSpeed  usbd_core.o
    0x08003368   0x08003368   0x00000012   Code   RO          515    i.USBD_LL_SetUSBAddress  usbd_conf.o
    0x0800337a   0x0800337a   0x0000005a   Code   RO         2643    i.USBD_LL_SetupStage  usbd_core.o
    0x080033d4   0x080033d4   0x00000012   Code   RO          516    i.USBD_LL_StallEP   usbd_conf.o
    0x080033e6   0x080033e6   0x00000012   Code   RO          517    i.USBD_LL_Start     usbd_conf.o
    0x080033f8   0x080033f8   0x00000012   Code   RO         2644    i.USBD_LL_Suspend   usbd_core.o
    0x0800340a   0x0800340a   0x00000012   Code   RO          519    i.USBD_LL_Transmit  usbd_conf.o
    0x0800341c   0x0800341c   0x00000028   Code   RO         2771    i.USBD_ParseSetupRequest  usbd_ctlreq.o
    0x08003444   0x08003444   0x00000010   Code   RO         2645    i.USBD_RegisterClass  usbd_core.o
    0x08003454   0x08003454   0x00000016   Code   RO         2647    i.USBD_SetClassConfig  usbd_core.o
    0x0800346a   0x0800346a   0x00000002   PAD
    0x0800346c   0x0800346c   0x00000084   Code   RO         2772    i.USBD_SetConfig    usbd_ctlreq.o
    0x080034f0   0x080034f0   0x0000000a   Code   RO         2648    i.USBD_Start        usbd_core.o
    0x080034fa   0x080034fa   0x00000112   Code   RO         2773    i.USBD_StdDevReq    usbd_ctlreq.o
    0x0800360c   0x0800360c   0x00000150   Code   RO         2774    i.USBD_StdEPReq     usbd_ctlreq.o
    0x0800375c   0x0800375c   0x0000004e   Code   RO         2775    i.USBD_StdItfReq    usbd_ctlreq.o
    0x080037aa   0x080037aa   0x00000002   Code   RO          520    i.USBD_static_free  usbd_conf.o
    0x080037ac   0x080037ac   0x00000008   Code   RO          521    i.USBD_static_malloc  usbd_conf.o
    0x080037b4   0x080037b4   0x0000029c   Code   RO         1017    i.USB_ActivateEndpoint  stm32f1xx_ll_usb.o
    0x08003a50   0x08003a50   0x00000004   Code   RO         1020    i.USB_CoreInit      stm32f1xx_ll_usb.o
    0x08003a54   0x08003a54   0x0000010e   Code   RO         1022    i.USB_DeactivateEndpoint  stm32f1xx_ll_usb.o
    0x08003b62   0x08003b62   0x00000004   Code   RO         1023    i.USB_DevConnect    stm32f1xx_ll_usb.o
    0x08003b66   0x08003b66   0x00000004   Code   RO         1024    i.USB_DevDisconnect  stm32f1xx_ll_usb.o
    0x08003b6a   0x08003b6a   0x00000012   Code   RO         1025    i.USB_DevInit       stm32f1xx_ll_usb.o
    0x08003b7c   0x08003b7c   0x0000000e   Code   RO         1026    i.USB_DisableGlobalInt  stm32f1xx_ll_usb.o
    0x08003b8a   0x08003b8a   0x00000004   Code   RO         1027    i.USB_EP0_OutStart  stm32f1xx_ll_usb.o
    0x08003b8e   0x08003b8e   0x00000078   Code   RO         1028    i.USB_EPClearStall  stm32f1xx_ll_usb.o
    0x08003c06   0x08003c06   0x00000032   Code   RO         1029    i.USB_EPSetStall    stm32f1xx_ll_usb.o
    0x08003c38   0x08003c38   0x000004e2   Code   RO         1030    i.USB_EPStartXfer   stm32f1xx_ll_usb.o
    0x0800411a   0x0800411a   0x00000012   Code   RO         1032    i.USB_EnableGlobalInt  stm32f1xx_ll_usb.o
    0x0800412c   0x0800412c   0x0000000c   Code   RO          252    i.USB_LP_CAN1_RX0_IRQHandler  stm32f1xx_it.o
    0x08004138   0x08004138   0x00000006   Code   RO         1039    i.USB_ReadInterrupts  stm32f1xx_ll_usb.o
    0x0800413e   0x0800413e   0x00000002   PAD
    0x08004140   0x08004140   0x0000002c   Code   RO         1040    i.USB_ReadPMA       stm32f1xx_ll_usb.o
    0x0800416c   0x0800416c   0x00000004   Code   RO         1041    i.USB_SetCurrentMode  stm32f1xx_ll_usb.o
    0x08004170   0x08004170   0x0000000c   Code   RO         1042    i.USB_SetDevAddress  stm32f1xx_ll_usb.o
    0x0800417c   0x0800417c   0x00000026   Code   RO         1044    i.USB_WritePMA      stm32f1xx_ll_usb.o
    0x080041a2   0x080041a2   0x00000002   Code   RO          253    i.UsageFault_Handler  stm32f1xx_it.o
    0x080041a4   0x080041a4   0x00000020   Code   RO         1706    i.__NVIC_SetPriority  stm32f1xx_hal_cortex.o
    0x080041c4   0x080041c4   0x00000018   Code   RO         1229    i.fputc             stm32f1xx_hal.o
    0x080041dc   0x080041dc   0x00000078   Code   RO           16    i.main              main.o
    0x08004254   0x08004254   0x00000012   Data   RO         1404    .constdata          stm32f1xx_hal_rcc.o
    0x08004266   0x08004266   0x00000010   Data   RO         2594    .constdata          system_stm32f1xx.o
    0x08004276   0x08004276   0x00000008   Data   RO         2595    .constdata          system_stm32f1xx.o
    0x0800427e   0x0800427e   0x00000004   Data   RO         3020    .constdata          c_w.l(sys_io.o)
    0x08004282   0x08004282   0x00000004   Data   RO         3021    .constdata          c_w.l(sys_io.o)
    0x08004286   0x08004286   0x00000004   Data   RO         3022    .constdata          c_w.l(sys_io.o)
    0x0800428a   0x0800428a   0x00000002   PAD
    0x0800428c   0x0800428c   0x00000020   Data   RO         3297    Region$$Table       anon$$obj.o


    Execution Region RW_IRAM1 (Exec base: 0x20000000, Load base: 0x080042ac, Size: 0x000011e8, Max: 0x00005000, ABSOLUTE, COMPRESSED[0x000000d4])

    Exec Addr    Load Addr    Size         Type   Attr      Idx    E Section Name        Object

    0x20000000   COMPRESSED   0x00000002   Data   RW           18    .data               main.o
    0x20000002   COMPRESSED   0x00000002   PAD
    0x20000004   COMPRESSED   0x0000001c   Data   RW          413    .data               usbd_desc.o
    0x20000020   COMPRESSED   0x00000032   Data   RW          414    .data               usbd_desc.o
    0x20000052   COMPRESSED   0x00000002   PAD
    0x20000054   COMPRESSED   0x0000000c   Data   RW         1230    .data               stm32f1xx_hal.o
    0x20000060   COMPRESSED   0x00000004   Data   RW         2596    .data               system_stm32f1xx.o
    0x20000064   COMPRESSED   0x00000001   Data   RW         2776    .data               usbd_ctlreq.o
    0x20000065   COMPRESSED   0x00000003   PAD
    0x20000068   COMPRESSED   0x00000038   Data   RW         2903    .data               usbd_hid.o
    0x200000a0   COMPRESSED   0x000000ce   Data   RW         2904    .data               usbd_hid.o
    0x2000016e   COMPRESSED   0x00000002   PAD
    0x20000170   COMPRESSED   0x00000004   Data   RW         2991    .data               c_w.l(stdio_streams.o)
    0x20000174   COMPRESSED   0x00000004   Data   RW         2992    .data               c_w.l(stdio_streams.o)
    0x20000178   COMPRESSED   0x00000004   Data   RW         2993    .data               c_w.l(stdio_streams.o)
    0x2000017c        -       0x00000100   Zero   RW           17    .bss                main.o
    0x2000027c        -       0x00000048   Zero   RW          203    .bss                usart.o
    0x200002c4        -       0x000002c4   Zero   RW          361    .bss                usb_device.o
    0x20000588        -       0x00000200   Zero   RW          412    .bss                usbd_desc.o
    0x20000788        -       0x00000304   Zero   RW          522    .bss                usbd_conf.o
    0x20000a8c        -       0x00000054   Zero   RW         2988    .bss                c_w.l(stdio_streams.o)
    0x20000ae0        -       0x00000054   Zero   RW         2989    .bss                c_w.l(stdio_streams.o)
    0x20000b34        -       0x00000054   Zero   RW         2990    .bss                c_w.l(stdio_streams.o)
    0x20000b88        -       0x00000060   Zero   RW         3171    .bss                c_w.l(libspace.o)
    0x20000be8        -       0x00000200   Zero   RW            2    HEAP                startup_stm32f103xb.o
    0x20000de8        -       0x00000400   Zero   RW            1    STACK               startup_stm32f103xb.o


==============================================================================

Image component sizes


      Code (inc. data)   RO Data    RW Data    ZI Data      Debug   Object Name

       144         12          0          0          0        867   gpio.o
       394         56          0          2        256     415412   main.o
        64         26        236          0       1536        780   startup_stm32f103xb.o
       188         32          0         12          0       6270   stm32f1xx_hal.o
       198         14          0          0          0      28755   stm32f1xx_hal_cortex.o
       222          4          0          0          0       1679   stm32f1xx_hal_dma.o
       532         40          0          0          0       4429   stm32f1xx_hal_gpio.o
        60          8          0          0          0        810   stm32f1xx_hal_msp.o
      3076          0          0          0          0      13277   stm32f1xx_hal_pcd.o
        60          0          0          0          0       1114   stm32f1xx_hal_pcd_ex.o
      1240         84         18          0          0       4932   stm32f1xx_hal_rcc.o
       236         12          0          0          0       1324   stm32f1xx_hal_rcc_ex.o
      1564         10          0          0          0      11020   stm32f1xx_hal_uart.o
        50         12          0          0          0       4830   stm32f1xx_it.o
      2528          0          0          0          0      15579   stm32f1xx_ll_usb.o
         2          0         24          4          0       1023   system_stm32f1xx.o
       184         20          0          0         72       1570   usart.o
        64         12          0          0        708        720   usb_device.o
       524         30          0          0        772      12917   usbd_conf.o
       670          0          0          0          0       9039   usbd_core.o
      1186         28          0          1          0       7652   usbd_ctlreq.o
       288        104          0         78        512       5621   usbd_desc.o
       334         20          0        262          0       6699   usbd_hid.o
       102          0          0          0          0       3472   usbd_ioreq.o

    ----------------------------------------------------------------------
     13936        524        310        368       3856     559791   Object Totals
         0          0         32          0          0          0   (incl. Generated)
        26          0          0          9          0          0   (incl. Padding)

    ----------------------------------------------------------------------

      Code (inc. data)   RO Data    RW Data    ZI Data      Debug   Library Member Name

        90          0          0          0          0          0   __dczerorl2.o
         8          0          0          0          0         68   __main.o
        40          0          0          0          0         84   __printf_nopercent.o
         0          0          0          0          0          0   __rtentry.o
        12          0          0          0          0          0   __rtentry2.o
         6          0          0          0          0          0   __rtentry4.o
        52          8          0          0          0          0   __scatter.o
        28          0          0          0          0          0   __scatter_zi.o
        48          6          0          0          0         96   _printf_char_common.o
        36          4          0          0          0         80   _printf_char_file.o
        10          0          0          0          0         68   defsig_exit.o
        50          0          0          0          0         88   defsig_general.o
        80         58          0          0          0         76   defsig_rtmem_inner.o
        14          0          0          0          0         80   defsig_rtmem_outer.o
        52         38          0          0          0         76   defsig_rtred_inner.o
        14          0          0          0          0         80   defsig_rtred_outer.o
        18          0          0          0          0         80   exit.o
        76          0          0          0          0         88   fclose.o
         8          0          0          0          0         68   ferror.o
       236          4          0          0          0        128   fopen.o
       248          6          0          0          0         84   fseek.o
        66          0          0          0          0         76   ftell.o
        94          0          0          0          0         80   h1_alloc.o
        52          0          0          0          0         68   h1_extend.o
        78          0          0          0          0         80   h1_free.o
        14          0          0          0          0         84   h1_init.o
         6          0          0          0          0        152   heapauxi.o
         4          0          0          0          0        136   hguard.o
         0          0          0          0          0          0   indicate_semi.o
       138          0          0          0          0        168   init_alloc.o
       312         46          0          0          0        112   initio.o
         2          0          0          0          0          0   libinit.o
        14          0          0          0          0          0   libinit2.o
         2          0          0          0          0          0   libshutdown.o
         6          0          0          0          0          0   libshutdown2.o
         8          4          0          0         96         68   libspace.o
         0          0          0          0          0          0   maybetermalloc1.o
        24          4          0          0          0         84   noretval__2printf.o
         8          4          0          0          0         68   rt_errno_addr_intlibspace.o
         8          4          0          0          0         68   rt_heap_descriptor_intlibspace.o
        68          0          0          0          0         68   rt_memclr.o
        78          0          0          0          0         80   rt_memclr_w.o
       100          0          0          0          0         80   rt_memcpy_w.o
         2          0          0          0          0          0   rtexit.o
        10          0          0          0          0          0   rtexit2.o
        70          0          0          0          0         80   setvbuf.o
       240          6          0          0          0        156   stdio.o
         0          0          0         12        252          0   stdio_streams.o
        62          0          0          0          0         76   strlen.o
        12          4          0          0          0         68   sys_exit.o
       102          0         12          0          0        240   sys_io.o
        74          0          0          0          0         80   sys_stackheap_outer.o
        14          0          0          0          0         76   sys_wrch.o
         2          0          0          0          0         68   use_no_semi.o

    ----------------------------------------------------------------------
      2808        196         14         12        348       3560   Library Totals
        12          0          2          0          0          0   (incl. Padding)

    ----------------------------------------------------------------------

      Code (inc. data)   RO Data    RW Data    ZI Data      Debug   Library Name

      2796        196         12         12        348       3560   c_w.l

    ----------------------------------------------------------------------
      2808        196         14         12        348       3560   Library Totals

    ----------------------------------------------------------------------

==============================================================================


      Code (inc. data)   RO Data    RW Data    ZI Data      Debug   

     16744        720        324        380       4204     553727   Grand Totals
     16744        720        324        212       4204     553727   ELF Image Totals (compressed)
     16744        720        324        212          0          0   ROM Totals

==============================================================================

    Total RO  Size (Code + RO Data)                17068 (  16.67kB)
    Total RW  Size (RW Data + ZI Data)              4584 (   4.48kB)
    Total ROM Size (Code + RO Data + RW Data)      17280 (  16.88kB)

==============================================================================

